Component: ARM Compiler 5.06 update 3 (build 300) Tool: armlink [4d35c9]

==============================================================================

Section Cross References

    main.o(.text) refers to delay.o(.text) for delay_init
    main.o(.text) refers to misc.o(.text) for NVIC_PriorityGroupConfig
    main.o(.text) refers to usart.o(.text) for uart_init
    main.o(.text) refers to menu.o(.text) for Init_Menue
    main.o(.text) refers to iic.o(.text) for IIC_Init
    main.o(.text) refers to fdc2214.o(.text) for FDC2214_Init
    main.o(.text) refers to key.o(.text) for KEY_Init
    main.o(.text) refers to timer.o(.text) for TIM4_Int_Init
    main.o(.text) refers to dealdate.o(.text) for InitData
    main.o(.text) refers to oled.o(.text) for OLED_Fill
    main.o(.text) refers to menu.o(.data) for firstPage
    main.o(.text) refers to main.o(.data) for gImage_school
    main.o(.text) refers to timer.o(.data) for learnTime
    main.o(.text) refers to main.o(.bss) for gameEndFlag
    system_stm32f10x.o(.text) refers to system_stm32f10x.o(.data) for SystemCoreClock
    startup_stm32f10x_hd.o(STACK) refers (Special) to heapauxi.o(.text) for __use_two_region_memory
    startup_stm32f10x_hd.o(HEAP) refers (Special) to heapauxi.o(.text) for __use_two_region_memory
    startup_stm32f10x_hd.o(RESET) refers (Special) to heapauxi.o(.text) for __use_two_region_memory
    startup_stm32f10x_hd.o(RESET) refers to startup_stm32f10x_hd.o(STACK) for __initial_sp
    startup_stm32f10x_hd.o(RESET) refers to startup_stm32f10x_hd.o(.text) for Reset_Handler
    startup_stm32f10x_hd.o(RESET) refers to stm32f10x_it.o(.text) for NMI_Handler
    startup_stm32f10x_hd.o(RESET) refers to timer.o(.text) for TIM4_IRQHandler
    startup_stm32f10x_hd.o(RESET) refers to usart.o(.text) for USART1_IRQHandler
    startup_stm32f10x_hd.o(.text) refers (Special) to heapauxi.o(.text) for __use_two_region_memory
    startup_stm32f10x_hd.o(.text) refers to system_stm32f10x.o(.text) for SystemInit
    startup_stm32f10x_hd.o(.text) refers to __main.o(!!!main) for __main
    startup_stm32f10x_hd.o(.text) refers to startup_stm32f10x_hd.o(HEAP) for Heap_Mem
    startup_stm32f10x_hd.o(.text) refers to startup_stm32f10x_hd.o(STACK) for Stack_Mem
    stm32f10x_adc.o(.text) refers to stm32f10x_rcc.o(.text) for RCC_APB2PeriphResetCmd
    stm32f10x_bkp.o(.text) refers to stm32f10x_rcc.o(.text) for RCC_BackupResetCmd
    stm32f10x_can.o(.text) refers to stm32f10x_rcc.o(.text) for RCC_APB1PeriphResetCmd
    stm32f10x_cec.o(.text) refers to stm32f10x_rcc.o(.text) for RCC_APB1PeriphResetCmd
    stm32f10x_dac.o(.text) refers to stm32f10x_rcc.o(.text) for RCC_APB1PeriphResetCmd
    stm32f10x_gpio.o(.text) refers to stm32f10x_rcc.o(.text) for RCC_APB2PeriphResetCmd
    stm32f10x_i2c.o(.text) refers to stm32f10x_rcc.o(.text) for RCC_APB1PeriphResetCmd
    stm32f10x_pwr.o(.text) refers to stm32f10x_rcc.o(.text) for RCC_APB1PeriphResetCmd
    stm32f10x_rcc.o(.text) refers to stm32f10x_rcc.o(.data) for APBAHBPrescTable
    stm32f10x_spi.o(.text) refers to stm32f10x_rcc.o(.text) for RCC_APB2PeriphResetCmd
    stm32f10x_tim.o(.text) refers to stm32f10x_rcc.o(.text) for RCC_APB2PeriphResetCmd
    stm32f10x_usart.o(.text) refers to stm32f10x_rcc.o(.text) for RCC_APB2PeriphResetCmd
    stm32f10x_wwdg.o(.text) refers to stm32f10x_rcc.o(.text) for RCC_APB1PeriphResetCmd
    delay.o(.text) refers to misc.o(.text) for SysTick_CLKSourceConfig
    delay.o(.text) refers to system_stm32f10x.o(.data) for SystemCoreClock
    delay.o(.text) refers to delay.o(.data) for fac_us
    usart.o(.text) refers (Special) to use_no_semi_2.o(.text) for __use_no_semihosting
    usart.o(.text) refers to stm32f10x_rcc.o(.text) for RCC_APB2PeriphClockCmd
    usart.o(.text) refers to stm32f10x_gpio.o(.text) for GPIO_Init
    usart.o(.text) refers to misc.o(.text) for NVIC_Init
    usart.o(.text) refers to stm32f10x_usart.o(.text) for USART_Init
    usart.o(.text) refers to usart.o(.data) for USART_RX_STA
    usart.o(.text) refers to usart.o(.bss) for USART_RX_BUF
    usart.o(.bss) refers (Special) to use_no_semi_2.o(.text) for __use_no_semihosting
    usart.o(.data) refers (Special) to use_no_semi_2.o(.text) for __use_no_semihosting
    menu.o(.text) refers to _printf_percent.o(.ARM.Collect$$_printf_percent$$00000000) for _printf_percent
    menu.o(.text) refers to _printf_d.o(.ARM.Collect$$_printf_percent$$00000009) for _printf_d
    menu.o(.text) refers to _printf_dec.o(.text) for _printf_int_dec
    menu.o(.text) refers to _printf_f.o(.ARM.Collect$$_printf_percent$$00000003) for _printf_f
    menu.o(.text) refers to printf1.o(x$fpl$printf1) for _printf_fp_dec
    menu.o(.text) refers to stack.o(.text) for Push
    menu.o(.text) refers to rt_memclr_w.o(.text) for __aeabi_memclr4
    menu.o(.text) refers to strstr.o(.text) for strstr
    menu.o(.text) refers to noretval__2sprintf.o(.text) for __2sprintf
    menu.o(.text) refers to d2f.o(x$fpl$d2f) for __aeabi_d2f
[...]
    .constdata                               0x08007d48   Section       48  cos_i.o(.constdata)
    C                                        0x08007d48   Data          48  cos_i.o(.constdata)
    .constdata                               0x08007d78   Section      200  rred.o(.constdata)
    pio2s                                    0x08007d78   Data          48  rred.o(.constdata)
    twooverpi                                0x08007da8   Data         152  rred.o(.constdata)
    .constdata                               0x08007e40   Section       40  sin_i.o(.constdata)
    S                                        0x08007e40   Data          40  sin_i.o(.constdata)
    .constdata                               0x08007e68   Section      148  bigflt0.o(.constdata)
    tenpwrs_x                                0x08007e68   Data          60  bigflt0.o(.constdata)
    tenpwrs_i                                0x08007ea4   Data          64  bigflt0.o(.constdata)
    .conststring                             0x08007efc   Section       69  menu.o(.conststring)
    locale$$data                             0x08007f64   Section       28  lc_numeric_c.o(locale$$data)
    __lcnum_c_name                           0x08007f68   Data           2  lc_numeric_c.o(locale$$data)
    __lcnum_c_start                          0x08007f70   Data           0  lc_numeric_c.o(locale$$data)
    __lcnum_c_point                          0x08007f7c   Data           0  lc_numeric_c.o(locale$$data)
    __lcnum_c_thousands                      0x08007f7e   Data           0  lc_numeric_c.o(locale$$data)
    __lcnum_c_grouping                       0x08007f7f   Data           0  lc_numeric_c.o(locale$$data)
    __lcnum_c_end                            0x08007f80   Data           0  lc_numeric_c.o(locale$$data)
    .data                                    0x20000000   Section      600  main.o(.data)
    .data                                    0x20000258   Section       20  system_stm32f10x.o(.data)
    .data                                    0x2000026c   Section       20  stm32f10x_rcc.o(.data)
    APBAHBPrescTable                         0x2000026c   Data          16  stm32f10x_rcc.o(.data)
    ADCPrescTable                            0x2000027c   Data           4  stm32f10x_rcc.o(.data)
    .data                                    0x20000280   Section        4  delay.o(.data)
    fac_us                                   0x20000280   Data           1  delay.o(.data)
    fac_ms                                   0x20000282   Data           2  delay.o(.data)
    .data                                    0x20000284   Section        6  usart.o(.data)
    .data                                    0x2000028c   Section     1920  menu.o(.data)
    .data                                    0x20000a0c   Section      448  oled.o(.data)
    .data                                    0x20000bcc   Section        4  timer.o(.data)
    .data                                    0x20000bd0   Section        4  fdc2214.o(.data)
    .data                                    0x20000bd4   Section      104  dealdate.o(.data)
    .bss                                     0x20000c3c   Section       12  main.o(.bss)
    .bss                                     0x20000c48   Section      200  usart.o(.bss)
    .bss                                     0x20000d10   Section      172  menu.o(.bss)
    .bss                                     0x20000dbc   Section     1024  oled.o(.bss)
    .bss                                     0x200011c0   Section       32  fdc2214.o(.bss)
    .bss                                     0x200011e0   Section       96  libspace.o(.bss)
    HEAP                                     0x20001240   Section      512  startup_stm32f10x_hd.o(HEAP)
    Heap_Mem                                 0x20001240   Data         512  startup_stm32f10x_hd.o(HEAP)
    STACK                                    0x20001440   Section     1024  startup_stm32f10x_hd.o(STACK)
    Stack_Mem                                0x20001440   Data        1024  startup_stm32f10x_hd.o(STACK)
    __initial_sp                             0x20001840   Data           0  startup_stm32f10x_hd.o(STACK)

    Global Symbols

    Symbol Name                              Value     Ov Type        Size  Object(Section)

    BuildAttributes$$THM_ISAv4$P$D$K$B$S$PE$A:L22UL41UL21$X:L11$S22US41US21$IEEE1$IW$USESV6$~STKCKD$USESV7$~SHL$OTIME$ROPI$IEEEX$EBA8$UX$STANDARDLIB$REQ8$PRES8$EABIv2 0x00000000   Number         0  anon$$obj.o ABSOLUTE
    __ARM_use_no_argv                        0x00000000   Number         0  main.o ABSOLUTE
    _printf_flags                            0x00000000   Number         0  printf_stubs.o ABSOLUTE
    _printf_return_value                     0x00000000   Number         0  printf_stubs.o ABSOLUTE
    _printf_sizespec                         0x00000000   Number         0  printf_stubs.o ABSOLUTE
    _printf_widthprec                        0x00000000   Number         0  printf_stubs.o ABSOLUTE
    __ARM_exceptions_init                     - Undefined Weak Reference
    __alloca_initialize                       - Undefined Weak Reference
    __arm_preinit_                            - Undefined Weak Reference
    __cpp_initialize__aeabi_                  - Undefined Weak Reference
    __cxa_finalize                            - Undefined Weak Reference
    __sigvec_lookup                           - Undefined Weak Reference
    _atexit_init                              - Undefined Weak Reference
    _call_atexit_fns                          - Undefined Weak Reference
    _clock_init                               - Undefined Weak Reference
    _fp_trap_init                             - Undefined Weak Reference
    _fp_trap_shutdown                         - Undefined Weak Reference
    _get_lc_collate                           - Undefined Weak Reference
    _get_lc_ctype                             - Undefined Weak Reference
    _get_lc_monetary                          - Undefined Weak Reference
    _get_lc_time                              - Undefined Weak Reference
    _getenv_init                              - Undefined Weak Reference
    _handle_redirection                       - Undefined Weak Reference
    _init_alloc                               - Undefined Weak Reference
    _init_user_alloc                          - Undefined Weak Reference
    _initio                                   - Undefined Weak Reference
    _printf_post_padding                      - Undefined Weak Reference
    _printf_pre_padding                       - Undefined Weak Reference
    _printf_truncate_signed                   - Undefined Weak Reference
    _printf_truncate_unsigned                 - Undefined Weak Reference
    _rand_init                                - Undefined Weak Reference
    _signal_finish                            - Undefined Weak Reference
    _signal_init                              - Undefined Weak Reference
    _terminate_alloc                          - Undefined Weak Reference
    _terminate_user_alloc                     - Undefined Weak Reference
    _terminateio                              - Undefined Weak Reference
    __Vectors_Size                           0x00000130   Number         0  startup_stm32f10x_hd.o ABSOLUTE
    __Vectors                                0x08000000   Data           4  startup_stm32f10x_hd.o(RESET)
    __Vectors_End                            0x08000130   Data           0  startup_stm32f10x_hd.o(RESET)
    __main                                   0x08000131   Thumb Code     8  __main.o(!!!main)
    __scatterload                            0x08000139   Thumb Code     0  __scatter.o(!!!scatter)
    __scatterload_rt2                        0x08000139   Thumb Code    44  __scatter.o(!!!scatter)
    __scatterload_rt2_thumb_only             0x08000139   Thumb Code     0  __scatter.o(!!!scatter)
    __scatterload_null                       0x08000147   Thumb Code     0  __scatter.o(!!!scatter)
    __decompress                             0x0800016d   Thumb Code    90  __dczerorl2.o(!!dczerorl2)
    __decompress1                            0x0800016d   Thumb Code     0  __dczerorl2.o(!!dczerorl2)
    __scatterload_zeroinit                   0x080001c9   Thumb Code    28  __scatter_zi.o(!!handler_zi)
    _printf_f                                0x080001e5   Thumb Code     0  _printf_f.o(.ARM.Collect$$_printf_percent$$00000003)
    _printf_percent                          0x080001e5   Thumb Code     0  _printf_percent.o(.ARM.Collect$$_printf_percent$$00000000)
    _printf_d                                0x080001eb   Thumb Code     0  _printf_d.o(.ARM.Collect$$_printf_percent$$00000009)
    _printf_percent_end                      0x080001f1   Thumb Code     0  _printf_percent_end.o(.ARM.Collect$$_printf_percent$$00000017)
    __rt_lib_init                            0x080001f5   Thumb Code     0  libinit.o(.ARM.Collect$$libinit$$00000000)
    __rt_lib_init_fp_1                       0x080001f7   Thumb Code     0  libinit2.o(.ARM.Collect$$libinit$$00000002)
    __rt_lib_init_heap_1                     0x080001f7   Thumb Code     0  libinit2.o(.ARM.Collect$$libinit$$0000000A)
    __rt_lib_init_lc_common                  0x080001f7   Thumb Code     0  libinit2.o(.ARM.Collect$$libinit$$0000000F)
    __rt_lib_init_preinit_1                  0x080001f7   Thumb Code     0  libinit2.o(.ARM.Collect$$libinit$$00000004)
    __rt_lib_init_rand_1                     0x080001f7   Thumb Code     0  libinit2.o(.ARM.Collect$$libinit$$0000000E)
    __rt_lib_init_user_alloc_1               0x080001f7   Thumb Code     0  libinit2.o(.ARM.Collect$$libinit$$0000000C)
    __rt_lib_init_lc_collate_1               0x080001fd   Thumb Code     0  libinit2.o(.ARM.Collect$$libinit$$00000011)
    __rt_lib_init_lc_ctype_1                 0x080001fd   Thumb Code     0  libinit2.o(.ARM.Collect$$libinit$$00000013)
    __rt_lib_init_lc_monetary_1              0x080001fd   Thumb Code     0  libinit2.o(.ARM.Collect$$libinit$$00000015)
    __rt_lib_init_lc_numeric_2               0x080001fd   Thumb Code     0  libinit2.o(.ARM.Collect$$libinit$$00000016)
    __rt_lib_init_alloca_1                   0x08000207   Thumb Code     0  libinit2.o(.ARM.Collect$$libinit$$0000002E)
    __rt_lib_init_argv_1                     0x08000207   Thumb Code     0  libinit2.o(.ARM.Collect$$libinit$$0000002C)
    __rt_lib_init_atexit_1                   0x08000207   Thumb Code     0  libinit2.o(.ARM.Collect$$libinit$$0000001B)
    __rt_lib_init_clock_1                    0x08000207   Thumb Code     0  libinit2.o(.ARM.Collect$$libinit$$00000021)
    __rt_lib_init_cpp_1                      0x08000207   Thumb Code     0  libinit2.o(.ARM.Collect$$libinit$$00000032)
    __rt_lib_init_exceptions_1               0x08000207   Thumb Code     0  libinit2.o(.ARM.Collect$$libinit$$00000030)
    __rt_lib_init_fp_trap_1                  0x08000207   Thumb Code     0  libinit2.o(.ARM.Collect$$libinit$$0000001F)
    __rt_lib_init_getenv_1                   0x08000207   Thumb Code     0  libinit2.o(.ARM.Collect$$libinit$$00000023)
    __rt_lib_init_lc_numeric_1               0x08000207   Thumb Code     0  libinit2.o(.ARM.Collect$$libinit$$00000017)
    __rt_lib_init_lc_time_1                  0x08000207   Thumb Code     0  libinit2.o(.ARM.Collect$$libinit$$00000019)
    __rt_lib_init_return                     0x08000207   Thumb Code     0  libinit2.o(.ARM.Collect$$libinit$$00000033)
    __rt_lib_init_signal_1                   0x08000207   Thumb Code     0  libinit2.o(.ARM.Collect$$libinit$$0000001D)
    __rt_lib_init_stdio_1                    0x08000207   Thumb Code     0  libinit2.o(.ARM.Collect$$libinit$$00000025)
    __rt_lib_shutdown                        0x08000209   Thumb Code     0  libshutdown.o(.ARM.Collect$$libshutdown$$00000000)
    __rt_lib_shutdown_cpp_1                  0x0800020b   Thumb Code     0  libshutdown2.o(.ARM.Collect$$libshutdown$$00000002)
    __rt_lib_shutdown_fp_trap_1              0x0800020b   Thumb Code     0  libshutdown2.o(.ARM.Collect$$libshutdown$$00000007)
    __rt_lib_shutdown_heap_1                 0x0800020b   Thumb Code     0  libshutdown2.o(.ARM.Collect$$libshutdown$$0000000F)
    __rt_lib_shutdown_return                 0x0800020b   Thumb Code     0  libshutdown2.o(.ARM.Collect$$libshutdown$$00000010)
    __rt_lib_shutdown_signal_1               0x0800020b   Thumb Code     0  libshutdown2.o(.ARM.Collect$$libshutdown$$0000000A)
    __rt_lib_shutdown_stdio_1                0x0800020b   Thumb Code     0  libshutdown2.o(.ARM.Collect$$libshutdown$$00000004)
    __rt_lib_shutdown_user_alloc_1           0x0800020b   Thumb Code     0  libshutdown2.o(.ARM.Collect$$libshutdown$$0000000C)
    __rt_entry                               0x0800020d   Thumb Code     0  __rtentry.o(.ARM.Collect$$rtentry$$00000000)
    __rt_entry_presh_1                       0x0800020d   Thumb Code     0  __rtentry2.o(.ARM.Collect$$rtentry$$00000002)
    __rt_entry_sh                            0x0800020d   Thumb Code     0  __rtentry4.o(.ARM.Collect$$rtentry$$00000004)
    __rt_entry_li                            0x08000213   Thumb Code     0  __rtentry2.o(.ARM.Collect$$rtentry$$0000000A)
    __rt_entry_postsh_1                      0x08000213   Thumb Code     0  __rtentry2.o(.ARM.Collect$$rtentry$$00000009)
    __rt_entry_main                          0x08000217   Thumb Code     0  __rtentry2.o(.ARM.Collect$$rtentry$$0000000D)
    __rt_entry_postli_1                      0x08000217   Thumb Code     0  __rtentry2.o(.ARM.Collect$$rtentry$$0000000C)
    __rt_exit                                0x0800021f   Thumb Code     0  rtexit.o(.ARM.Collect$$rtexit$$00000000)
    __rt_exit_ls                             0x08000221   Thumb Code     0  rtexit2.o(.ARM.Collect$$rtexit$$00000003)
    __rt_exit_prels_1                        0x08000221   Thumb Code     0  rtexit2.o(.ARM.Collect$$rtexit$$00000002)
    __rt_exit_exit                           0x08000225   Thumb Code     0  rtexit2.o(.ARM.Collect$$rtexit$$00000004)
    main                                     0x0800022d   Thumb Code   478  main.o(.text)
    NMI_Handler                              0x08000455   Thumb Code     2  stm32f10x_it.o(.text)
    HardFault_Handler                        0x08000457   Thumb Code     4  stm32f10x_it.o(.text)
    MemManage_Handler                        0x0800045b   Thumb Code     4  stm32f10x_it.o(.text)
    BusFault_Handler                         0x0800045f   Thumb Code     4  stm32f10x_it.o(.text)
    UsageFault_Handler                       0x08000463   Thumb Code     4  stm32f10x_it.o(.text)
    SVC_Handler                              0x08000467   Thumb Code     2  stm32f10x_it.o(.text)
    DebugMon_Handler                         0x08000469   Thumb Code     2  stm32f10x_it.o(.text)
    PendSV_Handler                           0x0800046b   Thumb Code     2  stm32f10x_it.o(.text)
    SysTick_Handler                          0x0800046d   Thumb Code     2  stm32f10x_it.o(.text)
    SystemInit                               0x0800054f   Thumb Code    78  system_stm32f10x.o(.text)
    SystemCoreClockUpdate                    0x0800059d   Thumb Code   142  system_stm32f10x.o(.text)
    Reset_Handler                            0x08000651   Thumb Code     8  startup_stm32f10x_hd.o(.text)
    ADC1_2_IRQHandler                        0x0800066b   Thumb Code     0  startup_stm32f10x_hd.o(.text)
    ADC3_IRQHandler                          0x0800066b   Thumb Code     0  startup_stm32f10x_hd.o(.text)
    CAN1_RX1_IRQHandler                      0x0800066b   Thumb Code     0  startup_stm32f10x_hd.o(.text)
    CAN1_SCE_IRQHandler                      0x0800066b   Thumb Code     0  startup_stm32f10x_hd.o(.text)
    DMA1_Channel1_IRQHandler                 0x0800066b   Thumb Code     0  startup_stm32f10x_hd.o(.text)
    DMA1_Channel2_IRQHandler                 0x0800066b   Thumb Code     0  startup_stm32f10x_hd.o(.text)
    DMA1_Channel3_IRQHandler                 0x0800066b   Thumb Code     0  startup_stm32f10x_hd.o(.text)
    DMA1_Channel4_IRQHandler                 0x0800066b   Thumb Code     0  startup_stm32f10x_hd.o(.text)
    DMA1_Channel5_IRQHandler                 0x0800066b   Thumb Code     0  startup_stm32f10x_hd.o(.text)
    DMA1_Channel6_IRQHandler                 0x0800066b   Thumb Code     0  startup_stm32f10x_hd.o(.text)
    DMA1_Channel7_IRQHandler                 0x0800066b   Thumb Code     0  startup_stm32f10x_hd.o(.text)
    DMA2_Channel1_IRQHandler                 0x0800066b   Thumb Code     0  startup_stm32f10x_hd.o(.text)
    DMA2_Channel2_IRQHandler                 0x0800066b   Thumb Code     0  startup_stm32f10x_hd.o(.text)
    DMA2_Channel3_IRQHandler                 0x0800066b   Thumb Code     0  startup_stm32f10x_hd.o(.text)
    DMA2_Channel4_5_IRQHandler               0x0800066b   Thumb Code     0  startup_stm32f10x_hd.o(.text)
    EXTI0_IRQHandler                         0x0800066b   Thumb Code     0  startup_stm32f10x_hd.o(.text)
    EXTI15_10_IRQHandler                     0x0800066b   Thumb Code     0  startup_stm32f10x_hd.o(.text)
    EXTI1_IRQHandler                         0x0800066b   Thumb Code     0  startup_stm32f10x_hd.o(.text)
    EXTI2_IRQHandler                         0x0800066b   Thumb Code     0  startup_stm32f10x_hd.o(.text)
    EXTI3_IRQHandler                         0x0800066b   Thumb Code     0  startup_stm32f10x_hd.o(.text)
    EXTI4_IRQHandler                         0x0800066b   Thumb Code     0  startup_stm32f10x_hd.o(.text)
    EXTI9_5_IRQHandler                       0x0800066b   Thumb Code     0  startup_stm32f10x_hd.o(.text)
    FLASH_IRQHandler                         0x0800066b   Thumb Code     0  startup_stm32f10x_hd.o(.text)
    FSMC_IRQHandler                          0x0800066b   Thumb Code     0  startup_stm32f10x_hd.o(.text)
    I2C1_ER_IRQHandler                       0x0800066b   Thumb Code     0  startup_stm32f10x_hd.o(.text)
    I2C1_EV_IRQHandler                       0x0800066b   Thumb Code     0  startup_stm32f10x_hd.o(.text)
    I2C2_ER_IRQHandler                       0x0800066b   Thumb Code     0  startup_stm32f10x_hd.o(.text)
    I2C2_EV_IRQHandler                       0x0800066b   Thumb Code     0  startup_stm32f10x_hd.o(.text)
    PVD_IRQHandler                           0x0800066b   Thumb Code     0  startup_stm32f10x_hd.o(.text)
    RCC_IRQHandler                           0x0800066b   Thumb Code     0  startup_stm32f10x_hd.o(.text)
    RTCAlarm_IRQHandler                      0x0800066b   Thumb Code     0  startup_stm32f10x_hd.o(.text)
    RTC_IRQHandler                           0x0800066b   Thumb Code     0  startup_stm32f10x_hd.o(.text)
    SDIO_IRQHandler                          0x0800066b   Thumb Code     0  startup_stm32f10x_hd.o(.text)
    SPI1_IRQHandler                          0x0800066b   Thumb Code     0  startup_stm32f10x_hd.o(.text)
    SPI2_IRQHandler                          0x0800066b   Thumb Code     0  startup_stm32f10x_hd.o(.text)
    SPI3_IRQHandler                          0x0800066b   Thumb Code     0  startup_stm32f10x_hd.o(.text)
    TAMPER_IRQHandler                        0x0800066b   Thumb Code     0  startup_stm32f10x_hd.o(.text)
    TIM1_BRK_IRQHandler                      0x0800066b   Thumb Code     0  startup_stm32f10x_hd.o(.text)
    TIM1_CC_IRQHandler                       0x0800066b   Thumb Code     0  startup_stm32f10x_hd.o(.text)
    TIM1_TRG_COM_IRQHandler                  0x0800066b   Thumb Code     0  startup_stm32f10x_hd.o(.text)
    TIM1_UP_IRQHandler                       0x0800066b   Thumb Code     0  startup_stm32f10x_hd.o(.text)
    TIM2_IRQHandler                          0x0800066b   Thumb Code     0  startup_stm32f10x_hd.o(.text)
    TIM3_IRQHandler                          0x0800066b   Thumb Code     0  startup_stm32f10x_hd.o(.text)
    TIM5_IRQHandler                          0x0800066b   Thumb Code     0  startup_stm32f10x_hd.o(.text)
    TIM6_IRQHandler                          0x0800066b   Thumb Code     0  startup_stm32f10x_hd.o(.text)
    TIM7_IRQHandler                          0x0800066b   Thumb Code     0  startup_stm32f10x_hd.o(.text)
    TIM8_BRK_IRQHandler                      0x0800066b   Thumb Code     0  startup_stm32f10x_hd.o(.text)
    TIM8_CC_IRQHandler                       0x0800066b   Thumb Code     0  startup_stm32f10x_hd.o(.text)
    TIM8_TRG_COM_IRQHandler                  0x0800066b   Thumb Code     0  startup_stm32f10x_hd.o(.text)
    TIM8_UP_IRQHandler                       0x0800066b   Thumb Code     0  startup_stm32f10x_hd.o(.text)
    UART4_IRQHandler                         0x0800066b   Thumb Code     0  startup_stm32f10x_hd.o(.text)
    UART5_IRQHandler                         0x0800066b   Thumb Code     0  startup_stm32f10x_hd.o(.text)
    USART2_IRQHandler                        0x0800066b   Thumb Code     0  startup_stm32f10x_hd.o(.text)
    USART3_IRQHandler                        0x0800066b   Thumb Code     0  startup_stm32f10x_hd.o(.text)
    USBWakeUp_IRQHandler                     0x0800066b   Thumb Code     0  startup_stm32f10x_hd.o(.text)
    USB_HP_CAN1_TX_IRQHandler                0x0800066b   Thumb Code     0  startup_stm32f10x_hd.o(.text)
    USB_LP_CAN1_RX0_IRQHandler               0x0800066b   Thumb Code     0  startup_stm32f10x_hd.o(.text)
    WWDG_IRQHandler                          0x0800066b   Thumb Code     0  startup_stm32f10x_hd.o(.text)
    __user_initial_stackheap                 0x0800066d   Thumb Code     0  startup_stm32f10x_hd.o(.text)
    NVIC_PriorityGroupConfig                 0x08000691   Thumb Code    10  misc.o(.text)
    NVIC_Init                                0x0800069b   Thumb Code   100  misc.o(.text)
    NVIC_SetVectorTable                      0x080006ff   Thumb Code    14  misc.o(.text)
    NVIC_SystemLPConfig                      0x0800070d   Thumb Code    34  misc.o(.text)
    SysTick_CLKSourceConfig                  0x0800072f   Thumb Code    40  misc.o(.text)
    GPIO_DeInit                              0x0800076d   Thumb Code   172  stm32f10x_gpio.o(.text)
    GPIO_AFIODeInit                          0x08000819   Thumb Code    20  stm32f10x_gpio.o(.text)
    GPIO_Init                                0x0800082d   Thumb Code   278  stm32f10x_gpio.o(.text)
    GPIO_StructInit                          0x08000943   Thumb Code    16  stm32f10x_gpio.o(.text)
    GPIO_ReadInputDataBit                    0x08000953   Thumb Code    18  stm32f10x_gpio.o(.text)
    GPIO_ReadInputData                       0x08000965   Thumb Code     8  stm32f10x_gpio.o(.text)
    GPIO_ReadOutputDataBit                   0x0800096d   Thumb Code    18  stm32f10x_gpio.o(.text)
    GPIO_ReadOutputData                      0x0800097f   Thumb Code     8  stm32f10x_gpio.o(.text)
    GPIO_SetBits                             0x08000987   Thumb Code     4  stm32f10x_gpio.o(.text)
    GPIO_ResetBits                           0x0800098b   Thumb Code     4  stm32f10x_gpio.o(.text)
    GPIO_WriteBit                            0x0800098f   Thumb Code    10  stm32f10x_gpio.o(.text)
    GPIO_Write                               0x08000999   Thumb Code     4  stm32f10x_gpio.o(.text)
    GPIO_PinLockConfig                       0x0800099d   Thumb Code    18  stm32f10x_gpio.o(.text)
    GPIO_EventOutputConfig                   0x080009af   Thumb Code    26  stm32f10x_gpio.o(.text)
    GPIO_EventOutputCmd                      0x080009c9   Thumb Code     6  stm32f10x_gpio.o(.text)
    GPIO_PinRemapConfig                      0x080009cf   Thumb Code   138  stm32f10x_gpio.o(.text)
    GPIO_EXTILineConfig                      0x08000a59   Thumb Code    66  stm32f10x_gpio.o(.text)
    GPIO_ETH_MediaInterfaceConfig            0x08000a9b   Thumb Code     8  stm32f10x_gpio.o(.text)
    RCC_DeInit                               0x08000ac9   Thumb Code    64  stm32f10x_rcc.o(.text)
    RCC_HSEConfig                            0x08000b09   Thumb Code    70  stm32f10x_rcc.o(.text)
    RCC_GetFlagStatus                        0x08000b4f   Thumb Code    56  stm32f10x_rcc.o(.text)
    RCC_WaitForHSEStartUp                    0x08000b87   Thumb Code    56  stm32f10x_rcc.o(.text)
    RCC_AdjustHSICalibrationValue            0x08000bbf   Thumb Code    20  stm32f10x_rcc.o(.text)
    RCC_HSICmd                               0x08000bd3   Thumb Code     6  stm32f10x_rcc.o(.text)
    RCC_PLLConfig                            0x08000bd9   Thumb Code    24  stm32f10x_rcc.o(.text)
    RCC_PLLCmd                               0x08000bf1   Thumb Code     6  stm32f10x_rcc.o(.text)
    RCC_SYSCLKConfig                         0x08000bf7   Thumb Code    18  stm32f10x_rcc.o(.text)
    RCC_GetSYSCLKSource                      0x08000c09   Thumb Code    10  stm32f10x_rcc.o(.text)
    RCC_HCLKConfig                           0x08000c13   Thumb Code    18  stm32f10x_rcc.o(.text)
    RCC_PCLK1Config                          0x08000c25   Thumb Code    18  stm32f10x_rcc.o(.text)
    RCC_PCLK2Config                          0x08000c37   Thumb Code    20  stm32f10x_rcc.o(.text)
    RCC_ITConfig                             0x08000c4b   Thumb Code    26  stm32f10x_rcc.o(.text)
    RCC_USBCLKConfig                         0x08000c65   Thumb Code     8  stm32f10x_rcc.o(.text)
    RCC_ADCCLKConfig                         0x08000c6d   Thumb Code    18  stm32f10x_rcc.o(.text)
    RCC_LSEConfig                            0x08000c7f   Thumb Code    50  stm32f10x_rcc.o(.text)
    RCC_LSICmd                               0x08000cb1   Thumb Code     6  stm32f10x_rcc.o(.text)
    RCC_RTCCLKConfig                         0x08000cb7   Thumb Code    12  stm32f10x_rcc.o(.text)
    RCC_RTCCLKCmd                            0x08000cc3   Thumb Code     8  stm32f10x_rcc.o(.text)
    RCC_GetClocksFreq                        0x08000ccb   Thumb Code   192  stm32f10x_rcc.o(.text)
    RCC_AHBPeriphClockCmd                    0x08000d8b   Thumb Code    26  stm32f10x_rcc.o(.text)
    RCC_APB2PeriphClockCmd                   0x08000da5   Thumb Code    26  stm32f10x_rcc.o(.text)
    RCC_APB1PeriphClockCmd                   0x08000dbf   Thumb Code    26  stm32f10x_rcc.o(.text)
    RCC_APB2PeriphResetCmd                   0x08000dd9   Thumb Code    26  stm32f10x_rcc.o(.text)
    RCC_APB1PeriphResetCmd                   0x08000df3   Thumb Code    26  stm32f10x_rcc.o(.text)
    RCC_BackupResetCmd                       0x08000e0d   Thumb Code     8  stm32f10x_rcc.o(.text)
    RCC_ClockSecuritySystemCmd               0x08000e15   Thumb Code     6  stm32f10x_rcc.o(.text)
    RCC_MCOConfig                            0x08000e1b   Thumb Code     6  stm32f10x_rcc.o(.text)
    RCC_ClearFlag                            0x08000e21   Thumb Code    14  stm32f10x_rcc.o(.text)
    RCC_GetITStatus                          0x08000e2f   Thumb Code    20  stm32f10x_rcc.o(.text)
    RCC_ClearITPendingBit                    0x08000e43   Thumb Code     6  stm32f10x_rcc.o(.text)
    TIM_DeInit                               0x08000e6d   Thumb Code   424  stm32f10x_tim.o(.text)
    TIM_TimeBaseInit                         0x08001015   Thumb Code   122  stm32f10x_tim.o(.text)
    TIM_OC1Init                              0x0800108f   Thumb Code   132  stm32f10x_tim.o(.text)
    TIM_OC2Init                              0x08001113   Thumb Code   154  stm32f10x_tim.o(.text)
    TIM_OC3Init                              0x080011ad   Thumb Code   150  stm32f10x_tim.o(.text)
    TIM_OC4Init                              0x08001243   Thumb Code   182  stm32f10x_tim.o(.text)
    TIM_SetIC4Prescaler                      0x080012f9   Thumb Code    26  stm32f10x_tim.o(.text)
    TIM_SetIC3Prescaler                      0x08001395   Thumb Code    18  stm32f10x_tim.o(.text)
    TIM_SetIC2Prescaler                      0x08001421   Thumb Code    26  stm32f10x_tim.o(.text)
    TIM_SetIC1Prescaler                      0x080014bd   Thumb Code    18  stm32f10x_tim.o(.text)
    TIM_ICInit                               0x0800153b   Thumb Code   150  stm32f10x_tim.o(.text)
    TIM_PWMIConfig                           0x080015d1   Thumb Code   124  stm32f10x_tim.o(.text)
    TIM_BDTRConfig                           0x0800164d   Thumb Code    32  stm32f10x_tim.o(.text)
    TIM_TimeBaseStructInit                   0x0800166d   Thumb Code    18  stm32f10x_tim.o(.text)
    TIM_OCStructInit                         0x0800167f   Thumb Code    20  stm32f10x_tim.o(.text)
    TIM_ICStructInit                         0x08001693   Thumb Code    18  stm32f10x_tim.o(.text)
    TIM_BDTRStructInit                       0x080016a5   Thumb Code    40  stm32f10x_tim.o(.text)
    TIM_Cmd                                  0x080016cd   Thumb Code    24  stm32f10x_tim.o(.text)
    TIM_CtrlPWMOutputs                       0x080016e5   Thumb Code    30  stm32f10x_tim.o(.text)
    TIM_ITConfig                             0x08001703   Thumb Code    18  stm32f10x_tim.o(.text)
    TIM_GenerateEvent                        0x08001715   Thumb Code     4  stm32f10x_tim.o(.text)
    TIM_DMAConfig                            0x08001719   Thumb Code    10  stm32f10x_tim.o(.text)
    TIM_DMACmd                               0x08001723   Thumb Code    18  stm32f10x_tim.o(.text)
    TIM_InternalClockConfig                  0x08001735   Thumb Code    12  stm32f10x_tim.o(.text)
    TIM_SelectInputTrigger                   0x08001741   Thumb Code    18  stm32f10x_tim.o(.text)
    TIM_ITRxExternalClockConfig              0x08001753   Thumb Code    24  stm32f10x_tim.o(.text)
    TIM_TIxExternalClockConfig               0x0800176b   Thumb Code    62  stm32f10x_tim.o(.text)
    TIM_ETRConfig                            0x080017a9   Thumb Code    28  stm32f10x_tim.o(.text)
    TIM_ETRClockMode1Config                  0x080017c5   Thumb Code    54  stm32f10x_tim.o(.text)
    TIM_ETRClockMode2Config                  0x080017fb   Thumb Code    32  stm32f10x_tim.o(.text)
    TIM_PrescalerConfig                      0x0800181b   Thumb Code     6  stm32f10x_tim.o(.text)
    TIM_CounterModeConfig                    0x08001821   Thumb Code    18  stm32f10x_tim.o(.text)
    TIM_EncoderInterfaceConfig               0x08001833   Thumb Code    66  stm32f10x_tim.o(.text)
    TIM_ForcedOC1Config                      0x08001875   Thumb Code    18  stm32f10x_tim.o(.text)
    TIM_ForcedOC2Config                      0x08001887   Thumb Code    26  stm32f10x_tim.o(.text)
    TIM_ForcedOC3Config                      0x080018a1   Thumb Code    18  stm32f10x_tim.o(.text)
    TIM_ForcedOC4Config                      0x080018b3   Thumb Code    26  stm32f10x_tim.o(.text)
    TIM_ARRPreloadConfig                     0x080018cd   Thumb Code    24  stm32f10x_tim.o(.text)
    TIM_SelectCOM                            0x080018e5   Thumb Code    24  stm32f10x_tim.o(.text)
    TIM_SelectCCDMA                          0x080018fd   Thumb Code    24  stm32f10x_tim.o(.text)
    TIM_CCPreloadControl                     0x08001915   Thumb Code    24  stm32f10x_tim.o(.text)
    TIM_OC1PreloadConfig                     0x0800192d   Thumb Code    18  stm32f10x_tim.o(.text)
    TIM_OC2PreloadConfig                     0x0800193f   Thumb Code    26  stm32f10x_tim.o(.text)
    TIM_OC3PreloadConfig                     0x08001959   Thumb Code    18  stm32f10x_tim.o(.text)
    TIM_OC4PreloadConfig                     0x0800196b   Thumb Code    26  stm32f10x_tim.o(.text)
    TIM_OC1FastConfig                        0x08001985   Thumb Code    18  stm32f10x_tim.o(.text)
    TIM_OC2FastConfig                        0x08001997   Thumb Code    26  stm32f10x_tim.o(.text)
    TIM_OC3FastConfig                        0x080019b1   Thumb Code    18  stm32f10x_tim.o(.text)
    TIM_OC4FastConfig                        0x080019c3   Thumb Code    26  stm32f10x_tim.o(.text)
    TIM_ClearOC1Ref                          0x080019dd   Thumb Code    18  stm32f10x_tim.o(.text)
    TIM_ClearOC2Ref                          0x080019ef   Thumb Code    24  stm32f10x_tim.o(.text)
    TIM_ClearOC3Ref                          0x08001a07   Thumb Code    18  stm32f10x_tim.o(.text)
    TIM_ClearOC4Ref                          0x08001a19   Thumb Code    24  stm32f10x_tim.o(.text)
    TIM_OC1PolarityConfig                    0x08001a31   Thumb Code    18  stm32f10x_tim.o(.text)
    TIM_OC1NPolarityConfig                   0x08001a43   Thumb Code    18  stm32f10x_tim.o(.text)
    TIM_OC2PolarityConfig                    0x08001a55   Thumb Code    26  stm32f10x_tim.o(.text)
    TIM_OC2NPolarityConfig                   0x08001a6f   Thumb Code    26  stm32f10x_tim.o(.text)
    TIM_OC3PolarityConfig                    0x08001a89   Thumb Code    26  stm32f10x_tim.o(.text)
    TIM_OC3NPolarityConfig                   0x08001aa3   Thumb Code    26  stm32f10x_tim.o(.text)
    TIM_OC4PolarityConfig                    0x08001abd   Thumb Code    26  stm32f10x_tim.o(.text)
    TIM_CCxCmd                               0x08001ad7   Thumb Code    30  stm32f10x_tim.o(.text)
    TIM_CCxNCmd                              0x08001af5   Thumb Code    30  stm32f10x_tim.o(.text)
    TIM_SelectOCxM                           0x08001b13   Thumb Code    82  stm32f10x_tim.o(.text)
    TIM_UpdateDisableConfig                  0x08001b65   Thumb Code    24  stm32f10x_tim.o(.text)
    TIM_UpdateRequestConfig                  0x08001b7d   Thumb Code    24  stm32f10x_tim.o(.text)
    TIM_SelectHallSensor                     0x08001b95   Thumb Code    24  stm32f10x_tim.o(.text)
    TIM_SelectOnePulseMode                   0x08001bad   Thumb Code    18  stm32f10x_tim.o(.text)
    TIM_SelectOutputTrigger                  0x08001bbf   Thumb Code    18  stm32f10x_tim.o(.text)
    TIM_SelectSlaveMode                      0x08001bd1   Thumb Code    18  stm32f10x_tim.o(.text)
    TIM_SelectMasterSlaveMode                0x08001be3   Thumb Code    18  stm32f10x_tim.o(.text)
    TIM_SetCounter                           0x08001bf5   Thumb Code     4  stm32f10x_tim.o(.text)
    TIM_SetAutoreload                        0x08001bf9   Thumb Code     4  stm32f10x_tim.o(.text)
    TIM_SetCompare1                          0x08001bfd   Thumb Code     4  stm32f10x_tim.o(.text)
    TIM_SetCompare2                          0x08001c01   Thumb Code     4  stm32f10x_tim.o(.text)
    TIM_SetCompare3                          0x08001c05   Thumb Code     4  stm32f10x_tim.o(.text)
    TIM_SetCompare4                          0x08001c09   Thumb Code     6  stm32f10x_tim.o(.text)
    TIM_SetClockDivision                     0x08001c0f   Thumb Code    18  stm32f10x_tim.o(.text)
    TIM_GetCapture1                          0x08001c21   Thumb Code     6  stm32f10x_tim.o(.text)
    TIM_GetCapture2                          0x08001c27   Thumb Code     6  stm32f10x_tim.o(.text)
    TIM_GetCapture3                          0x08001c2d   Thumb Code     6  stm32f10x_tim.o(.text)
    TIM_GetCapture4                          0x08001c33   Thumb Code     8  stm32f10x_tim.o(.text)
    TIM_GetCounter                           0x08001c3b   Thumb Code     6  stm32f10x_tim.o(.text)
    TIM_GetPrescaler                         0x08001c41   Thumb Code     6  stm32f10x_tim.o(.text)
    TIM_GetFlagStatus                        0x08001c47   Thumb Code    18  stm32f10x_tim.o(.text)
    TIM_ClearFlag                            0x08001c59   Thumb Code     6  stm32f10x_tim.o(.text)
    TIM_GetITStatus                          0x08001c5f   Thumb Code    34  stm32f10x_tim.o(.text)
    TIM_ClearITPendingBit                    0x08001c81   Thumb Code     6  stm32f10x_tim.o(.text)
    USART_DeInit                             0x08001c89   Thumb Code   134  stm32f10x_usart.o(.text)
    USART_Init                               0x08001d0f   Thumb Code   210  stm32f10x_usart.o(.text)
    USART_StructInit                         0x08001de1   Thumb Code    24  stm32f10x_usart.o(.text)
    USART_ClockInit                          0x08001df9   Thumb Code    34  stm32f10x_usart.o(.text)
    USART_ClockStructInit                    0x08001e1b   Thumb Code    12  stm32f10x_usart.o(.text)
    USART_Cmd                                0x08001e27   Thumb Code    24  stm32f10x_usart.o(.text)
    USART_ITConfig                           0x08001e3f   Thumb Code    74  stm32f10x_usart.o(.text)
    USART_DMACmd                             0x08001e89   Thumb Code    18  stm32f10x_usart.o(.text)
    USART_SetAddress                         0x08001e9b   Thumb Code    18  stm32f10x_usart.o(.text)
    USART_WakeUpConfig                       0x08001ead   Thumb Code    18  stm32f10x_usart.o(.text)
    USART_ReceiverWakeUpCmd                  0x08001ebf   Thumb Code    24  stm32f10x_usart.o(.text)
    USART_LINBreakDetectLengthConfig         0x08001ed7   Thumb Code    18  stm32f10x_usart.o(.text)
    USART_LINCmd                             0x08001ee9   Thumb Code    24  stm32f10x_usart.o(.text)
    USART_SendData                           0x08001f01   Thumb Code     8  stm32f10x_usart.o(.text)
    USART_ReceiveData                        0x08001f09   Thumb Code    10  stm32f10x_usart.o(.text)
    USART_SendBreak                          0x08001f13   Thumb Code    10  stm32f10x_usart.o(.text)
    USART_SetGuardTime                       0x08001f1d   Thumb Code    16  stm32f10x_usart.o(.text)
    USART_SetPrescaler                       0x08001f2d   Thumb Code    16  stm32f10x_usart.o(.text)
    USART_SmartCardCmd                       0x08001f3d   Thumb Code    24  stm32f10x_usart.o(.text)
    USART_SmartCardNACKCmd                   0x08001f55   Thumb Code    24  stm32f10x_usart.o(.text)
    USART_HalfDuplexCmd                      0x08001f6d   Thumb Code    24  stm32f10x_usart.o(.text)
    USART_OverSampling8Cmd                   0x08001f85   Thumb Code    22  stm32f10x_usart.o(.text)
    USART_OneBitMethodCmd                    0x08001f9b   Thumb Code    24  stm32f10x_usart.o(.text)
    USART_IrDAConfig                         0x08001fb3   Thumb Code    18  stm32f10x_usart.o(.text)
    USART_IrDACmd                            0x08001fc5   Thumb Code    24  stm32f10x_usart.o(.text)
    USART_GetFlagStatus                      0x08001fdd   Thumb Code    26  stm32f10x_usart.o(.text)
    USART_ClearFlag                          0x08001ff7   Thumb Code    18  stm32f10x_usart.o(.text)
    USART_GetITStatus                        0x08002009   Thumb Code    84  stm32f10x_usart.o(.text)
    USART_ClearITPendingBit                  0x0800205d   Thumb Code    52  stm32f10x_usart.o(.text)
    delay_init                               0x08002091   Thumb Code    50  delay.o(.text)
    delay_us                                 0x080020c3   Thumb Code    72  delay.o(.text)
    delay_ms                                 0x0800210b   Thumb Code    72  delay.o(.text)
    _sys_exit                                0x08002165   Thumb Code     6  usart.o(.text)
    fputc                                    0x0800216b   Thumb Code    24  usart.o(.text)
    uart_init                                0x08002183   Thumb Code   152  usart.o(.text)
    USART1_IRQHandler                        0x0800221b   Thumb Code   122  usart.o(.text)
    Change_Page                              0x080022a5   Thumb Code    68  menu.o(.text)
    CountLine                                0x080022e9   Thumb Code    12  menu.o(.text)
    StringCopy                               0x080022f5   Thumb Code    24  menu.o(.text)
    CanShow                                  0x0800230d   Thumb Code    26  menu.o(.text)
    Show_Text                                0x08002327   Thumb Code   220  menu.o(.text)
    Draw_course                              0x08002403   Thumb Code    24  menu.o(.text)
    Draw_line                                0x0800241b   Thumb Code   290  menu.o(.text)
    Get_key                                  0x0800253d   Thumb Code   214  menu.o(.text)
    Set_Courese                              0x08002613   Thumb Code   282  menu.o(.text)
    _firstPage                               0x0800272d   Thumb Code    96  menu.o(.text)
    Draw_Picture                             0x0800278d   Thumb Code   124  menu.o(.text)
    Change_Data                              0x08002809   Thumb Code    48  menu.o(.text)
    _mode1Page                               0x08002839   Thumb Code   198  menu.o(.text)
    _mode2Page                               0x080028ff   Thumb Code   246  menu.o(.text)
    Draw_Rectangle                           0x080029f5   Thumb Code   184  menu.o(.text)
    _mode3Page                               0x08002aad   Thumb Code   552  menu.o(.text)
    _mode4Page                               0x08002cd5   Thumb Code   348  menu.o(.text)
    _gamePage                                0x08002e31   Thumb Code   292  menu.o(.text)
    Menue_Show                               0x08002f55   Thumb Code    20  menu.o(.text)
    Init_Menue                               0x08002f69   Thumb Code    32  menu.o(.text)
    KeyNumGet                                0x08002f89   Thumb Code    14  menu.o(.text)
    Draw_Circle                              0x08002f97   Thumb Code   430  menu.o(.text)
    IsEmpty                                  0x08003155   Thumb Code    44  queue.o(.text)
    IQueue                                   0x08003181   Thumb Code    62  queue.o(.text)
    OQueue                                   0x080031bf   Thumb Code    66  queue.o(.text)
    StackIsEmpty                             0x08003201   Thumb Code    18  stack.o(.text)
    Push                                     0x08003213   Thumb Code    68  stack.o(.text)
    Pop                                      0x08003257   Thumb Code    84  stack.o(.text)
    OLED_WR_Byte                             0x080032ad   Thumb Code   116  oled.o(.text)
    OLED_WR_Byte2                            0x08003321   Thumb Code   116  oled.o(.text)
    OLED_Set_Pos                             0x08003395   Thumb Code    46  oled.o(.text)
    OLED_Display_On                          0x080033c3   Thumb Code    28  oled.o(.text)
    OLED_Display_Off                         0x080033df   Thumb Code    28  oled.o(.text)
    OLED_Clear                               0x080033fb   Thumb Code    64  oled.o(.text)
    OLED_Fill                                0x0800343b   Thumb Code    14  oled.o(.text)
    OLED_DrawPoint                           0x08003449   Thumb Code   100  oled.o(.text)
    OLED_Refresh_Gram                        0x080034ad   Thumb Code    70  oled.o(.text)
    OLED_ShowChar                            0x080034f3   Thumb Code    66  oled.o(.text)
    oled_pow                                 0x08003535   Thumb Code    22  oled.o(.text)
    OLED_ShowNum                             0x0800354b   Thumb Code   132  oled.o(.text)
    OLED_ShowString                          0x080035cf   Thumb Code    48  oled.o(.text)
    OLED_ShowCHinese                         0x080035ff   Thumb Code    98  oled.o(.text)
    OLED_DrawBMP                             0x08003661   Thumb Code   136  oled.o(.text)
    OLED_Init                                0x080036e9   Thumb Code   326  oled.o(.text)
    KEY_Init                                 0x08003835   Thumb Code    34  key.o(.text)
    KEY_Scan                                 0x08003857   Thumb Code   182  key.o(.text)
    TIM4_Int_Init                            0x08003911   Thumb Code    90  timer.o(.text)
    TIM4_IRQHandler                          0x0800396b   Thumb Code    32  timer.o(.text)
    FDC2214_Write16                          0x08003995   Thumb Code    60  fdc2214.o(.text)
    FDC2214_Read16                           0x080039d1   Thumb Code    76  fdc2214.o(.text)
    FDC2214_GetChannelData                   0x08003a1d   Thumb Code   146  fdc2214.o(.text)
    FDC2214_SetRcount                        0x08003aaf   Thumb Code    82  fdc2214.o(.text)
    FDC2214_SetSettleCount                   0x08003b01   Thumb Code    74  fdc2214.o(.text)
    FDC2214_SetChannelClock                  0x08003b4b   Thumb Code   132  fdc2214.o(.text)
    FDC2214_SetINTB                          0x08003bcf   Thumb Code    72  fdc2214.o(.text)
    FDC2214_SetActiveChannel                 0x08003c17   Thumb Code    42  fdc2214.o(.text)
    FDC2214_SetSleepMode                     0x08003c41   Thumb Code    40  fdc2214.o(.text)
    FDC2214_SetCurrentMode                   0x08003c69   Thumb Code    40  fdc2214.o(.text)
    FDC2214_SetClockSource                   0x08003c91   Thumb Code    40  fdc2214.o(.text)
    FDC2214_SetHighCurrentMode               0x08003cb9   Thumb Code    40  fdc2214.o(.text)
    FDC2214_SetMUX_CONFIG                    0x08003ce1   Thumb Code    48  fdc2214.o(.text)
    FDC2214_Reset                            0x08003d11   Thumb Code    16  fdc2214.o(.text)
    FDC2214_SetDriveCurrent                  0x08003d21   Thumb Code    84  fdc2214.o(.text)
    FDC2214_CalculateFrequency               0x08003d75   Thumb Code    90  fdc2214.o(.text)
    FDC2214_Init                             0x08003dcf   Thumb Code   212  fdc2214.o(.text)
    IIC_Init                                 0x08003ed3   Thumb Code    40  iic.o(.text)
    IIC_Start                                0x08003efb   Thumb Code    76  iic.o(.text)
    IIC_Stop                                 0x08003f47   Thumb Code    76  iic.o(.text)
    IIC_Wait_Ack                             0x08003f93   Thumb Code    84  iic.o(.text)
    IIC_Ack                                  0x08003fe7   Thumb Code    76  iic.o(.text)
    IIC_NAck                                 0x08004033   Thumb Code    76  iic.o(.text)
    IIC_Send_Byte                            0x0800407f   Thumb Code   118  iic.o(.text)
    IIC_Read_Byte                            0x080040f5   Thumb Code   108  iic.o(.text)
    I2C_Write_Len                            0x08004161   Thumb Code    78  iic.o(.text)
    I2C_Read_Len                             0x080041af   Thumb Code    96  iic.o(.text)
    I2C_Write_Byte                           0x0800420f   Thumb Code    50  iic.o(.text)
    I2C_Read_Byte                            0x08004241   Thumb Code    62  iic.o(.text)
    InitData                                 0x08004285   Thumb Code    58  dealdate.o(.text)
    getData                                  0x080042bf   Thumb Code    54  dealdate.o(.text)
    GetData                                  0x080042f5   Thumb Code   258  dealdate.o(.text)
    handMode                                 0x080043f7   Thumb Code   350  dealdate.o(.text)
    numMode                                  0x08004555   Thumb Code   522  dealdate.o(.text)
    forEnd                                   0x0800475f   Thumb Code    98  dealdate.o(.text)
    gameEnd                                  0x080047c1   Thumb Code   404  dealdate.o(.text)
    __use_no_semihosting                     0x08004965   Thumb Code     2  use_no_semi_2.o(.text)
    __2sprintf                               0x08004969   Thumb Code    34  noretval__2sprintf.o(.text)
    _printf_int_dec                          0x08004991   Thumb Code   104  _printf_dec.o(.text)
    __printf                                 0x08004a09   Thumb Code   270  __printf_wp.o(.text)
    strstr                                   0x08004b17   Thumb Code    36  strstr.o(.text)
    strlen                                   0x08004b3b   Thumb Code    62  strlen.o(.text)
    strcat                                   0x08004b79   Thumb Code    24  strcat.o(.text)
    __aeabi_memcpy4                          0x08004b91   Thumb Code     0  rt_memcpy_w.o(.text)
    __aeabi_memcpy8                          0x08004b91   Thumb Code     0  rt_memcpy_w.o(.text)
    __rt_memcpy_w                            0x08004b91   Thumb Code   100  rt_memcpy_w.o(.text)
    _memcpy_lastbytes_aligned                0x08004bd9   Thumb Code     0  rt_memcpy_w.o(.text)
    __aeabi_memclr                           0x08004bf5   Thumb Code     0  rt_memclr.o(.text)
    __rt_memclr                              0x08004bf5   Thumb Code    68  rt_memclr.o(.text)
    _memset                                  0x08004bf9   Thumb Code     0  rt_memclr.o(.text)
    __aeabi_memclr4                          0x08004c39   Thumb Code     0  rt_memclr_w.o(.text)
    __aeabi_memclr8                          0x08004c39   Thumb Code     0  rt_memclr_w.o(.text)
    __rt_memclr_w                            0x08004c39   Thumb Code    78  rt_memclr_w.o(.text)
    _memset_w                                0x08004c3d   Thumb Code     0  rt_memclr_w.o(.text)
    __use_two_region_memory                  0x08004c87   Thumb Code     2  heapauxi.o(.text)
    __rt_heap_escrow$2region                 0x08004c89   Thumb Code     2  heapauxi.o(.text)
    __rt_heap_expand$2region                 0x08004c8b   Thumb Code     2  heapauxi.o(.text)
    __I$use$semihosting                      0x08004c8d   Thumb Code     0  use_no_semi.o(.text)
    __use_no_semihosting_swi                 0x08004c8d   Thumb Code     2  use_no_semi.o(.text)
    __read_errno                             0x08004c8f   Thumb Code    10  _rserrno.o(.text)
    __set_errno                              0x08004c99   Thumb Code    12  _rserrno.o(.text)
    _printf_int_common                       0x08004ca5   Thumb Code   178  _printf_intcommon.o(.text)
    __lib_sel_fp_printf                      0x08004d57   Thumb Code     2  _printf_fp_dec.o(.text)
    _printf_fp_dec_real                      0x08004f05   Thumb Code   620  _printf_fp_dec.o(.text)
    _printf_char_common                      0x0800517b   Thumb Code    32  _printf_char_common.o(.text)
    _sputc                                   0x080051a1   Thumb Code    10  _sputc.o(.text)
    __rt_locale                              0x080051ad   Thumb Code     8  rt_locale_intlibspace.o(.text)
    __aeabi_errno_addr                       0x080051b5   Thumb Code     8  rt_errno_addr_intlibspace.o(.text)
    __errno$intlibspace                      0x080051b5   Thumb Code     0  rt_errno_addr_intlibspace.o(.text)
    __rt_errno_addr$intlibspace              0x080051b5   Thumb Code     0  rt_errno_addr_intlibspace.o(.text)
    _ll_udiv10                               0x080051bd   Thumb Code   138  lludiv10.o(.text)
    _printf_fp_infnan                        0x08005249   Thumb Code   112  _printf_fp_infnan.o(.text)
    _btod_etento                             0x080052c9   Thumb Code   216  bigflt0.o(.text)
    __user_libspace                          0x080053a5   Thumb Code     8  libspace.o(.text)
    __user_perproc_libspace                  0x080053a5   Thumb Code     0  libspace.o(.text)
    __user_perthread_libspace                0x080053a5   Thumb Code     0  libspace.o(.text)
    __user_setup_stackheap                   0x080053ad   Thumb Code    74  sys_stackheap_outer.o(.text)
    exit                                     0x080053f7   Thumb Code    18  exit.o(.text)
    strcmp                                   0x08005409   Thumb Code   128  strcmpv7m.o(.text)
    _btod_d2e                                0x08005489   Thumb Code    62  btod.o(CL$$btod_d2e)
    _d2e_denorm_low                          0x080054c7   Thumb Code    70  btod.o(CL$$btod_d2e_denorm_low)
    _d2e_norm_op1                            0x0800550d   Thumb Code    96  btod.o(CL$$btod_d2e_norm_op1)
    __btod_div_common                        0x0800556d   Thumb Code   696  btod.o(CL$$btod_div_common)
    _e2e                                     0x080058a5   Thumb Code   198  btod.o(CL$$btod_e2e)
    _btod_ediv                               0x0800596b   Thumb Code    40  btod.o(CL$$btod_ediv)
    _btod_emul                               0x08005993   Thumb Code    40  btod.o(CL$$btod_emul)
    __btod_mult_common                       0x080059bb   Thumb Code   580  btod.o(CL$$btod_mult_common)
    __ARM_fpclassify                         0x08005bff   Thumb Code    40  fpclassify.o(i.__ARM_fpclassify)
    __ieee754_rem_pio2                       0x08005c29   Thumb Code   828  rred.o(i.__ieee754_rem_pio2)
    __kernel_cos                             0x08005fb1   Thumb Code   230  cos_i.o(i.__kernel_cos)
    __kernel_poly                            0x080060ad   Thumb Code   170  poly.o(i.__kernel_poly)
    __kernel_sin                             0x08006159   Thumb Code   224  sin_i.o(i.__kernel_sin)
    __mathlib_dbl_infnan                     0x08006245   Thumb Code     6  dunder.o(i.__mathlib_dbl_infnan)
    __mathlib_dbl_invalid                    0x0800624b   Thumb Code    12  dunder.o(i.__mathlib_dbl_invalid)
    __mathlib_dbl_underflow                  0x08006259   Thumb Code    10  dunder.o(i.__mathlib_dbl_underflow)
    _is_digit                                0x08006269   Thumb Code    14  __printf_wp.o(i._is_digit)
    cos                                      0x08006279   Thumb Code   148  cos.o(i.cos)
    sin                                      0x08006315   Thumb Code   150  sin.o(i.sin)
    _get_lc_numeric                          0x080063b5   Thumb Code    44  lc_numeric_c.o(locale$$code)
    __aeabi_d2f                              0x080063e1   Thumb Code     0  d2f.o(x$fpl$d2f)
    _d2f                                     0x080063e1   Thumb Code    98  d2f.o(x$fpl$d2f)
    __aeabi_dadd                             0x08006445   Thumb Code     0  daddsub_clz.o(x$fpl$dadd)
    _dadd                                    0x08006445   Thumb Code   332  daddsub_clz.o(x$fpl$dadd)
    __fpl_dcheck_NaN1                        0x08006595   Thumb Code    10  dcheck1.o(x$fpl$dcheck1)
    __aeabi_ddiv                             0x080065a5   Thumb Code     0  ddiv.o(x$fpl$ddiv)
    _ddiv                                    0x080065a5   Thumb Code   552  ddiv.o(x$fpl$ddiv)
    __aeabi_d2iz                             0x08006855   Thumb Code     0  dfix.o(x$fpl$dfix)
    _dfix                                    0x08006855   Thumb Code    94  dfix.o(x$fpl$dfix)
    __aeabi_d2uiz                            0x080068b5   Thumb Code     0  dfixu.o(x$fpl$dfixu)
    _dfixu                                   0x080068b5   Thumb Code    90  dfixu.o(x$fpl$dfixu)
    __aeabi_i2d                              0x0800690f   Thumb Code     0  dflt_clz.o(x$fpl$dflt)
    _dflt                                    0x0800690f   Thumb Code    46  dflt_clz.o(x$fpl$dflt)
    __aeabi_ui2d                             0x0800693d   Thumb Code     0  dflt_clz.o(x$fpl$dfltu)
    _dfltu                                   0x0800693d   Thumb Code    38  dflt_clz.o(x$fpl$dfltu)
    __aeabi_dmul                             0x08006965   Thumb Code     0  dmul.o(x$fpl$dmul)
    _dmul                                    0x08006965   Thumb Code   332  dmul.o(x$fpl$dmul)
    __fpl_dnaninf                            0x08006ab9   Thumb Code   156  dnaninf.o(x$fpl$dnaninf)
    __fpl_dretinf                            0x08006b55   Thumb Code    12  dretinf.o(x$fpl$dretinf)
    __aeabi_drsub                            0x08006b61   Thumb Code     0  daddsub_clz.o(x$fpl$drsb)
    _drsb                                    0x08006b61   Thumb Code    22  daddsub_clz.o(x$fpl$drsb)
    __aeabi_dsub                             0x08006b79   Thumb Code     0  daddsub_clz.o(x$fpl$dsub)
    _dsub                                    0x08006b79   Thumb Code   464  daddsub_clz.o(x$fpl$dsub)
    __aeabi_f2d                              0x08006d4d   Thumb Code     0  f2d.o(x$fpl$f2d)
    _f2d                                     0x08006d4d   Thumb Code    86  f2d.o(x$fpl$f2d)
    __aeabi_fadd                             0x08006da5   Thumb Code     0  faddsub_clz.o(x$fpl$fadd)
    _fadd                                    0x08006da5   Thumb Code   196  faddsub_clz.o(x$fpl$fadd)
    __fpl_fcmp_Inf                           0x08006e69   Thumb Code    24  fcmpi.o(x$fpl$fcmpinf)
    __aeabi_fdiv                             0x08006e81   Thumb Code     0  fdiv.o(x$fpl$fdiv)
    _fdiv                                    0x08006e81   Thumb Code   384  fdiv.o(x$fpl$fdiv)
    __aeabi_cfcmpeq                          0x08007005   Thumb Code     0  feqf.o(x$fpl$feqf)
    _fcmpeq                                  0x08007005   Thumb Code   104  feqf.o(x$fpl$feqf)
    __aeabi_f2iz                             0x0800706d   Thumb Code     0  ffix.o(x$fpl$ffix)
    _ffix                                    0x0800706d   Thumb Code    54  ffix.o(x$fpl$ffix)
    __aeabi_f2uiz                            0x080070a5   Thumb Code     0  ffixu.o(x$fpl$ffixu)
    _ffixu                                   0x080070a5   Thumb Code    62  ffixu.o(x$fpl$ffixu)
    __aeabi_i2f                              0x080070e5   Thumb Code     0  fflt_clz.o(x$fpl$fflt)
    _fflt                                    0x080070e5   Thumb Code    48  fflt_clz.o(x$fpl$fflt)
    __aeabi_ui2f                             0x08007115   Thumb Code     0  fflt_clz.o(x$fpl$ffltu)
    _ffltu                                   0x08007115   Thumb Code    38  fflt_clz.o(x$fpl$ffltu)
    __aeabi_cfcmple                          0x0800713d   Thumb Code     0  fleqf.o(x$fpl$fleqf)
    _fcmple                                  0x0800713d   Thumb Code   104  fleqf.o(x$fpl$fleqf)
    __fpl_fcmple_InfNaN                      0x0800718f   Thumb Code     0  fleqf.o(x$fpl$fleqf)
    __aeabi_fmul                             0x080071a5   Thumb Code     0  fmul.o(x$fpl$fmul)
    _fmul                                    0x080071a5   Thumb Code   258  fmul.o(x$fpl$fmul)
    __fpl_fnaninf                            0x080072a7   Thumb Code   140  fnaninf.o(x$fpl$fnaninf)
    __fpl_fretinf                            0x08007333   Thumb Code    10  fretinf.o(x$fpl$fretinf)
    __aeabi_frsub                            0x0800733d   Thumb Code     0  faddsub_clz.o(x$fpl$frsb)
    _frsb                                    0x0800733d   Thumb Code    20  faddsub_clz.o(x$fpl$frsb)
    __aeabi_fsub                             0x08007351   Thumb Code     0  faddsub_clz.o(x$fpl$fsub)
    _fsub                                    0x08007351   Thumb Code   234  faddsub_clz.o(x$fpl$fsub)
    _printf_fp_dec                           0x0800743b   Thumb Code     4  printf1.o(x$fpl$printf1)
    __fpl_return_NaN                         0x0800743f   Thumb Code   100  retnan.o(x$fpl$retnan)
    __ARM_scalbn                             0x080074a3   Thumb Code    92  scalbn.o(x$fpl$scalbn)
    __fpl_cmpreturn                          0x080074ff   Thumb Code    48  trapv.o(x$fpl$trapveneer)
    F6x8                                     0x0800752e   Data         552  oled.o(.constdata)
    __I$use$fp                               0x0800752e   Number         0  usenofp.o(x$fpl$usenofp)
    F8X16                                    0x08007756   Data        1520  oled.o(.constdata)
    Region$$Table$$Base                      0x08007f44   Number         0  anon$$obj.o(Region$$Table)
    Region$$Table$$Limit                     0x08007f64   Number         0  anon$$obj.o(Region$$Table)
    openData                                 0x20000000   Data           4  main.o(.data)
    openErr                                  0x20000004   Data           4  main.o(.data)
    openTime                                 0x20000008   Data           4  main.o(.data)
    date0                                    0x2000000c   Data           4  main.o(.data)
    date1                                    0x20000010   Data           4  main.o(.data)
    date2                                    0x20000014   Data           4  main.o(.data)
    date3                                    0x20000018   Data           4  main.o(.data)
    fre0                                     0x2000001c   Data           4  main.o(.data)
    fre1                                     0x20000020   Data           4  main.o(.data)
    fre2                                     0x20000024   Data           4  main.o(.data)
    fre3                                     0x20000028   Data           4  main.o(.data)
    gImage_school                            0x2000002c   Data         518  main.o(.data)
    studyFlag                                0x20000234   Data           4  main.o(.data)
    mode1Flag                                0x20000238   Data           4  main.o(.data)
    mode1End                                 0x2000023c   Data           4  main.o(.data)
    mode2Flag                                0x20000240   Data           4  main.o(.data)
    mode2End                                 0x20000244   Data           4  main.o(.data)
    studyHandFlag                            0x20000248   Data           4  main.o(.data)
    studyNumFlag                             0x2000024c   Data           4  main.o(.data)
    openflag                                 0x20000250   Data           4  main.o(.data)
    gameFlag                                 0x20000254   Data           4  main.o(.data)
    SystemCoreClock                          0x20000258   Data           4  system_stm32f10x.o(.data)
    AHBPrescTable                            0x2000025c   Data          16  system_stm32f10x.o(.data)
    __stdout                                 0x20000284   Data           4  usart.o(.data)
    USART_RX_STA                             0x20000288   Data           2  usart.o(.data)
    gImage_stone                             0x2000028c   Data         200  menu.o(.data)
    gImage_cloth                             0x20000354   Data         200  menu.o(.data)
    gImage_shear                             0x2000041c   Data         200  menu.o(.data)
    gImage_one                               0x200004e4   Data         200  menu.o(.data)
    gImage_two                               0x200005ac   Data         200  menu.o(.data)
    gImage_three                             0x20000674   Data         200  menu.o(.data)
    gImage_four                              0x2000073c   Data         200  menu.o(.data)
    gImage_five                              0x20000804   Data         200  menu.o(.data)
    gImages_school                           0x200008cc   Data          72  menu.o(.data)
    gImagec_school                           0x20000914   Data          72  menu.o(.data)
    gImageh_school                           0x2000095c   Data          72  menu.o(.data)
    KeyNum                                   0x200009a4   Data           1  menu.o(.data)
    cour                                     0x200009a8   Data          12  menu.o(.data)
    course                                   0x200009b4   Data           4  menu.o(.data)
    nowPage                                  0x200009b8   Data           4  menu.o(.data)
    end1Data                                 0x200009bc   Data           4  menu.o(.data)
    nowNum                                   0x200009c0   Data           4  menu.o(.data)
    firstPage                                0x200009c4   Data          12  menu.o(.data)
    mode1Page                                0x200009d0   Data          12  menu.o(.data)
    mode2Page                                0x200009dc   Data          12  menu.o(.data)
    mode3Page                                0x200009e8   Data          12  menu.o(.data)
    mode4Page                                0x200009f4   Data          12  menu.o(.data)
    gamePage                                 0x20000a00   Data          12  menu.o(.data)
    Hzk                                      0x20000a0c   Data         448  oled.o(.data)
    learnTime                                0x20000bcc   Data           4  timer.o(.data)
    CHx_FIN_SEL                              0x20000bd0   Data           4  fdc2214.o(.data)
    tBaseData                                0x20000bd4   Data           8  dealdate.o(.data)
    tStoneErr                                0x20000bdc   Data           8  dealdate.o(.data)
    tClothErr                                0x20000be4   Data           8  dealdate.o(.data)
    tShearErr                                0x20000bec   Data           8  dealdate.o(.data)
    tOneErr                                  0x20000bf4   Data           8  dealdate.o(.data)
    tTwoErr                                  0x20000bfc   Data           8  dealdate.o(.data)
    tThreeErr                                0x20000c04   Data           8  dealdate.o(.data)
    tFourErr                                 0x20000c0c   Data           8  dealdate.o(.data)
    tFiveErr                                 0x20000c14   Data           8  dealdate.o(.data)
    allStoneErr                              0x20000c1c   Data           4  dealdate.o(.data)
    allClothErr                              0x20000c20   Data           4  dealdate.o(.data)
    allShearErr                              0x20000c24   Data           4  dealdate.o(.data)
    allOneErr                                0x20000c28   Data           4  dealdate.o(.data)
    allTwoErr                                0x20000c2c   Data           4  dealdate.o(.data)
    allThreeErr                              0x20000c30   Data           4  dealdate.o(.data)
    allFourErr                               0x20000c34   Data           4  dealdate.o(.data)
    allFiveErr                               0x20000c38   Data           4  dealdate.o(.data)
    gameEndFlag                              0x20000c3c   Data          12  main.o(.bss)
    USART_RX_BUF                             0x20000c48   Data         200  usart.o(.bss)
    KeyQueue                                 0x20000d10   Data          48  menu.o(.bss)
    DataStack                                0x20000d40   Data         124  menu.o(.bss)
    OLED_GRAM                                0x20000dbc   Data        1024  oled.o(.bss)
    fREFx                                    0x200011c0   Data          32  fdc2214.o(.bss)
    __libspace_start                         0x200011e0   Data          96  libspace.o(.bss)
    __temporary_stack_top$libspace           0x20001240   Data           0  libspace.o(.bss)



==============================================================================

Memory Map of the image

  Image Entry point : 0x08000131

  Load Region LR_IROM1 (Base: 0x08000000, Size: 0x00008bbc, Max: 0x00080000, ABSOLUTE, COMPRESSED[0x0000862c])

    Execution Region ER_IROM1 (Base: 0x08000000, Size: 0x00007f80, Max: 0x00080000, ABSOLUTE)

    Base Addr    Size         Type   Attr      Idx    E Section Name        Object

    0x08000000   0x00000130   Data   RO          210    RESET               startup_stm32f10x_hd.o
    0x08000130   0x00000008   Code   RO          832  * !!!main             c_w.l(__main.o)
    0x08000138   0x00000034   Code   RO         1177    !!!scatter          c_w.l(__scatter.o)
    0x0800016c   0x0000005a   Code   RO         1175    !!dczerorl2         c_w.l(__dczerorl2.o)
    0x080001c6   0x00000002   PAD
    0x080001c8   0x0000001c   Code   RO         1179    !!handler_zi        c_w.l(__scatter_zi.o)
    0x080001e4   0x00000000   Code   RO          817    .ARM.Collect$$_printf_percent$$00000000  c_w.l(_printf_percent.o)
    0x080001e4   0x00000006   Code   RO          816    .ARM.Collect$$_printf_percent$$00000003  c_w.l(_printf_f.o)
    0x080001ea   0x00000006   Code   RO          815    .ARM.Collect$$_printf_percent$$00000009  c_w.l(_printf_d.o)
    0x080001f0   0x00000004   Code   RO          921    .ARM.Collect$$_printf_percent$$00000017  c_w.l(_printf_percent_end.o)
    0x080001f4   0x00000002   Code   RO         1046    .ARM.Collect$$libinit$$00000000  c_w.l(libinit.o)
    0x080001f6   0x00000000   Code   RO         1048    .ARM.Collect$$libinit$$00000002  c_w.l(libinit2.o)
    0x080001f6   0x00000000   Code   RO         1050    .ARM.Collect$$libinit$$00000004  c_w.l(libinit2.o)
    0x080001f6   0x00000000   Code   RO         1053    .ARM.Collect$$libinit$$0000000A  c_w.l(libinit2.o)
    0x080001f6   0x00000000   Code   RO         1055    .ARM.Collect$$libinit$$0000000C  c_w.l(libinit2.o)
    0x080001f6   0x00000000   Code   RO         1057    .ARM.Collect$$libinit$$0000000E  c_w.l(libinit2.o)
    0x080001f6   0x00000006   Code   RO         1058    .ARM.Collect$$libinit$$0000000F  c_w.l(libinit2.o)
    0x080001fc   0x00000000   Code   RO         1060    .ARM.Collect$$libinit$$00000011  c_w.l(libinit2.o)
    0x080001fc   0x00000000   Code   RO         1062    .ARM.Collect$$libinit$$00000013  c_w.l(libinit2.o)
    0x080001fc   0x00000000   Code   RO         1064    .ARM.Collect$$libinit$$00000015  c_w.l(libinit2.o)
    0x080001fc   0x0000000a   Code   RO         1065    .ARM.Collect$$libinit$$00000016  c_w.l(libinit2.o)
    0x08000206   0x00000000   Code   RO         1066    .ARM.Collect$$libinit$$00000017  c_w.l(libinit2.o)
    0x08000206   0x00000000   Code   RO         1068    .ARM.Collect$$libinit$$00000019  c_w.l(libinit2.o)
    0x08000206   0x00000000   Code   RO         1070    .ARM.Collect$$libinit$$0000001B  c_w.l(libinit2.o)
    0x08000206   0x00000000   Code   RO         1072    .ARM.Collect$$libinit$$0000001D  c_w.l(libinit2.o)
    0x08000206   0x00000000   Code   RO         1074    .ARM.Collect$$libinit$$0000001F  c_w.l(libinit2.o)
    0x08000206   0x00000000   Code   RO         1076    .ARM.Collect$$libinit$$00000021  c_w.l(libinit2.o)
    0x08000206   0x00000000   Code   RO         1078    .ARM.Collect$$libinit$$00000023  c_w.l(libinit2.o)
    0x08000206   0x00000000   Code   RO         1080    .ARM.Collect$$libinit$$00000025  c_w.l(libinit2.o)
    0x08000206   0x00000000   Code   RO         1084    .ARM.Collect$$libinit$$0000002C  c_w.l(libinit2.o)
    0x08000206   0x00000000   Code   RO         1086    .ARM.Collect$$libinit$$0000002E  c_w.l(libinit2.o)
    0x08000206   0x00000000   Code   RO         1088    .ARM.Collect$$libinit$$00000030  c_w.l(libinit2.o)
    0x08000206   0x00000000   Code   RO         1090    .ARM.Collect$$libinit$$00000032  c_w.l(libinit2.o)
    0x08000206   0x00000002   Code   RO         1091    .ARM.Collect$$libinit$$00000033  c_w.l(libinit2.o)
    0x08000208   0x00000002   Code   RO         1125    .ARM.Collect$$libshutdown$$00000000  c_w.l(libshutdown.o)
    0x0800020a   0x00000000   Code   RO         1134    .ARM.Collect$$libshutdown$$00000002  c_w.l(libshutdown2.o)
    0x0800020a   0x00000000   Code   RO         1136    .ARM.Collect$$libshutdown$$00000004  c_w.l(libshutdown2.o)
    0x0800020a   0x00000000   Code   RO         1139    .ARM.Collect$$libshutdown$$00000007  c_w.l(libshutdown2.o)
    0x0800020a   0x00000000   Code   RO         1142    .ARM.Collect$$libshutdown$$0000000A  c_w.l(libshutdown2.o)
    0x0800020a   0x00000000   Code   RO         1144    .ARM.Collect$$libshutdown$$0000000C  c_w.l(libshutdown2.o)
    0x0800020a   0x00000000   Code   RO         1147    .ARM.Collect$$libshutdown$$0000000F  c_w.l(libshutdown2.o)
    0x0800020a   0x00000002   Code   RO         1148    .ARM.Collect$$libshutdown$$00000010  c_w.l(libshutdown2.o)
    0x0800020c   0x00000000   Code   RO          910    .ARM.Collect$$rtentry$$00000000  c_w.l(__rtentry.o)
    0x0800020c   0x00000000   Code   RO          962    .ARM.Collect$$rtentry$$00000002  c_w.l(__rtentry2.o)
    0x0800020c   0x00000006   Code   RO          974    .ARM.Collect$$rtentry$$00000004  c_w.l(__rtentry4.o)
    0x08000212   0x00000000   Code   RO          964    .ARM.Collect$$rtentry$$00000009  c_w.l(__rtentry2.o)
    0x08000212   0x00000004   Code   RO          965    .ARM.Collect$$rtentry$$0000000A  c_w.l(__rtentry2.o)
    0x08000216   0x00000000   Code   RO          967    .ARM.Collect$$rtentry$$0000000C  c_w.l(__rtentry2.o)
    0x08000216   0x00000008   Code   RO          968    .ARM.Collect$$rtentry$$0000000D  c_w.l(__rtentry2.o)
    0x0800021e   0x00000002   Code   RO         1094    .ARM.Collect$$rtexit$$00000000  c_w.l(rtexit.o)
    0x08000220   0x00000000   Code   RO         1103    .ARM.Collect$$rtexit$$00000002  c_w.l(rtexit2.o)
    0x08000220   0x00000004   Code   RO         1104    .ARM.Collect$$rtexit$$00000003  c_w.l(rtexit2.o)
    0x08000224   0x00000006   Code   RO         1105    .ARM.Collect$$rtexit$$00000004  c_w.l(rtexit2.o)
    0x0800022a   0x00000002   PAD
    0x0800022c   0x00000228   Code   RO            1    .text               main.o
    0x08000454   0x0000001a   Code   RO          164    .text               stm32f10x_it.o
    0x0800046e   0x00000002   PAD
    0x08000470   0x000001e0   Code   RO          179    .text               system_stm32f10x.o
    0x08000650   0x00000040   Code   RO          211    .text               startup_stm32f10x_hd.o
    0x08000690   0x000000dc   Code   RO          215    .text               misc.o
    0x0800076c   0x0000035c   Code   RO          385    .text               stm32f10x_gpio.o
    0x08000ac8   0x000003a4   Code   RO          433    .text               stm32f10x_rcc.o
    0x08000e6c   0x00000e1a   Code   RO          483    .text               stm32f10x_tim.o
    0x08001c86   0x00000002   PAD
    0x08001c88   0x00000408   Code   RO          495    .text               stm32f10x_usart.o
    0x08002090   0x000000d4   Code   RO          519    .text               delay.o
    0x08002164   0x00000140   Code   RO          549    .text               usart.o
    0x080022a4   0x00000eb0   Code   RO          572    .text               menu.o
    0x08003154   0x000000ac   Code   RO          606    .text               queue.o
    0x08003200   0x000000aa   Code   RO          628    .text               stack.o
    0x080032aa   0x00000002   PAD
    0x080032ac   0x00000588   Code   RO          644    .text               oled.o
    0x08003834   0x000000dc   Code   RO          668    .text               key.o
    0x08003910   0x00000084   Code   RO          695    .text               timer.o
    0x08003994   0x00000520   Code   RO          710    .text               fdc2214.o
    0x08003eb4   0x000003d0   Code   RO          726    .text               iic.o
    0x08004284   0x000006e0   Code   RO          765    .text               dealdate.o
    0x08004964   0x00000002   Code   RO          785    .text               c_w.l(use_no_semi_2.o)
    0x08004966   0x00000002   PAD
    0x08004968   0x00000028   Code   RO          789    .text               c_w.l(noretval__2sprintf.o)
    0x08004990   0x00000078   Code   RO          793    .text               c_w.l(_printf_dec.o)
    0x08004a08   0x0000010e   Code   RO          803    .text               c_w.l(__printf_wp.o)
    0x08004b16   0x00000024   Code   RO          818    .text               c_w.l(strstr.o)
    0x08004b3a   0x0000003e   Code   RO          820    .text               c_w.l(strlen.o)
    0x08004b78   0x00000018   Code   RO          822    .text               c_w.l(strcat.o)
    0x08004b90   0x00000064   Code   RO          824    .text               c_w.l(rt_memcpy_w.o)
    0x08004bf4   0x00000044   Code   RO          826    .text               c_w.l(rt_memclr.o)
    0x08004c38   0x0000004e   Code   RO          828    .text               c_w.l(rt_memclr_w.o)
    0x08004c86   0x00000006   Code   RO          830    .text               c_w.l(heapauxi.o)
    0x08004c8c   0x00000002   Code   RO          908    .text               c_w.l(use_no_semi.o)
    0x08004c8e   0x00000016   Code   RO          911    .text               c_w.l(_rserrno.o)
    0x08004ca4   0x000000b2   Code   RO          913    .text               c_w.l(_printf_intcommon.o)
    0x08004d56   0x0000041a   Code   RO          915    .text               c_w.l(_printf_fp_dec.o)
    0x08005170   0x00000030   Code   RO          917    .text               c_w.l(_printf_char_common.o)
    0x080051a0   0x0000000a   Code   RO          919    .text               c_w.l(_sputc.o)
    0x080051aa   0x00000002   PAD
    0x080051ac   0x00000008   Code   RO          979    .text               c_w.l(rt_locale_intlibspace.o)
    0x080051b4   0x00000008   Code   RO          984    .text               c_w.l(rt_errno_addr_intlibspace.o)
    0x080051bc   0x0000008a   Code   RO          986    .text               c_w.l(lludiv10.o)
    0x08005246   0x00000002   PAD
    0x08005248   0x00000080   Code   RO          988    .text               c_w.l(_printf_fp_infnan.o)
    0x080052c8   0x000000dc   Code   RO          992    .text               c_w.l(bigflt0.o)
    0x080053a4   0x00000008   Code   RO         1032    .text               c_w.l(libspace.o)
    0x080053ac   0x0000004a   Code   RO         1035    .text               c_w.l(sys_stackheap_outer.o)
    0x080053f6   0x00000012   Code   RO         1037    .text               c_w.l(exit.o)
    0x08005408   0x00000080   Code   RO         1039    .text               c_w.l(strcmpv7m.o)
    0x08005488   0x0000003e   Code   RO          995    CL$$btod_d2e        c_w.l(btod.o)
    0x080054c6   0x00000046   Code   RO          997    CL$$btod_d2e_denorm_low  c_w.l(btod.o)
    0x0800550c   0x00000060   Code   RO          996    CL$$btod_d2e_norm_op1  c_w.l(btod.o)
    0x0800556c   0x00000338   Code   RO         1005    CL$$btod_div_common  c_w.l(btod.o)
    0x080058a4   0x000000c6   Code   RO         1002    CL$$btod_e2e        c_w.l(btod.o)
    0x0800596a   0x00000028   Code   RO          999    CL$$btod_ediv       c_w.l(btod.o)
    0x08005992   0x00000028   Code   RO          998    CL$$btod_emul       c_w.l(btod.o)
    0x080059ba   0x00000244   Code   RO         1004    CL$$btod_mult_common  c_w.l(btod.o)
    0x08005bfe   0x00000028   Code   RO         1028    i.__ARM_fpclassify  m_ws.l(fpclassify.o)
    0x08005c26   0x00000002   PAD
    0x08005c28   0x00000388   Code   RO          950    i.__ieee754_rem_pio2  m_ws.l(rred.o)
    0x08005fb0   0x000000fc   Code   RO          933    i.__kernel_cos      m_ws.l(cos_i.o)
    0x080060ac   0x000000aa   Code   RO         1030    i.__kernel_poly     m_ws.l(poly.o)
    0x08006156   0x00000002   PAD
    0x08006158   0x000000ec   Code   RO          955    i.__kernel_sin      m_ws.l(sin_i.o)
    0x08006244   0x00000006   Code   RO          937    i.__mathlib_dbl_infnan  m_ws.l(dunder.o)
    0x0800624a   0x0000000c   Code   RO          939    i.__mathlib_dbl_invalid  m_ws.l(dunder.o)
    0x08006256   0x00000002   PAD
    0x08006258   0x00000010   Code   RO          942    i.__mathlib_dbl_underflow  m_ws.l(dunder.o)
    0x08006268   0x0000000e   Code   RO          805    i._is_digit         c_w.l(__printf_wp.o)
    0x08006276   0x00000002   PAD
    0x08006278   0x0000009c   Code   RO          893    i.cos               m_ws.l(cos.o)
    0x08006314   0x000000a0   Code   RO          901    i.sin               m_ws.l(sin.o)
    0x080063b4   0x0000002c   Code   RO         1018    locale$$code        c_w.l(lc_numeric_c.o)
    0x080063e0   0x00000062   Code   RO          834    x$fpl$d2f           fz_ws.l(d2f.o)
    0x08006442   0x00000002   PAD
    0x08006444   0x00000150   Code   RO          836    x$fpl$dadd          fz_ws.l(daddsub_clz.o)
    0x08006594   0x00000010   Code   RO         1092    x$fpl$dcheck1       fz_ws.l(dcheck1.o)
    0x080065a4   0x000002b0   Code   RO          843    x$fpl$ddiv          fz_ws.l(ddiv.o)
    0x08006854   0x0000005e   Code   RO         1020    x$fpl$dfix          fz_ws.l(dfix.o)
    0x080068b2   0x00000002   PAD
    0x080068b4   0x0000005a   Code   RO          846    x$fpl$dfixu         fz_ws.l(dfixu.o)
    0x0800690e   0x0000002e   Code   RO          851    x$fpl$dflt          fz_ws.l(dflt_clz.o)
    0x0800693c   0x00000026   Code   RO          850    x$fpl$dfltu         fz_ws.l(dflt_clz.o)
    0x08006962   0x00000002   PAD
    0x08006964   0x00000154   Code   RO          856    x$fpl$dmul          fz_ws.l(dmul.o)
    0x08006ab8   0x0000009c   Code   RO          922    x$fpl$dnaninf       fz_ws.l(dnaninf.o)
    0x08006b54   0x0000000c   Code   RO          924    x$fpl$dretinf       fz_ws.l(dretinf.o)
    0x08006b60   0x00000016   Code   RO          837    x$fpl$drsb          fz_ws.l(daddsub_clz.o)
    0x08006b76   0x00000002   PAD
    0x08006b78   0x000001d4   Code   RO          838    x$fpl$dsub          fz_ws.l(daddsub_clz.o)
    0x08006d4c   0x00000056   Code   RO          858    x$fpl$f2d           fz_ws.l(f2d.o)
    0x08006da2   0x00000002   PAD
    0x08006da4   0x000000c4   Code   RO          860    x$fpl$fadd          fz_ws.l(faddsub_clz.o)
    0x08006e68   0x00000018   Code   RO          926    x$fpl$fcmpinf       fz_ws.l(fcmpi.o)
    0x08006e80   0x00000184   Code   RO          867    x$fpl$fdiv          fz_ws.l(fdiv.o)
    0x08007004   0x00000068   Code   RO          870    x$fpl$feqf          fz_ws.l(feqf.o)
    0x0800706c   0x00000036   Code   RO          872    x$fpl$ffix          fz_ws.l(ffix.o)
    0x080070a2   0x00000002   PAD
    0x080070a4   0x0000003e   Code   RO          876    x$fpl$ffixu         fz_ws.l(ffixu.o)
    0x080070e2   0x00000002   PAD
    0x080070e4   0x00000030   Code   RO          881    x$fpl$fflt          fz_ws.l(fflt_clz.o)
    0x08007114   0x00000026   Code   RO          880    x$fpl$ffltu         fz_ws.l(fflt_clz.o)
    0x0800713a   0x00000002   PAD
    0x0800713c   0x00000068   Code   RO          886    x$fpl$fleqf         fz_ws.l(fleqf.o)
    0x080071a4   0x00000102   Code   RO          888    x$fpl$fmul          fz_ws.l(fmul.o)
    0x080072a6   0x0000008c   Code   RO          928    x$fpl$fnaninf       fz_ws.l(fnaninf.o)
    0x08007332   0x0000000a   Code   RO          930    x$fpl$fretinf       fz_ws.l(fretinf.o)
    0x0800733c   0x00000014   Code   RO          861    x$fpl$frsb          fz_ws.l(faddsub_clz.o)
    0x08007350   0x000000ea   Code   RO          862    x$fpl$fsub          fz_ws.l(faddsub_clz.o)
    0x0800743a   0x00000004   Code   RO          890    x$fpl$printf1       fz_ws.l(printf1.o)
    0x0800743e   0x00000064   Code   RO         1100    x$fpl$retnan        fz_ws.l(retnan.o)
    0x080074a2   0x0000005c   Code   RO         1026    x$fpl$scalbn        fz_ws.l(scalbn.o)
    0x080074fe   0x00000030   Code   RO         1113    x$fpl$trapveneer    fz_ws.l(trapv.o)
    0x0800752e   0x00000000   Code   RO          932    x$fpl$usenofp       fz_ws.l(usenofp.o)
    0x0800752e   0x00000818   Data   RO          646    .constdata          oled.o
    0x08007d46   0x00000002   PAD
    0x08007d48   0x00000030   Data   RO          934    .constdata          m_ws.l(cos_i.o)
    0x08007d78   0x000000c8   Data   RO          952    .constdata          m_ws.l(rred.o)
    0x08007e40   0x00000028   Data   RO          956    .constdata          m_ws.l(sin_i.o)
    0x08007e68   0x00000094   Data   RO          993    .constdata          c_w.l(bigflt0.o)
    0x08007efc   0x00000045   Data   RO          574    .conststring        menu.o
    0x08007f41   0x00000003   PAD
    0x08007f44   0x00000020   Data   RO         1173    Region$$Table       anon$$obj.o
    0x08007f64   0x0000001c   Data   RO         1017    locale$$data        c_w.l(lc_numeric_c.o)


    Execution Region RW_IRAM1 (Base: 0x20000000, Size: 0x00001840, Max: 0x00010000, ABSOLUTE, COMPRESSED[0x000006ac])

    Base Addr    Size         Type   Attr      Idx    E Section Name        Object

    0x20000000   0x00000258   Data   RW            3    .data               main.o
    0x20000258   0x00000014   Data   RW          180    .data               system_stm32f10x.o
    0x2000026c   0x00000014   Data   RW          434    .data               stm32f10x_rcc.o
    0x20000280   0x00000004   Data   RW          520    .data               delay.o
    0x20000284   0x00000006   Data   RW          551    .data               usart.o
    0x2000028a   0x00000002   PAD
    0x2000028c   0x00000780   Data   RW          575    .data               menu.o
    0x20000a0c   0x000001c0   Data   RW          647    .data               oled.o
    0x20000bcc   0x00000004   Data   RW          696    .data               timer.o
    0x20000bd0   0x00000004   Data   RW          712    .data               fdc2214.o
    0x20000bd4   0x00000068   Data   RW          766    .data               dealdate.o
    0x20000c3c   0x0000000c   Zero   RW            2    .bss                main.o
    0x20000c48   0x000000c8   Zero   RW          550    .bss                usart.o
    0x20000d10   0x000000ac   Zero   RW          573    .bss                menu.o
    0x20000dbc   0x00000400   Zero   RW          645    .bss                oled.o
    0x200011bc   0x00000004   PAD
    0x200011c0   0x00000020   Zero   RW          711    .bss                fdc2214.o
    0x200011e0   0x00000060   Zero   RW         1033    .bss                c_w.l(libspace.o)
    0x20001240   0x00000200   Zero   RW          209    HEAP                startup_stm32f10x_hd.o
    0x20001440   0x00000400   Zero   RW          208    STACK               startup_stm32f10x_hd.o


==============================================================================

Image component sizes


      Code (inc. data)   RO Data    RW Data    ZI Data      Debug   Object Name

         0          0          0          0          0         32   core_cm3.o
      1760         74          0        104          0       4879   dealdate.o
       212         18          0          4          0       1027   delay.o
      1312         18          0          4         32       5924   fdc2214.o
       976          6          0          0          0       3740   iic.o
       220          4          0          0          0        732   key.o
       552         74          0        600         12      54928   main.o
      3760        566         69       1920        172      10109   menu.o
       220         22          0          0          0     206541   misc.o
      1416         24       2072        448       1024       5924   oled.o
       172          0          0          0          0       1564   queue.o
       170          0          0          0          0       1468   stack.o
        64         26        304          0       1536        788   startup_stm32f10x_hd.o
       860         38          0          0          0       5717   stm32f10x_gpio.o
        26          0          0          0          0       1174   stm32f10x_it.o
       932         36          0         20          0       8888   stm32f10x_rcc.o
      3610         88          0          0          0      22824   stm32f10x_tim.o
      1032         22          0          0          0       8444   stm32f10x_usart.o
       480         38          0         20          0       1719   system_stm32f10x.o
       132         10          0          4          0       1008   timer.o
       320         16          0          6        200       3146   usart.o

    ----------------------------------------------------------------------
     18232       1080       2482       3132       2980     350576   Object Totals
         0          0         32          0          0          0   (incl. Generated)
         6          0          5          2          4          0   (incl. Padding)

    ----------------------------------------------------------------------

      Code (inc. data)   RO Data    RW Data    ZI Data      Debug   Library Member Name

        90          0          0          0          0          0   __dczerorl2.o
         8          0          0          0          0         68   __main.o
       284          0          0          0          0        156   __printf_wp.o
         0          0          0          0          0          0   __rtentry.o
        12          0          0          0          0          0   __rtentry2.o
         6          0          0          0          0          0   __rtentry4.o
        52          8          0          0          0          0   __scatter.o
        28          0          0          0          0          0   __scatter_zi.o
        48          6          0          0          0         96   _printf_char_common.o
         6          0          0          0          0          0   _printf_d.o
       120         16          0          0          0         92   _printf_dec.o
         6          0          0          0          0          0   _printf_f.o
      1050          0          0          0          0        216   _printf_fp_dec.o
       128         16          0          0          0         84   _printf_fp_infnan.o
       178          0          0          0          0         88   _printf_intcommon.o
         0          0          0          0          0          0   _printf_percent.o
         4          0          0          0          0          0   _printf_percent_end.o
        22          0          0          0          0        100   _rserrno.o
        10          0          0          0          0         68   _sputc.o
       220          4        148          0          0         96   bigflt0.o
      1910        128          0          0          0        672   btod.o
        18          0          0          0          0         80   exit.o
         6          0          0          0          0        152   heapauxi.o
        44         10         28          0          0         76   lc_numeric_c.o
         2          0          0          0          0          0   libinit.o
        18          0          0          0          0          0   libinit2.o
         2          0          0          0          0          0   libshutdown.o
         2          0          0          0          0          0   libshutdown2.o
         8          4          0          0         96         68   libspace.o
       138          0          0          0          0         80   lludiv10.o
        40          6          0          0          0         84   noretval__2sprintf.o
         8          4          0          0          0         68   rt_errno_addr_intlibspace.o
         8          4          0          0          0         68   rt_locale_intlibspace.o
        68          0          0          0          0         68   rt_memclr.o
        78          0          0          0          0         80   rt_memclr_w.o
       100          0          0          0          0         80   rt_memcpy_w.o
         2          0          0          0          0          0   rtexit.o
        10          0          0          0          0          0   rtexit2.o
        24          0          0          0          0         68   strcat.o
       128          0          0          0          0         68   strcmpv7m.o
        62          0          0          0          0         76   strlen.o
        36          0          0          0          0         80   strstr.o
        74          0          0          0          0         80   sys_stackheap_outer.o
         2          0          0          0          0         68   use_no_semi.o
         2          0          0          0          0         68   use_no_semi_2.o
        98          4          0          0          0         92   d2f.o
       826         16          0          0          0        348   daddsub_clz.o
        16          4          0          0          0         68   dcheck1.o
       688        140          0          0          0        208   ddiv.o
        94          4          0          0          0         92   dfix.o
        90          4          0          0          0         92   dfixu.o
        84          0          0          0          0        136   dflt_clz.o
       340         12          0          0          0        104   dmul.o
       156          4          0          0          0         92   dnaninf.o
        12          0          0          0          0         68   dretinf.o
        86          4          0          0          0         84   f2d.o
       450          8          0          0          0        236   faddsub_clz.o
        24          0          0          0          0         68   fcmpi.o
       388         76          0          0          0         96   fdiv.o
       104          4          0          0          0         84   feqf.o
        54          4          0          0          0         84   ffix.o
        62          4          0          0          0         84   ffixu.o
        86          0          0          0          0        136   fflt_clz.o
       104          4          0          0          0         84   fleqf.o
       258          4          0          0          0         84   fmul.o
       140          4          0          0          0         84   fnaninf.o
        10          0          0          0          0         68   fretinf.o
         4          0          0          0          0         68   printf1.o
       100          0          0          0          0         68   retnan.o
        92          0          0          0          0         68   scalbn.o
        48          0          0          0          0         68   trapv.o
         0          0          0          0          0          0   usenofp.o
       156          8          0          0          0        104   cos.o
       252         22         48          0          0        124   cos_i.o
        34          6          0          0          0        204   dunder.o
        40          0          0          0          0         68   fpclassify.o
       170          0          0          0          0         96   poly.o
       904         76        200          0          0        140   rred.o
       160         10          0          0          0        108   sin.o
       236         12         40          0          0        128   sin_i.o

    ----------------------------------------------------------------------
     11462        640        464          0         96       6884   Library Totals
        34          0          0          0          0          0   (incl. Padding)

    ----------------------------------------------------------------------

      Code (inc. data)   RO Data    RW Data    ZI Data      Debug   Library Name

      5062        206        176          0         96       3148   c_w.l
      4414        300          0          0          0       2764   fz_ws.l
      1952        134        288          0          0        972   m_ws.l

    ----------------------------------------------------------------------
     11462        640        464          0         96       6884   Library Totals

    ----------------------------------------------------------------------

==============================================================================


      Code (inc. data)   RO Data    RW Data    ZI Data      Debug   

     29694       1720       2946       3132       3076     351996   Grand Totals
     29694       1720       2946       1708       3076     351996   ELF Image Totals (compressed)
     29694       1720       2946       1708          0          0   ROM Totals

==============================================================================

    Total RO  Size (Code + RO Data)                32640 (  31.88kB)
    Total RW  Size (RW Data + ZI Data)              6208 (   6.06kB)
    Total ROM Size (Code + RO Data + RW Data)      34348 (  33.54kB)

==============================================================================

