Component: ARM Compiler 5.06 update 4 (build 422) Tool: armlink [4d35d2]

==============================================================================

Section Cross References

    main.o(.text) refers to delay.o(.text) for delay_init
    main.o(.text) refers to led.o(.text) for LED_Init
    main.o(.text) refers to sys.o(.text) for NVIC_Configuration
    main.o(.text) refers to solgui_common.o(.text) for SOLGUI_Init
    main.o(.text) refers to solgui_menu.o(.text) for SOLGUI_InputKey
    main.o(.text) refers to oled.o(.data) for FirstPage
    system_stm32f10x.o(.text) refers to system_stm32f10x.o(.data) for SystemCoreClock
    led.o(.text) refers to stm32f10x_rcc.o(.text) for RCC_APB2PeriphClockCmd
    led.o(.text) refers to stm32f10x_gpio.o(.text) for GPIO_Init
    led.o(.text) refers to delay.o(.text) for delay_ms
    pwm.o(.text) refers to stm32f10x_rcc.o(.text) for RCC_APB2PeriphClockCmd
    pwm.o(.text) refers to stm32f10x_gpio.o(.text) for GPIO_Init
    pwm.o(.text) refers to stm32f10x_tim.o(.text) for TIM_TimeBaseInit
    pwm.o(.text) refers to misc.o(.text) for NVIC_Init
    adc.o(.text) refers to stm32f10x_rcc.o(.text) for RCC_APB2PeriphClockCmd
    adc.o(.text) refers to stm32f10x_gpio.o(.text) for GPIO_Init
    adc.o(.text) refers to stm32f10x_adc.o(.text) for ADC_DeInit
    scan.o(.text) refers to stm32f10x_rcc.o(.text) for RCC_APB2PeriphClockCmd
    scan.o(.text) refers to stm32f10x_gpio.o(.text) for GPIO_Init
    buzzer.o(.text) refers to stm32f10x_rcc.o(.text) for RCC_APB2PeriphClockCmd
    buzzer.o(.text) refers to stm32f10x_gpio.o(.text) for GPIO_Init
    buzzer.o(.text) refers to delay.o(.text) for delay_ms
    timer.o(.text) refers to stm32f10x_rcc.o(.text) for RCC_APB1PeriphClockCmd
    timer.o(.text) refers to stm32f10x_tim.o(.text) for TIM_TimeBaseInit
    timer.o(.text) refers to misc.o(.text) for NVIC_Init
    dma.o(.text) refers to stm32f10x_rcc.o(.text) for RCC_AHBPeriphClockCmd
    dma.o(.text) refers to stm32f10x_dma.o(.text) for DMA_DeInit
    dma.o(.text) refers to dma.o(.data) for DMA1_MEM_LEN
    move.o(.text) refers to stm32f10x_tim.o(.text) for TIM_SetCompare3
    move.o(.text) refers to delay.o(.text) for delay_ms
    move.o(.text) refers to move.o(.data) for GROUP
    delay.o(.text) refers to misc.o(.text) for SysTick_CLKSourceConfig
    delay.o(.text) refers to system_stm32f10x.o(.data) for SystemCoreClock
    delay.o(.text) refers to delay.o(.data) for fac_us
    sys.o(.text) refers to misc.o(.text) for NVIC_PriorityGroupConfig
    usart.o(.text) refers (Special) to use_no_semi_2.o(.text) for __use_no_semihosting
    usart.o(.text) refers to stm32f10x_rcc.o(.text) for RCC_APB2PeriphClockCmd
    usart.o(.text) refers to stm32f10x_gpio.o(.text) for GPIO_Init
    usart.o(.text) refers to misc.o(.text) for NVIC_Init
    usart.o(.text) refers to stm32f10x_usart.o(.text) for USART_Init
    usart.o(.text) refers to usart.o(.data) for USART_RX_STA
    usart.o(.text) refers to usart.o(.bss) for USART_RX_BUF
    usart.o(.bss) refers (Special) to use_no_semi_2.o(.text) for __use_no_semihosting
    usart.o(.data) refers (Special) to use_no_semi_2.o(.text) for __use_no_semihosting
    startup_stm32f10x_hd.o(STACK) refers (Special) to heapauxi.o(.text) for __use_two_region_memory
    startup_stm32f10x_hd.o(HEAP) refers (Special) to heapauxi.o(.text) for __use_two_region_memory
    startup_stm32f10x_hd.o(RESET) refers (Special) to heapauxi.o(.text) for __use_two_region_memory
    startup_stm32f10x_hd.o(RESET) refers to startup_stm32f10x_hd.o(STACK) for __initial_sp
    startup_stm32f10x_hd.o(RESET) refers to startup_stm32f10x_hd.o(.text) for Reset_Handler
    startup_stm32f10x_hd.o(RESET) refers to stm32f10x_it.o(.text) for NMI_Handler
    startup_stm32f10x_hd.o(RESET) refers to dma.o(.text) for DMA1_Channel1_IRQHandler
    startup_stm32f10x_hd.o(RESET) refers to usart.o(.text) for USART1_IRQHandler
    startup_stm32f10x_hd.o(.text) refers (Special) to heapauxi.o(.text) for __use_two_region_memory
    startup_stm32f10x_hd.o(.text) refers to system_stm32f10x.o(.text) for SystemInit
    startup_stm32f10x_hd.o(.text) refers to __main.o(!!!main) for __main
    startup_stm32f10x_hd.o(.text) refers to startup_stm32f10x_hd.o(HEAP) for Heap_Mem
    startup_stm32f10x_hd.o(.text) refers to startup_stm32f10x_hd.o(STACK) for Stack_Mem
    stm32f10x_gpio.o(.text) refers to stm32f10x_rcc.o(.text) for RCC_APB2PeriphResetCmd
    stm32f10x_rcc.o(.text) refers to stm32f10x_rcc.o(.data) for APBAHBPrescTable
    stm32f10x_usart.o(.text) refers to stm32f10x_rcc.o(.text) for RCC_APB2PeriphResetCmd
    stm32f10x_tim.o(.text) refers to stm32f10x_rcc.o(.text) for RCC_APB2PeriphResetCmd
    stm32f10x_adc.o(.text) refers to stm32f10x_rcc.o(.text) for RCC_APB2PeriphResetCmd
    solgui_common.o(.text) refers to solgui_hardware.o(.text) for SOLGUI_Hardware_Init
    solgui_common.o(.text) refers to rt_memclr.o(.text) for __aeabi_memclr
[...]
    libshutdown.o(.ARM.Collect$$libshutdown$$00000000) refers (Special) to libshutdown2.o(.ARM.Collect$$libshutdown$$00000010) for __rt_lib_shutdown_return
    libshutdown.o(.ARM.Collect$$libshutdown$$00000000) refers (Special) to libshutdown2.o(.ARM.Collect$$libshutdown$$0000000A) for __rt_lib_shutdown_signal_1
    libshutdown.o(.ARM.Collect$$libshutdown$$00000000) refers (Special) to libshutdown2.o(.ARM.Collect$$libshutdown$$00000004) for __rt_lib_shutdown_stdio_1
    libshutdown.o(.ARM.Collect$$libshutdown$$00000000) refers (Special) to libshutdown2.o(.ARM.Collect$$libshutdown$$0000000C) for __rt_lib_shutdown_user_alloc_1
    sys_command.o(.text) refers (Special) to use_no_semi.o(.text) for __I$use$semihosting
    sys_command.o(.text) refers (Special) to indicate_semi.o(.text) for __semihosting_library_function
    defsig_rtmem_outer.o(.text) refers to defsig_rtmem_inner.o(.text) for __rt_SIGRTMEM_inner
    defsig_rtmem_outer.o(.text) refers to defsig_exit.o(.text) for __sig_exit
    defsig_rtmem_formal.o(.text) refers to rt_raise.o(.text) for __rt_raise
    rt_raise.o(.text) refers to __raise.o(.text) for __raise
    rt_raise.o(.text) refers to usart.o(.text) for _sys_exit
    defsig_exit.o(.text) refers to usart.o(.text) for _sys_exit
    defsig_rtmem_inner.o(.text) refers to defsig_general.o(.text) for __default_signal_display
    __raise.o(.text) refers to defsig.o(CL$$defsig) for __default_signal_handler
    defsig_general.o(.text) refers to sys_wrch.o(.text) for _ttywrch
    sys_wrch.o(.text) refers (Special) to use_no_semi.o(.text) for __I$use$semihosting
    sys_wrch.o(.text) refers (Special) to indicate_semi.o(.text) for __semihosting_library_function
    defsig.o(CL$$defsig) refers to defsig_rtmem_inner.o(.text) for __rt_SIGRTMEM_inner
    defsig_abrt_inner.o(.text) refers to defsig_general.o(.text) for __default_signal_display
    defsig_fpe_inner.o(.text) refers to defsig_general.o(.text) for __default_signal_display
    defsig_rtred_inner.o(.text) refers to defsig_general.o(.text) for __default_signal_display
    defsig_stak_inner.o(.text) refers to defsig_general.o(.text) for __default_signal_display
    defsig_pvfn_inner.o(.text) refers to defsig_general.o(.text) for __default_signal_display
    defsig_cppl_inner.o(.text) refers to defsig_general.o(.text) for __default_signal_display
    defsig_segv_inner.o(.text) refers to defsig_general.o(.text) for __default_signal_display
    defsig_other.o(.text) refers to defsig_general.o(.text) for __default_signal_display


==============================================================================

Removing Unused input sections from the image.

    Removing main.o(.bss), (28 bytes).
    Removing main.o(.data), (20 bytes).
    Removing pwm.o(.text), (448 bytes).
    Removing adc.o(.text), (352 bytes).
    Removing adc.o(.bss), (40 bytes).
    Removing scan.o(.text), (136 bytes).
    Removing buzzer.o(.text), (120 bytes).
    Removing timer.o(.text), (96 bytes).
    Removing move.o(.text), (708 bytes).
    Removing move.o(.data), (20 bytes).
    Removing sys.o(.emb_text), (6 bytes).
    Removing core_cm3.o(.emb_text), (32 bytes).
    Removing stm32f10x_tim.o(.text), (3610 bytes).
    Removing stm32f10x_adc.o(.text), (1102 bytes).

14 unused section(s) (total 6718 bytes) removed from the image.

==============================================================================

Image Symbol Table

    Local Symbols

    Symbol Name                              Value     Ov Type        Size  Object(Section)

    ../clib/angel/boardlib.s                 0x00000000   Number         0  boardinit3.o ABSOLUTE
    ../clib/angel/boardlib.s                 0x00000000   Number         0  boardshut.o ABSOLUTE
    ../clib/angel/boardlib.s                 0x00000000   Number         0  boardinit1.o ABSOLUTE
    ../clib/angel/boardlib.s                 0x00000000   Number         0  boardinit2.o ABSOLUTE
    ../clib/angel/dczerorl2.s                0x00000000   Number         0  __dczerorl2.o ABSOLUTE
    ../clib/angel/handlers.s                 0x00000000   Number         0  __scatter_zi.o ABSOLUTE
    ../clib/angel/kernel.s                   0x00000000   Number         0  rtexit.o ABSOLUTE
    ../clib/angel/kernel.s                   0x00000000   Number         0  __rtentry.o ABSOLUTE
    ../clib/angel/kernel.s                   0x00000000   Number         0  __rtentry2.o ABSOLUTE
    ../clib/angel/kernel.s                   0x00000000   Number         0  __rtentry4.o ABSOLUTE
    ../clib/angel/kernel.s                   0x00000000   Number         0  rtexit2.o ABSOLUTE
    ../clib/angel/rt.s                       0x00000000   Number         0  rt_raise.o ABSOLUTE
    ../clib/angel/scatter.s                  0x00000000   Number         0  __scatter.o ABSOLUTE
    ../clib/angel/startup.s                  0x00000000   Number         0  __main.o ABSOLUTE
    ../clib/angel/sys.s                      0x00000000   Number         0  use_no_semi.o ABSOLUTE
    ../clib/angel/sys.s                      0x00000000   Number         0  indicate_semi.o ABSOLUTE
    ../clib/angel/sys.s                      0x00000000   Number         0  libspace.o ABSOLUTE
    ../clib/angel/sys.s                      0x00000000   Number         0  sys_stackheap_outer.o ABSOLUTE
    ../clib/angel/sys.s                      0x00000000   Number         0  use_no_semi_2.o ABSOLUTE
    ../clib/angel/sysapp.c                   0x00000000   Number         0  sys_command.o ABSOLUTE
    ../clib/angel/sysapp.c                   0x00000000   Number         0  sys_wrch.o ABSOLUTE
    ../clib/armsys.c                         0x00000000   Number         0  argv_veneer.o ABSOLUTE
    ../clib/armsys.c                         0x00000000   Number         0  _get_argv_nomalloc.o ABSOLUTE
    ../clib/armsys.c                         0x00000000   Number         0  no_argv.o ABSOLUTE
    ../clib/armsys.c                         0x00000000   Number         0  argv_veneer.o ABSOLUTE
    ../clib/heapalloc.c                      0x00000000   Number         0  hrguard.o ABSOLUTE
    ../clib/heapaux.c                        0x00000000   Number         0  heapauxi.o ABSOLUTE
    ../clib/libinit.s                        0x00000000   Number         0  libinit.o ABSOLUTE
    ../clib/libinit.s                        0x00000000   Number         0  libshutdown2.o ABSOLUTE
    ../clib/libinit.s                        0x00000000   Number         0  libinit2.o ABSOLUTE
    ../clib/libinit.s                        0x00000000   Number         0  libshutdown.o ABSOLUTE
    ../clib/memcpset.s                       0x00000000   Number         0  strncpy.o ABSOLUTE
    ../clib/memcpset.s                       0x00000000   Number         0  rt_memclr.o ABSOLUTE
    ../clib/memcpset.s                       0x00000000   Number         0  rt_memclr_w.o ABSOLUTE
    ../clib/signal.c                         0x00000000   Number         0  __raise.o ABSOLUTE
    ../clib/signal.c                         0x00000000   Number         0  defsig_rtmem_inner.o ABSOLUTE
    ../clib/signal.c                         0x00000000   Number         0  defsig_abrt_inner.o ABSOLUTE
    ../clib/signal.c                         0x00000000   Number         0  defsig_other.o ABSOLUTE
    ../clib/signal.c                         0x00000000   Number         0  defsig_segv_inner.o ABSOLUTE
    ../clib/signal.c                         0x00000000   Number         0  defsig_cppl_inner.o ABSOLUTE
    ../clib/signal.c                         0x00000000   Number         0  defsig_pvfn_inner.o ABSOLUTE
    ../clib/signal.c                         0x00000000   Number         0  defsig_stak_inner.o ABSOLUTE
    ../clib/signal.c                         0x00000000   Number         0  defsig_rtred_inner.o ABSOLUTE
    ../clib/signal.c                         0x00000000   Number         0  defsig_rtmem_outer.o ABSOLUTE
    ../clib/signal.c                         0x00000000   Number         0  defsig_fpe_inner.o ABSOLUTE
    ../clib/signal.c                         0x00000000   Number         0  defsig_exit.o ABSOLUTE
    ../clib/signal.c                         0x00000000   Number         0  defsig_general.o ABSOLUTE
    ../clib/signal.c                         0x00000000   Number         0  defsig_rtmem_formal.o ABSOLUTE
    ../clib/signal.s                         0x00000000   Number         0  defsig.o ABSOLUTE
    ../clib/stdlib.c                         0x00000000   Number         0  exit.o ABSOLUTE
    ../clib/string.c                         0x00000000   Number         0  strlen.o ABSOLUTE
    ../clib/string.c                         0x00000000   Number         0  strcpy.o ABSOLUTE
    ../fplib/d2f.s                           0x00000000   Number         0  d2f.o ABSOLUTE
    ../fplib/daddsub.s                       0x00000000   Number         0  daddsub_clz.o ABSOLUTE
    ../fplib/dcmpi.s                         0x00000000   Number         0  dcmpi.o ABSOLUTE
    ../fplib/ddiv.s                          0x00000000   Number         0  ddiv.o ABSOLUTE
    ../fplib/dfix.s                          0x00000000   Number         0  dfix.o ABSOLUTE
    ../fplib/dfixu.s                         0x00000000   Number         0  dfixu.o ABSOLUTE
    ../fplib/dflt.s                          0x00000000   Number         0  dflt_clz.o ABSOLUTE
    ../fplib/dleqf.s                         0x00000000   Number         0  dleqf.o ABSOLUTE
    ../fplib/dmul.s                          0x00000000   Number         0  dmul.o ABSOLUTE
    ../fplib/dnaninf.s                       0x00000000   Number         0  dnaninf.o ABSOLUTE
    ../fplib/dretinf.s                       0x00000000   Number         0  dretinf.o ABSOLUTE
    ../fplib/drleqf.s                        0x00000000   Number         0  drleqf.o ABSOLUTE
    ../fplib/f2d.s                           0x00000000   Number         0  f2d.o ABSOLUTE
    ../fplib/faddsub.s                       0x00000000   Number         0  faddsub_clz.o ABSOLUTE
    ../fplib/fdiv.s                          0x00000000   Number         0  fdiv.o ABSOLUTE
    ../fplib/ffixu.s                         0x00000000   Number         0  ffixu.o ABSOLUTE
    ../fplib/fflt.s                          0x00000000   Number         0  fflt_clz.o ABSOLUTE
    ../fplib/fmul.s                          0x00000000   Number         0  fmul.o ABSOLUTE
    ../fplib/fnaninf.s                       0x00000000   Number         0  fnaninf.o ABSOLUTE
    ../fplib/fpinit.s                        0x00000000   Number         0  fpinit.o ABSOLUTE
    ../fplib/fretinf.s                       0x00000000   Number         0  fretinf.o ABSOLUTE
    ../fplib/usenofp.s                       0x00000000   Number         0  usenofp.o ABSOLUTE
    ..\CORE\core_cm3.c                       0x00000000   Number         0  core_cm3.o ABSOLUTE
    ..\CORE\startup_stm32f10x_hd.s           0x00000000   Number         0  startup_stm32f10x_hd.o ABSOLUTE
    ..\HARDWARE\ADC\adc.c                    0x00000000   Number         0  adc.o ABSOLUTE
    ..\HARDWARE\Buzzer\buzzer.c              0x00000000   Number         0  buzzer.o ABSOLUTE
    ..\HARDWARE\DMA\dma.c                    0x00000000   Number         0  dma.o ABSOLUTE
    ..\HARDWARE\LED\led.c                    0x00000000   Number         0  led.o ABSOLUTE
    ..\HARDWARE\PWM\pwm.c                    0x00000000   Number         0  pwm.o ABSOLUTE
    ..\HARDWARE\SCAN\scan.c                  0x00000000   Number         0  scan.o ABSOLUTE
    ..\HARDWARE\SOLGUI_V2-master\Font\Font4x6_ASCII.c 0x00000000   Number         0  font4x6_ascii.o ABSOLUTE
    ..\HARDWARE\SOLGUI_V2-master\Font\Font6x8_ASCII.c 0x00000000   Number         0  font6x8_ascii.o ABSOLUTE
    ..\HARDWARE\SOLGUI_V2-master\Font\Font8x10_ASCII.c 0x00000000   Number         0  font8x10_ascii.o ABSOLUTE
    ..\HARDWARE\SOLGUI_V2-master\Font\Font8x8_ASCII.c 0x00000000   Number         0  font8x8_ascii.o ABSOLUTE
    ..\HARDWARE\SOLGUI_V2-master\OLED\OLED.c 0x00000000   Number         0  oled.o ABSOLUTE
    ..\HARDWARE\SOLGUI_V2-master\SOLGUI_Common.c 0x00000000   Number         0  solgui_common.o ABSOLUTE
    ..\HARDWARE\SOLGUI_V2-master\SOLGUI_GBasic.c 0x00000000   Number         0  solgui_gbasic.o ABSOLUTE
    ..\HARDWARE\SOLGUI_V2-master\SOLGUI_Hardware.c 0x00000000   Number         0  solgui_hardware.o ABSOLUTE
    ..\HARDWARE\SOLGUI_V2-master\SOLGUI_Menu.c 0x00000000   Number         0  solgui_menu.o ABSOLUTE
    ..\HARDWARE\SOLGUI_V2-master\SOLGUI_Picture.c 0x00000000   Number         0  solgui_picture.o ABSOLUTE
    ..\HARDWARE\SOLGUI_V2-master\SOLGUI_Printf.c 0x00000000   Number         0  solgui_printf.o ABSOLUTE
    ..\HARDWARE\SOLGUI_V2-master\SOLGUI_Widget.c 0x00000000   Number         0  solgui_widget.o ABSOLUTE
    ..\HARDWARE\TIMER\timer.c                0x00000000   Number         0  timer.o ABSOLUTE
    ..\HARDWARE\move\move.c                  0x00000000   Number         0  move.o ABSOLUTE
    ..\STM32F10x_FWLib\src\misc.c            0x00000000   Number         0  misc.o ABSOLUTE
    ..\STM32F10x_FWLib\src\stm32f10x_adc.c   0x00000000   Number         0  stm32f10x_adc.o ABSOLUTE
    ..\STM32F10x_FWLib\src\stm32f10x_dma.c   0x00000000   Number         0  stm32f10x_dma.o ABSOLUTE
    ..\STM32F10x_FWLib\src\stm32f10x_gpio.c  0x00000000   Number         0  stm32f10x_gpio.o ABSOLUTE
    ..\STM32F10x_FWLib\src\stm32f10x_rcc.c   0x00000000   Number         0  stm32f10x_rcc.o ABSOLUTE
    ..\STM32F10x_FWLib\src\stm32f10x_tim.c   0x00000000   Number         0  stm32f10x_tim.o ABSOLUTE
    ..\STM32F10x_FWLib\src\stm32f10x_usart.c 0x00000000   Number         0  stm32f10x_usart.o ABSOLUTE
    ..\SYSTEM\delay\delay.c                  0x00000000   Number         0  delay.o ABSOLUTE
    ..\SYSTEM\sys\sys.c                      0x00000000   Number         0  sys.o ABSOLUTE
    ..\SYSTEM\usart\usart.c                  0x00000000   Number         0  usart.o ABSOLUTE
    ..\\CORE\\core_cm3.c                     0x00000000   Number         0  core_cm3.o ABSOLUTE
    ..\\SYSTEM\\sys\\sys.c                   0x00000000   Number         0  sys.o ABSOLUTE
    dc.s                                     0x00000000   Number         0  dc.o ABSOLUTE
    main.c                                   0x00000000   Number         0  main.o ABSOLUTE
    stm32f10x_it.c                           0x00000000   Number         0  stm32f10x_it.o ABSOLUTE
    system_stm32f10x.c                       0x00000000   Number         0  system_stm32f10x.o ABSOLUTE
    RESET                                    0x08000000   Section      304  startup_stm32f10x_hd.o(RESET)
    !!!main                                  0x08000130   Section        8  __main.o(!!!main)
    !!!scatter                               0x08000138   Section       52  __scatter.o(!!!scatter)
    !!dczerorl2                              0x0800016c   Section       90  __dczerorl2.o(!!dczerorl2)
    !!handler_zi                             0x080001c8   Section       28  __scatter_zi.o(!!handler_zi)
    .ARM.Collect$$libinit$$00000000          0x080001e4   Section        2  libinit.o(.ARM.Collect$$libinit$$00000000)
    .ARM.Collect$$libinit$$00000002          0x080001e6   Section        0  libinit2.o(.ARM.Collect$$libinit$$00000002)
    .ARM.Collect$$libinit$$00000004          0x080001e6   Section        0  libinit2.o(.ARM.Collect$$libinit$$00000004)
    .ARM.Collect$$libinit$$0000000A          0x080001e6   Section        0  libinit2.o(.ARM.Collect$$libinit$$0000000A)
    .ARM.Collect$$libinit$$0000000C          0x080001e6   Section        0  libinit2.o(.ARM.Collect$$libinit$$0000000C)
    .ARM.Collect$$libinit$$0000000E          0x080001e6   Section        0  libinit2.o(.ARM.Collect$$libinit$$0000000E)
    .ARM.Collect$$libinit$$00000011          0x080001e6   Section        0  libinit2.o(.ARM.Collect$$libinit$$00000011)
    .ARM.Collect$$libinit$$00000013          0x080001e6   Section        0  libinit2.o(.ARM.Collect$$libinit$$00000013)
    .ARM.Collect$$libinit$$00000015          0x080001e6   Section        0  libinit2.o(.ARM.Collect$$libinit$$00000015)
    .ARM.Collect$$libinit$$00000017          0x080001e6   Section        0  libinit2.o(.ARM.Collect$$libinit$$00000017)
    .ARM.Collect$$libinit$$00000019          0x080001e6   Section        0  libinit2.o(.ARM.Collect$$libinit$$00000019)
    .ARM.Collect$$libinit$$0000001B          0x080001e6   Section        0  libinit2.o(.ARM.Collect$$libinit$$0000001B)
    .ARM.Collect$$libinit$$0000001D          0x080001e6   Section        0  libinit2.o(.ARM.Collect$$libinit$$0000001D)
    .ARM.Collect$$libinit$$0000001F          0x080001e6   Section        0  libinit2.o(.ARM.Collect$$libinit$$0000001F)
    .ARM.Collect$$libinit$$00000021          0x080001e6   Section        0  libinit2.o(.ARM.Collect$$libinit$$00000021)
    .ARM.Collect$$libinit$$00000023          0x080001e6   Section        0  libinit2.o(.ARM.Collect$$libinit$$00000023)
    .ARM.Collect$$libinit$$00000025          0x080001e6   Section        0  libinit2.o(.ARM.Collect$$libinit$$00000025)
    .ARM.Collect$$libinit$$0000002C          0x080001e6   Section        0  libinit2.o(.ARM.Collect$$libinit$$0000002C)
    .ARM.Collect$$libinit$$0000002E          0x080001e6   Section        0  libinit2.o(.ARM.Collect$$libinit$$0000002E)
    .ARM.Collect$$libinit$$00000030          0x080001e6   Section        0  libinit2.o(.ARM.Collect$$libinit$$00000030)
    .ARM.Collect$$libinit$$00000032          0x080001e6   Section        0  libinit2.o(.ARM.Collect$$libinit$$00000032)
    .ARM.Collect$$libinit$$00000033          0x080001e6   Section        2  libinit2.o(.ARM.Collect$$libinit$$00000033)
    .ARM.Collect$$libshutdown$$00000000      0x080001e8   Section        2  libshutdown.o(.ARM.Collect$$libshutdown$$00000000)
    .ARM.Collect$$libshutdown$$00000002      0x080001ea   Section        0  libshutdown2.o(.ARM.Collect$$libshutdown$$00000002)
    .ARM.Collect$$libshutdown$$00000004      0x080001ea   Section        0  libshutdown2.o(.ARM.Collect$$libshutdown$$00000004)
    .ARM.Collect$$libshutdown$$00000007      0x080001ea   Section        0  libshutdown2.o(.ARM.Collect$$libshutdown$$00000007)
    .ARM.Collect$$libshutdown$$0000000A      0x080001ea   Section        0  libshutdown2.o(.ARM.Collect$$libshutdown$$0000000A)
    .ARM.Collect$$libshutdown$$0000000C      0x080001ea   Section        0  libshutdown2.o(.ARM.Collect$$libshutdown$$0000000C)
    .ARM.Collect$$libshutdown$$0000000F      0x080001ea   Section        0  libshutdown2.o(.ARM.Collect$$libshutdown$$0000000F)
    .ARM.Collect$$libshutdown$$00000010      0x080001ea   Section        2  libshutdown2.o(.ARM.Collect$$libshutdown$$00000010)
    .ARM.Collect$$rtentry$$00000000          0x080001ec   Section        0  __rtentry.o(.ARM.Collect$$rtentry$$00000000)
    .ARM.Collect$$rtentry$$00000002          0x080001ec   Section        0  __rtentry2.o(.ARM.Collect$$rtentry$$00000002)
    .ARM.Collect$$rtentry$$00000004          0x080001ec   Section        6  __rtentry4.o(.ARM.Collect$$rtentry$$00000004)
    .ARM.Collect$$rtentry$$00000009          0x080001f2   Section        0  __rtentry2.o(.ARM.Collect$$rtentry$$00000009)
    .ARM.Collect$$rtentry$$0000000A          0x080001f2   Section        4  __rtentry2.o(.ARM.Collect$$rtentry$$0000000A)
    .ARM.Collect$$rtentry$$0000000C          0x080001f6   Section        0  __rtentry2.o(.ARM.Collect$$rtentry$$0000000C)
    .ARM.Collect$$rtentry$$0000000D          0x080001f6   Section        8  __rtentry2.o(.ARM.Collect$$rtentry$$0000000D)
    .ARM.Collect$$rtexit$$00000000           0x080001fe   Section        2  rtexit.o(.ARM.Collect$$rtexit$$00000000)
    .ARM.Collect$$rtexit$$00000002           0x08000200   Section        0  rtexit2.o(.ARM.Collect$$rtexit$$00000002)
    .ARM.Collect$$rtexit$$00000003           0x08000200   Section        4  rtexit2.o(.ARM.Collect$$rtexit$$00000003)
    .ARM.Collect$$rtexit$$00000004           0x08000204   Section        6  rtexit2.o(.ARM.Collect$$rtexit$$00000004)
    .text                                    0x0800020c   Section        0  main.o(.text)
    .text                                    0x08000248   Section        0  stm32f10x_it.o(.text)
    .text                                    0x08000264   Section        0  system_stm32f10x.o(.text)
    SetSysClockTo72                          0x08000265   Thumb Code   214  system_stm32f10x.o(.text)
    SetSysClock                              0x0800033b   Thumb Code     8  system_stm32f10x.o(.text)
    .text                                    0x08000444   Section        0  led.o(.text)
    .text                                    0x0800059c   Section        0  dma.o(.text)
    .text                                    0x08000614   Section        0  delay.o(.text)
    .text                                    0x080006e8   Section        0  sys.o(.text)
    .text                                    0x08000700   Section        0  usart.o(.text)
    .text                                    0x08000840   Section       64  startup_stm32f10x_hd.o(.text)
    .text                                    0x08000880   Section        0  stm32f10x_gpio.o(.text)
    .text                                    0x08000bdc   Section        0  stm32f10x_rcc.o(.text)
    .text                                    0x08000f80   Section        0  stm32f10x_usart.o(.text)
    .text                                    0x08001388   Section        0  misc.o(.text)
    .text                                    0x08001464   Section        0  stm32f10x_dma.o(.text)
    .text                                    0x080016b8   Section        0  solgui_common.o(.text)
    .text                                    0x08001744   Section        0  solgui_gbasic.o(.text)
    .text                                    0x08001abe   Section        0  solgui_hardware.o(.text)
    .text                                    0x08001adc   Section        0  solgui_menu.o(.text)
    .text                                    0x08001c30   Section        0  solgui_picture.o(.text)
    .text                                    0x08001cbc   Section        0  solgui_printf.o(.text)
    .text                                    0x080022c0   Section        0  solgui_widget.o(.text)
    .text                                    0x0800379c   Section        0  oled.o(.text)
    .text                                    0x08003d94   Section        2  use_no_semi_2.o(.text)
    .text                                    0x08003d96   Section        0  strcpy.o(.text)
    .text                                    0x08003dde   Section        0  strlen.o(.text)
    .text                                    0x08003e1c   Section       68  rt_memclr.o(.text)
    .text                                    0x08003e60   Section       78  rt_memclr_w.o(.text)
    .text                                    0x08003eae   Section       86  strncpy.o(.text)
    .text                                    0x08003f04   Section        0  heapauxi.o(.text)
    .text                                    0x08003f0a   Section        2  use_no_semi.o(.text)
    .text                                    0x08003f0c   Section       74  sys_stackheap_outer.o(.text)
    .text                                    0x08003f56   Section        0  exit.o(.text)
    .text                                    0x08003f68   Section        8  libspace.o(.text)
    x$fpl$d2f                                0x08003f70   Section       98  d2f.o(x$fpl$d2f)
    x$fpl$dadd                               0x08003fd4   Section      336  daddsub_clz.o(x$fpl$dadd)
    _dadd1                                   0x08003fe5   Thumb Code     0  daddsub_clz.o(x$fpl$dadd)
    x$fpl$dcmpinf                            0x08004124   Section       24  dcmpi.o(x$fpl$dcmpinf)
    x$fpl$ddiv                               0x0800413c   Section      688  ddiv.o(x$fpl$ddiv)
    ddiv_entry                               0x08004143   Thumb Code     0  ddiv.o(x$fpl$ddiv)
    x$fpl$dfix                               0x080043ec   Section       94  dfix.o(x$fpl$dfix)
    x$fpl$dfixu                              0x0800444c   Section       90  dfixu.o(x$fpl$dfixu)
    x$fpl$dflt                               0x080044a6   Section       46  dflt_clz.o(x$fpl$dflt)
    x$fpl$dfltu                              0x080044d4   Section       38  dflt_clz.o(x$fpl$dfltu)
    x$fpl$dleqf                              0x080044fc   Section      120  dleqf.o(x$fpl$dleqf)
    x$fpl$dmul                               0x08004574   Section      340  dmul.o(x$fpl$dmul)
    x$fpl$dnaninf                            0x080046c8   Section      156  dnaninf.o(x$fpl$dnaninf)
    x$fpl$dretinf                            0x08004764   Section       12  dretinf.o(x$fpl$dretinf)
    x$fpl$drleqf                             0x08004770   Section      108  drleqf.o(x$fpl$drleqf)
    x$fpl$drsb                               0x080047dc   Section       22  daddsub_clz.o(x$fpl$drsb)
    x$fpl$dsub                               0x080047f4   Section      468  daddsub_clz.o(x$fpl$dsub)
    _dsub1                                   0x08004805   Thumb Code     0  daddsub_clz.o(x$fpl$dsub)
    x$fpl$f2d                                0x080049c8   Section       86  f2d.o(x$fpl$f2d)
    x$fpl$fadd                               0x08004a20   Section      196  faddsub_clz.o(x$fpl$fadd)
    _fadd1                                   0x08004a2f   Thumb Code     0  faddsub_clz.o(x$fpl$fadd)
    x$fpl$fdiv                               0x08004ae4   Section      388  fdiv.o(x$fpl$fdiv)
    _fdiv1                                   0x08004ae5   Thumb Code     0  fdiv.o(x$fpl$fdiv)
    x$fpl$ffixu                              0x08004c68   Section       62  ffixu.o(x$fpl$ffixu)
    x$fpl$ffltu                              0x08004ca8   Section       38  fflt_clz.o(x$fpl$ffltu)
    x$fpl$fmul                               0x08004cd0   Section      258  fmul.o(x$fpl$fmul)
    x$fpl$fnaninf                            0x08004dd2   Section      140  fnaninf.o(x$fpl$fnaninf)
    x$fpl$fretinf                            0x08004e5e   Section       10  fretinf.o(x$fpl$fretinf)
    x$fpl$frsb                               0x08004e68   Section       20  faddsub_clz.o(x$fpl$frsb)
    x$fpl$fsub                               0x08004e7c   Section      234  faddsub_clz.o(x$fpl$fsub)
    _fsub1                                   0x08004e8b   Thumb Code     0  faddsub_clz.o(x$fpl$fsub)
    .constdata                               0x08004f66   Section      101  solgui_widget.o(.constdata)
    x$fpl$usenofp                            0x08004f66   Section        0  usenofp.o(x$fpl$usenofp)
    .constdata                               0x08004fcb   Section      848  font6x8_ascii.o(.constdata)
    .constdata                               0x0800531b   Section     2072  oled.o(.constdata)
    .conststring                             0x08005b34   Section       38  solgui_widget.o(.conststring)
    .conststring                             0x08005b5c   Section       60  oled.o(.conststring)
    .data                                    0x20000000   Section       20  system_stm32f10x.o(.data)
    .data                                    0x20000014   Section        1  dma.o(.data)
    .data                                    0x20000016   Section        4  delay.o(.data)
    fac_us                                   0x20000016   Data           1  delay.o(.data)
    fac_ms                                   0x20000018   Data           2  delay.o(.data)
    .data                                    0x2000001c   Section        6  usart.o(.data)
    .data                                    0x20000022   Section       20  stm32f10x_rcc.o(.data)
    APBAHBPrescTable                         0x20000022   Data          16  stm32f10x_rcc.o(.data)
    ADCPrescTable                            0x20000032   Data           4  stm32f10x_rcc.o(.data)
    .data                                    0x20000038   Section       13  solgui_menu.o(.data)
    .data                                    0x20000048   Section        8  solgui_printf.o(.data)
    .data                                    0x20000050   Section      118  solgui_widget.o(.data)
    spin_pos                                 0x200000c0   Data           1  solgui_widget.o(.data)
    edit_cursor_row                          0x200000c2   Data           2  solgui_widget.o(.data)
    edit_cursor_col                          0x200000c4   Data           2  solgui_widget.o(.data)
    .data                                    0x200000c8   Section     3268  oled.o(.data)
    .bss                                     0x20000d8c   Section      200  usart.o(.bss)
    .bss                                     0x20000e54   Section     1024  solgui_common.o(.bss)
    .bss                                     0x20001254   Section       69  solgui_widget.o(.bss)
    edit_buf                                 0x20001270   Data          41  solgui_widget.o(.bss)
    .bss                                     0x2000129c   Section       96  libspace.o(.bss)
    HEAP                                     0x20001300   Section      512  startup_stm32f10x_hd.o(HEAP)
    Heap_Mem                                 0x20001300   Data         512  startup_stm32f10x_hd.o(HEAP)
    STACK                                    0x20001500   Section     1024  startup_stm32f10x_hd.o(STACK)
    Stack_Mem                                0x20001500   Data        1024  startup_stm32f10x_hd.o(STACK)
    __initial_sp                             0x20001900   Data           0  startup_stm32f10x_hd.o(STACK)

    Global Symbols

    Symbol Name                              Value     Ov Type        Size  Object(Section)

    BuildAttributes$$THM_ISAv4$P$D$K$B$S$PE$A:L22UL41UL21$X:L11$S22US41US21$IEEE1$IW$USESV6$~STKCKD$USESV7$~SHL$OSPACE$ROPI$EBA8$UX$STANDARDLIB$REQ8$PRES8$EABIv2 0x00000000   Number         0  anon$$obj.o ABSOLUTE
    __ARM_use_no_argv                        0x00000000   Number         0  main.o ABSOLUTE
    __ARM_exceptions_init                     - Undefined Weak Reference
    __alloca_initialize                       - Undefined Weak Reference
    __arm_preinit_                            - Undefined Weak Reference
    __cpp_initialize__aeabi_                  - Undefined Weak Reference
    __cxa_finalize                            - Undefined Weak Reference
    __rt_locale                               - Undefined Weak Reference
    __sigvec_lookup                           - Undefined Weak Reference
    _atexit_init                              - Undefined Weak Reference
    _call_atexit_fns                          - Undefined Weak Reference
    _clock_init                               - Undefined Weak Reference
    _fp_trap_init                             - Undefined Weak Reference
    _fp_trap_shutdown                         - Undefined Weak Reference
    _get_lc_collate                           - Undefined Weak Reference
    _get_lc_ctype                             - Undefined Weak Reference
    _get_lc_monetary                          - Undefined Weak Reference
    _get_lc_numeric                           - Undefined Weak Reference
    _get_lc_time                              - Undefined Weak Reference
    _getenv_init                              - Undefined Weak Reference
    _handle_redirection                       - Undefined Weak Reference
    _init_alloc                               - Undefined Weak Reference
    _init_user_alloc                          - Undefined Weak Reference
    _initio                                   - Undefined Weak Reference
    _rand_init                                - Undefined Weak Reference
    _signal_finish                            - Undefined Weak Reference
    _signal_init                              - Undefined Weak Reference
    _terminate_alloc                          - Undefined Weak Reference
    _terminate_user_alloc                     - Undefined Weak Reference
    _terminateio                              - Undefined Weak Reference
    __Vectors_Size                           0x00000130   Number         0  startup_stm32f10x_hd.o ABSOLUTE
    __Vectors                                0x08000000   Data           4  startup_stm32f10x_hd.o(RESET)
    __Vectors_End                            0x08000130   Data           0  startup_stm32f10x_hd.o(RESET)
    __main                                   0x08000131   Thumb Code     8  __main.o(!!!main)
    __scatterload                            0x08000139   Thumb Code     0  __scatter.o(!!!scatter)
    __scatterload_rt2                        0x08000139   Thumb Code    44  __scatter.o(!!!scatter)
    __scatterload_rt2_thumb_only             0x08000139   Thumb Code     0  __scatter.o(!!!scatter)
    __scatterload_null                       0x08000147   Thumb Code     0  __scatter.o(!!!scatter)
    __decompress                             0x0800016d   Thumb Code    90  __dczerorl2.o(!!dczerorl2)
    __decompress1                            0x0800016d   Thumb Code     0  __dczerorl2.o(!!dczerorl2)
    __scatterload_zeroinit                   0x080001c9   Thumb Code    28  __scatter_zi.o(!!handler_zi)
    __rt_lib_init                            0x080001e5   Thumb Code     0  libinit.o(.ARM.Collect$$libinit$$00000000)
    __rt_lib_init_alloca_1                   0x080001e7   Thumb Code     0  libinit2.o(.ARM.Collect$$libinit$$0000002E)
    __rt_lib_init_argv_1                     0x080001e7   Thumb Code     0  libinit2.o(.ARM.Collect$$libinit$$0000002C)
    __rt_lib_init_atexit_1                   0x080001e7   Thumb Code     0  libinit2.o(.ARM.Collect$$libinit$$0000001B)
    __rt_lib_init_clock_1                    0x080001e7   Thumb Code     0  libinit2.o(.ARM.Collect$$libinit$$00000021)
    __rt_lib_init_cpp_1                      0x080001e7   Thumb Code     0  libinit2.o(.ARM.Collect$$libinit$$00000032)
    __rt_lib_init_exceptions_1               0x080001e7   Thumb Code     0  libinit2.o(.ARM.Collect$$libinit$$00000030)
    __rt_lib_init_fp_1                       0x080001e7   Thumb Code     0  libinit2.o(.ARM.Collect$$libinit$$00000002)
    __rt_lib_init_fp_trap_1                  0x080001e7   Thumb Code     0  libinit2.o(.ARM.Collect$$libinit$$0000001F)
    __rt_lib_init_getenv_1                   0x080001e7   Thumb Code     0  libinit2.o(.ARM.Collect$$libinit$$00000023)
    __rt_lib_init_heap_1                     0x080001e7   Thumb Code     0  libinit2.o(.ARM.Collect$$libinit$$0000000A)
    __rt_lib_init_lc_collate_1               0x080001e7   Thumb Code     0  libinit2.o(.ARM.Collect$$libinit$$00000011)
    __rt_lib_init_lc_ctype_1                 0x080001e7   Thumb Code     0  libinit2.o(.ARM.Collect$$libinit$$00000013)
    __rt_lib_init_lc_monetary_1              0x080001e7   Thumb Code     0  libinit2.o(.ARM.Collect$$libinit$$00000015)
    __rt_lib_init_lc_numeric_1               0x080001e7   Thumb Code     0  libinit2.o(.ARM.Collect$$libinit$$00000017)
    __rt_lib_init_lc_time_1                  0x080001e7   Thumb Code     0  libinit2.o(.ARM.Collect$$libinit$$00000019)
    __rt_lib_init_preinit_1                  0x080001e7   Thumb Code     0  libinit2.o(.ARM.Collect$$libinit$$00000004)
    __rt_lib_init_rand_1                     0x080001e7   Thumb Code     0  libinit2.o(.ARM.Collect$$libinit$$0000000E)
    __rt_lib_init_return                     0x080001e7   Thumb Code     0  libinit2.o(.ARM.Collect$$libinit$$00000033)
    __rt_lib_init_signal_1                   0x080001e7   Thumb Code     0  libinit2.o(.ARM.Collect$$libinit$$0000001D)
    __rt_lib_init_stdio_1                    0x080001e7   Thumb Code     0  libinit2.o(.ARM.Collect$$libinit$$00000025)
    __rt_lib_init_user_alloc_1               0x080001e7   Thumb Code     0  libinit2.o(.ARM.Collect$$libinit$$0000000C)
    __rt_lib_shutdown                        0x080001e9   Thumb Code     0  libshutdown.o(.ARM.Collect$$libshutdown$$00000000)
    __rt_lib_shutdown_cpp_1                  0x080001eb   Thumb Code     0  libshutdown2.o(.ARM.Collect$$libshutdown$$00000002)
    __rt_lib_shutdown_fp_trap_1              0x080001eb   Thumb Code     0  libshutdown2.o(.ARM.Collect$$libshutdown$$00000007)
    __rt_lib_shutdown_heap_1                 0x080001eb   Thumb Code     0  libshutdown2.o(.ARM.Collect$$libshutdown$$0000000F)
    __rt_lib_shutdown_return                 0x080001eb   Thumb Code     0  libshutdown2.o(.ARM.Collect$$libshutdown$$00000010)
    __rt_lib_shutdown_signal_1               0x080001eb   Thumb Code     0  libshutdown2.o(.ARM.Collect$$libshutdown$$0000000A)
    __rt_lib_shutdown_stdio_1                0x080001eb   Thumb Code     0  libshutdown2.o(.ARM.Collect$$libshutdown$$00000004)
    __rt_lib_shutdown_user_alloc_1           0x080001eb   Thumb Code     0  libshutdown2.o(.ARM.Collect$$libshutdown$$0000000C)
    __rt_entry                               0x080001ed   Thumb Code     0  __rtentry.o(.ARM.Collect$$rtentry$$00000000)
    __rt_entry_presh_1                       0x080001ed   Thumb Code     0  __rtentry2.o(.ARM.Collect$$rtentry$$00000002)
    __rt_entry_sh                            0x080001ed   Thumb Code     0  __rtentry4.o(.ARM.Collect$$rtentry$$00000004)
    __rt_entry_li                            0x080001f3   Thumb Code     0  __rtentry2.o(.ARM.Collect$$rtentry$$0000000A)
    __rt_entry_postsh_1                      0x080001f3   Thumb Code     0  __rtentry2.o(.ARM.Collect$$rtentry$$00000009)
    __rt_entry_main                          0x080001f7   Thumb Code     0  __rtentry2.o(.ARM.Collect$$rtentry$$0000000D)
    __rt_entry_postli_1                      0x080001f7   Thumb Code     0  __rtentry2.o(.ARM.Collect$$rtentry$$0000000C)
    __rt_exit                                0x080001ff   Thumb Code     0  rtexit.o(.ARM.Collect$$rtexit$$00000000)
    __rt_exit_ls                             0x08000201   Thumb Code     0  rtexit2.o(.ARM.Collect$$rtexit$$00000003)
    __rt_exit_prels_1                        0x08000201   Thumb Code     0  rtexit2.o(.ARM.Collect$$rtexit$$00000002)
    __rt_exit_exit                           0x08000205   Thumb Code     0  rtexit2.o(.ARM.Collect$$rtexit$$00000004)
    main                                     0x0800020d   Thumb Code    54  main.o(.text)
    NMI_Handler                              0x08000249   Thumb Code     2  stm32f10x_it.o(.text)
    HardFault_Handler                        0x0800024b   Thumb Code     4  stm32f10x_it.o(.text)
    MemManage_Handler                        0x0800024f   Thumb Code     4  stm32f10x_it.o(.text)
    BusFault_Handler                         0x08000253   Thumb Code     4  stm32f10x_it.o(.text)
    UsageFault_Handler                       0x08000257   Thumb Code     4  stm32f10x_it.o(.text)
    SVC_Handler                              0x0800025b   Thumb Code     2  stm32f10x_it.o(.text)
    DebugMon_Handler                         0x0800025d   Thumb Code     2  stm32f10x_it.o(.text)
    PendSV_Handler                           0x0800025f   Thumb Code     2  stm32f10x_it.o(.text)
    SysTick_Handler                          0x08000261   Thumb Code     2  stm32f10x_it.o(.text)
    SystemInit                               0x08000343   Thumb Code    78  system_stm32f10x.o(.text)
    SystemCoreClockUpdate                    0x08000391   Thumb Code   142  system_stm32f10x.o(.text)
    LED_Init                                 0x08000445   Thumb Code    50  led.o(.text)
    KEY_Init                                 0x08000477   Thumb Code    34  led.o(.text)
    BEEP_Init                                0x08000499   Thumb Code    46  led.o(.text)
    Get_Key                                  0x080004c7   Thumb Code   196  led.o(.text)
    MYDMA_Config                             0x0800059d   Thumb Code    86  dma.o(.text)
    DMA1_Channel1_IRQHandler                 0x080005f3   Thumb Code    24  dma.o(.text)
    delay_init                               0x08000615   Thumb Code    50  delay.o(.text)
    delay_us                                 0x08000647   Thumb Code    72  delay.o(.text)
    delay_ms                                 0x0800068f   Thumb Code    72  delay.o(.text)
    WFI_SET                                  0x080006e9   Thumb Code     4  sys.o(.text)
    INTX_DISABLE                             0x080006ed   Thumb Code     4  sys.o(.text)
    INTX_ENABLE                              0x080006f1   Thumb Code     4  sys.o(.text)
    NVIC_Configuration                       0x080006f5   Thumb Code    12  sys.o(.text)
    _sys_exit                                0x08000701   Thumb Code     6  usart.o(.text)
    fputc                                    0x08000707   Thumb Code    24  usart.o(.text)
    uart_init                                0x0800071f   Thumb Code   152  usart.o(.text)
    USART1_IRQHandler                        0x080007b7   Thumb Code   122  usart.o(.text)
    Reset_Handler                            0x08000841   Thumb Code     8  startup_stm32f10x_hd.o(.text)
    ADC1_2_IRQHandler                        0x0800085b   Thumb Code     0  startup_stm32f10x_hd.o(.text)
    ADC3_IRQHandler                          0x0800085b   Thumb Code     0  startup_stm32f10x_hd.o(.text)
    CAN1_RX1_IRQHandler                      0x0800085b   Thumb Code     0  startup_stm32f10x_hd.o(.text)
    CAN1_SCE_IRQHandler                      0x0800085b   Thumb Code     0  startup_stm32f10x_hd.o(.text)
    DMA1_Channel2_IRQHandler                 0x0800085b   Thumb Code     0  startup_stm32f10x_hd.o(.text)
    DMA1_Channel3_IRQHandler                 0x0800085b   Thumb Code     0  startup_stm32f10x_hd.o(.text)
    DMA1_Channel4_IRQHandler                 0x0800085b   Thumb Code     0  startup_stm32f10x_hd.o(.text)
    DMA1_Channel5_IRQHandler                 0x0800085b   Thumb Code     0  startup_stm32f10x_hd.o(.text)
    DMA1_Channel6_IRQHandler                 0x0800085b   Thumb Code     0  startup_stm32f10x_hd.o(.text)
    DMA1_Channel7_IRQHandler                 0x0800085b   Thumb Code     0  startup_stm32f10x_hd.o(.text)
    DMA2_Channel1_IRQHandler                 0x0800085b   Thumb Code     0  startup_stm32f10x_hd.o(.text)
    DMA2_Channel2_IRQHandler                 0x0800085b   Thumb Code     0  startup_stm32f10x_hd.o(.text)
    DMA2_Channel3_IRQHandler                 0x0800085b   Thumb Code     0  startup_stm32f10x_hd.o(.text)
    DMA2_Channel4_5_IRQHandler               0x0800085b   Thumb Code     0  startup_stm32f10x_hd.o(.text)
    EXTI0_IRQHandler                         0x0800085b   Thumb Code     0  startup_stm32f10x_hd.o(.text)
    EXTI15_10_IRQHandler                     0x0800085b   Thumb Code     0  startup_stm32f10x_hd.o(.text)
    EXTI1_IRQHandler                         0x0800085b   Thumb Code     0  startup_stm32f10x_hd.o(.text)
    EXTI2_IRQHandler                         0x0800085b   Thumb Code     0  startup_stm32f10x_hd.o(.text)
    EXTI3_IRQHandler                         0x0800085b   Thumb Code     0  startup_stm32f10x_hd.o(.text)
    EXTI4_IRQHandler                         0x0800085b   Thumb Code     0  startup_stm32f10x_hd.o(.text)
    EXTI9_5_IRQHandler                       0x0800085b   Thumb Code     0  startup_stm32f10x_hd.o(.text)
    FLASH_IRQHandler                         0x0800085b   Thumb Code     0  startup_stm32f10x_hd.o(.text)
    FSMC_IRQHandler                          0x0800085b   Thumb Code     0  startup_stm32f10x_hd.o(.text)
    I2C1_ER_IRQHandler                       0x0800085b   Thumb Code     0  startup_stm32f10x_hd.o(.text)
    I2C1_EV_IRQHandler                       0x0800085b   Thumb Code     0  startup_stm32f10x_hd.o(.text)
    I2C2_ER_IRQHandler                       0x0800085b   Thumb Code     0  startup_stm32f10x_hd.o(.text)
    I2C2_EV_IRQHandler                       0x0800085b   Thumb Code     0  startup_stm32f10x_hd.o(.text)
    PVD_IRQHandler                           0x0800085b   Thumb Code     0  startup_stm32f10x_hd.o(.text)
    RCC_IRQHandler                           0x0800085b   Thumb Code     0  startup_stm32f10x_hd.o(.text)
    RTCAlarm_IRQHandler                      0x0800085b   Thumb Code     0  startup_stm32f10x_hd.o(.text)
    RTC_IRQHandler                           0x0800085b   Thumb Code     0  startup_stm32f10x_hd.o(.text)
    SDIO_IRQHandler                          0x0800085b   Thumb Code     0  startup_stm32f10x_hd.o(.text)
    SPI1_IRQHandler                          0x0800085b   Thumb Code     0  startup_stm32f10x_hd.o(.text)
    SPI2_IRQHandler                          0x0800085b   Thumb Code     0  startup_stm32f10x_hd.o(.text)
    SPI3_IRQHandler                          0x0800085b   Thumb Code     0  startup_stm32f10x_hd.o(.text)
    TAMPER_IRQHandler                        0x0800085b   Thumb Code     0  startup_stm32f10x_hd.o(.text)
    TIM1_BRK_IRQHandler                      0x0800085b   Thumb Code     0  startup_stm32f10x_hd.o(.text)
    TIM1_CC_IRQHandler                       0x0800085b   Thumb Code     0  startup_stm32f10x_hd.o(.text)
    TIM1_TRG_COM_IRQHandler                  0x0800085b   Thumb Code     0  startup_stm32f10x_hd.o(.text)
    TIM1_UP_IRQHandler                       0x0800085b   Thumb Code     0  startup_stm32f10x_hd.o(.text)
    TIM2_IRQHandler                          0x0800085b   Thumb Code     0  startup_stm32f10x_hd.o(.text)
    TIM3_IRQHandler                          0x0800085b   Thumb Code     0  startup_stm32f10x_hd.o(.text)
    TIM4_IRQHandler                          0x0800085b   Thumb Code     0  startup_stm32f10x_hd.o(.text)
    TIM5_IRQHandler                          0x0800085b   Thumb Code     0  startup_stm32f10x_hd.o(.text)
    TIM6_IRQHandler                          0x0800085b   Thumb Code     0  startup_stm32f10x_hd.o(.text)
    TIM7_IRQHandler                          0x0800085b   Thumb Code     0  startup_stm32f10x_hd.o(.text)
    TIM8_BRK_IRQHandler                      0x0800085b   Thumb Code     0  startup_stm32f10x_hd.o(.text)
    TIM8_CC_IRQHandler                       0x0800085b   Thumb Code     0  startup_stm32f10x_hd.o(.text)
    TIM8_TRG_COM_IRQHandler                  0x0800085b   Thumb Code     0  startup_stm32f10x_hd.o(.text)
    TIM8_UP_IRQHandler                       0x0800085b   Thumb Code     0  startup_stm32f10x_hd.o(.text)
    UART4_IRQHandler                         0x0800085b   Thumb Code     0  startup_stm32f10x_hd.o(.text)
    UART5_IRQHandler                         0x0800085b   Thumb Code     0  startup_stm32f10x_hd.o(.text)
    USART2_IRQHandler                        0x0800085b   Thumb Code     0  startup_stm32f10x_hd.o(.text)
    USART3_IRQHandler                        0x0800085b   Thumb Code     0  startup_stm32f10x_hd.o(.text)
    USBWakeUp_IRQHandler                     0x0800085b   Thumb Code     0  startup_stm32f10x_hd.o(.text)
    USB_HP_CAN1_TX_IRQHandler                0x0800085b   Thumb Code     0  startup_stm32f10x_hd.o(.text)
    USB_LP_CAN1_RX0_IRQHandler               0x0800085b   Thumb Code     0  startup_stm32f10x_hd.o(.text)
    WWDG_IRQHandler                          0x0800085b   Thumb Code     0  startup_stm32f10x_hd.o(.text)
    __user_initial_stackheap                 0x0800085d   Thumb Code     0  startup_stm32f10x_hd.o(.text)
    GPIO_DeInit                              0x08000881   Thumb Code   172  stm32f10x_gpio.o(.text)
    GPIO_AFIODeInit                          0x0800092d   Thumb Code    20  stm32f10x_gpio.o(.text)
    GPIO_Init                                0x08000941   Thumb Code   278  stm32f10x_gpio.o(.text)
    GPIO_StructInit                          0x08000a57   Thumb Code    16  stm32f10x_gpio.o(.text)
    GPIO_ReadInputDataBit                    0x08000a67   Thumb Code    18  stm32f10x_gpio.o(.text)
    GPIO_ReadInputData                       0x08000a79   Thumb Code     8  stm32f10x_gpio.o(.text)
    GPIO_ReadOutputDataBit                   0x08000a81   Thumb Code    18  stm32f10x_gpio.o(.text)
    GPIO_ReadOutputData                      0x08000a93   Thumb Code     8  stm32f10x_gpio.o(.text)
    GPIO_SetBits                             0x08000a9b   Thumb Code     4  stm32f10x_gpio.o(.text)
    GPIO_ResetBits                           0x08000a9f   Thumb Code     4  stm32f10x_gpio.o(.text)
    GPIO_WriteBit                            0x08000aa3   Thumb Code    10  stm32f10x_gpio.o(.text)
    GPIO_Write                               0x08000aad   Thumb Code     4  stm32f10x_gpio.o(.text)
    GPIO_PinLockConfig                       0x08000ab1   Thumb Code    18  stm32f10x_gpio.o(.text)
    GPIO_EventOutputConfig                   0x08000ac3   Thumb Code    26  stm32f10x_gpio.o(.text)
    GPIO_EventOutputCmd                      0x08000add   Thumb Code     6  stm32f10x_gpio.o(.text)
    GPIO_PinRemapConfig                      0x08000ae3   Thumb Code   138  stm32f10x_gpio.o(.text)
    GPIO_EXTILineConfig                      0x08000b6d   Thumb Code    66  stm32f10x_gpio.o(.text)
    GPIO_ETH_MediaInterfaceConfig            0x08000baf   Thumb Code     8  stm32f10x_gpio.o(.text)
    RCC_DeInit                               0x08000bdd   Thumb Code    64  stm32f10x_rcc.o(.text)
    RCC_HSEConfig                            0x08000c1d   Thumb Code    70  stm32f10x_rcc.o(.text)
    RCC_GetFlagStatus                        0x08000c63   Thumb Code    56  stm32f10x_rcc.o(.text)
    RCC_WaitForHSEStartUp                    0x08000c9b   Thumb Code    56  stm32f10x_rcc.o(.text)
    RCC_AdjustHSICalibrationValue            0x08000cd3   Thumb Code    20  stm32f10x_rcc.o(.text)
    RCC_HSICmd                               0x08000ce7   Thumb Code     6  stm32f10x_rcc.o(.text)
    RCC_PLLConfig                            0x08000ced   Thumb Code    24  stm32f10x_rcc.o(.text)
    RCC_PLLCmd                               0x08000d05   Thumb Code     6  stm32f10x_rcc.o(.text)
    RCC_SYSCLKConfig                         0x08000d0b   Thumb Code    18  stm32f10x_rcc.o(.text)
    RCC_GetSYSCLKSource                      0x08000d1d   Thumb Code    10  stm32f10x_rcc.o(.text)
    RCC_HCLKConfig                           0x08000d27   Thumb Code    18  stm32f10x_rcc.o(.text)
    RCC_PCLK1Config                          0x08000d39   Thumb Code    18  stm32f10x_rcc.o(.text)
    RCC_PCLK2Config                          0x08000d4b   Thumb Code    20  stm32f10x_rcc.o(.text)
    RCC_ITConfig                             0x08000d5f   Thumb Code    26  stm32f10x_rcc.o(.text)
    RCC_USBCLKConfig                         0x08000d79   Thumb Code     8  stm32f10x_rcc.o(.text)
    RCC_ADCCLKConfig                         0x08000d81   Thumb Code    18  stm32f10x_rcc.o(.text)
    RCC_LSEConfig                            0x08000d93   Thumb Code    50  stm32f10x_rcc.o(.text)
    RCC_LSICmd                               0x08000dc5   Thumb Code     6  stm32f10x_rcc.o(.text)
    RCC_RTCCLKConfig                         0x08000dcb   Thumb Code    12  stm32f10x_rcc.o(.text)
    RCC_RTCCLKCmd                            0x08000dd7   Thumb Code     8  stm32f10x_rcc.o(.text)
    RCC_GetClocksFreq                        0x08000ddf   Thumb Code   192  stm32f10x_rcc.o(.text)
    RCC_AHBPeriphClockCmd                    0x08000e9f   Thumb Code    26  stm32f10x_rcc.o(.text)
    RCC_APB2PeriphClockCmd                   0x08000eb9   Thumb Code    26  stm32f10x_rcc.o(.text)
    RCC_APB1PeriphClockCmd                   0x08000ed3   Thumb Code    26  stm32f10x_rcc.o(.text)
    RCC_APB2PeriphResetCmd                   0x08000eed   Thumb Code    26  stm32f10x_rcc.o(.text)
    RCC_APB1PeriphResetCmd                   0x08000f07   Thumb Code    26  stm32f10x_rcc.o(.text)
    RCC_BackupResetCmd                       0x08000f21   Thumb Code     8  stm32f10x_rcc.o(.text)
    RCC_ClockSecuritySystemCmd               0x08000f29   Thumb Code     6  stm32f10x_rcc.o(.text)
    RCC_MCOConfig                            0x08000f2f   Thumb Code     6  stm32f10x_rcc.o(.text)
    RCC_ClearFlag                            0x08000f35   Thumb Code    14  stm32f10x_rcc.o(.text)
    RCC_GetITStatus                          0x08000f43   Thumb Code    20  stm32f10x_rcc.o(.text)
    RCC_ClearITPendingBit                    0x08000f57   Thumb Code     6  stm32f10x_rcc.o(.text)
    USART_DeInit                             0x08000f81   Thumb Code   134  stm32f10x_usart.o(.text)
    USART_Init                               0x08001007   Thumb Code   210  stm32f10x_usart.o(.text)
    USART_StructInit                         0x080010d9   Thumb Code    24  stm32f10x_usart.o(.text)
    USART_ClockInit                          0x080010f1   Thumb Code    34  stm32f10x_usart.o(.text)
    USART_ClockStructInit                    0x08001113   Thumb Code    12  stm32f10x_usart.o(.text)
    USART_Cmd                                0x0800111f   Thumb Code    24  stm32f10x_usart.o(.text)
    USART_ITConfig                           0x08001137   Thumb Code    74  stm32f10x_usart.o(.text)
    USART_DMACmd                             0x08001181   Thumb Code    18  stm32f10x_usart.o(.text)
    USART_SetAddress                         0x08001193   Thumb Code    18  stm32f10x_usart.o(.text)
    USART_WakeUpConfig                       0x080011a5   Thumb Code    18  stm32f10x_usart.o(.text)
    USART_ReceiverWakeUpCmd                  0x080011b7   Thumb Code    24  stm32f10x_usart.o(.text)
    USART_LINBreakDetectLengthConfig         0x080011cf   Thumb Code    18  stm32f10x_usart.o(.text)
    USART_LINCmd                             0x080011e1   Thumb Code    24  stm32f10x_usart.o(.text)
    USART_SendData                           0x080011f9   Thumb Code     8  stm32f10x_usart.o(.text)
    USART_ReceiveData                        0x08001201   Thumb Code    10  stm32f10x_usart.o(.text)
    USART_SendBreak                          0x0800120b   Thumb Code    10  stm32f10x_usart.o(.text)
    USART_SetGuardTime                       0x08001215   Thumb Code    16  stm32f10x_usart.o(.text)
    USART_SetPrescaler                       0x08001225   Thumb Code    16  stm32f10x_usart.o(.text)
    USART_SmartCardCmd                       0x08001235   Thumb Code    24  stm32f10x_usart.o(.text)
    USART_SmartCardNACKCmd                   0x0800124d   Thumb Code    24  stm32f10x_usart.o(.text)
    USART_HalfDuplexCmd                      0x08001265   Thumb Code    24  stm32f10x_usart.o(.text)
    USART_OverSampling8Cmd                   0x0800127d   Thumb Code    22  stm32f10x_usart.o(.text)
    USART_OneBitMethodCmd                    0x08001293   Thumb Code    24  stm32f10x_usart.o(.text)
    USART_IrDAConfig                         0x080012ab   Thumb Code    18  stm32f10x_usart.o(.text)
    USART_IrDACmd                            0x080012bd   Thumb Code    24  stm32f10x_usart.o(.text)
    USART_GetFlagStatus                      0x080012d5   Thumb Code    26  stm32f10x_usart.o(.text)
    USART_ClearFlag                          0x080012ef   Thumb Code    18  stm32f10x_usart.o(.text)
    USART_GetITStatus                        0x08001301   Thumb Code    84  stm32f10x_usart.o(.text)
    USART_ClearITPendingBit                  0x08001355   Thumb Code    52  stm32f10x_usart.o(.text)
    NVIC_PriorityGroupConfig                 0x08001389   Thumb Code    10  misc.o(.text)
    NVIC_Init                                0x08001393   Thumb Code   100  misc.o(.text)
    NVIC_SetVectorTable                      0x080013f7   Thumb Code    14  misc.o(.text)
    NVIC_SystemLPConfig                      0x08001405   Thumb Code    34  misc.o(.text)
    SysTick_CLKSourceConfig                  0x08001427   Thumb Code    40  misc.o(.text)
    DMA_DeInit                               0x08001465   Thumb Code   324  stm32f10x_dma.o(.text)
    DMA_Init                                 0x080015a9   Thumb Code    60  stm32f10x_dma.o(.text)
    DMA_StructInit                           0x080015e5   Thumb Code    26  stm32f10x_dma.o(.text)
    DMA_Cmd                                  0x080015ff   Thumb Code    24  stm32f10x_dma.o(.text)
    DMA_ITConfig                             0x08001617   Thumb Code    18  stm32f10x_dma.o(.text)
    DMA_SetCurrDataCounter                   0x08001629   Thumb Code     4  stm32f10x_dma.o(.text)
    DMA_GetCurrDataCounter                   0x0800162d   Thumb Code     8  stm32f10x_dma.o(.text)
    DMA_GetFlagStatus                        0x08001635   Thumb Code    40  stm32f10x_dma.o(.text)
    DMA_ClearFlag                            0x0800165d   Thumb Code    22  stm32f10x_dma.o(.text)
    DMA_GetITStatus                          0x08001673   Thumb Code    40  stm32f10x_dma.o(.text)
    DMA_ClearITPendingBit                    0x0800169b   Thumb Code    22  stm32f10x_dma.o(.text)
    SOLGUI_Init                              0x080016b9   Thumb Code    26  solgui_common.o(.text)
    SOLGUI_Clean                             0x080016d3   Thumb Code    14  solgui_common.o(.text)
    SOLGUI_Refresh                           0x080016e1   Thumb Code    14  solgui_common.o(.text)
    SOLGUI_DrawPoint                         0x080016ef   Thumb Code    82  solgui_common.o(.text)
    _LineModes                               0x08001745   Thumb Code   126  solgui_gbasic.o(.text)
    SOLGUI_GBasic_Line                       0x080017c3   Thumb Code   230  solgui_gbasic.o(.text)
    SOLGUI_GBasic_MultiLine                  0x080018a9   Thumb Code    98  solgui_gbasic.o(.text)
    SOLGUI_GBasic_Rectangle                  0x0800190b   Thumb Code   194  solgui_gbasic.o(.text)
    SOLGUI_GBasic_Circle                     0x080019cd   Thumb Code   242  solgui_gbasic.o(.text)
    SOLGUI_Hardware_Init                     0x08001abf   Thumb Code     8  solgui_hardware.o(.text)
    SOLGUI_Hardware_FillScreen               0x08001ac7   Thumb Code    12  solgui_hardware.o(.text)
    SOLGUI_Hardware_ClearScreen              0x08001ad3   Thumb Code     8  solgui_hardware.o(.text)
    FIFO_Init                                0x08001add   Thumb Code    18  solgui_menu.o(.text)
    FIFO_EnQueue                             0x08001aef   Thumb Code    28  solgui_menu.o(.text)
    FIFO_DeQueue                             0x08001b0b   Thumb Code    46  solgui_menu.o(.text)
    SOLGUI_Menu_Title                        0x08001b39   Thumb Code   110  solgui_menu.o(.text)
    SOLGUI_Menu_SetHomePage                  0x08001ba7   Thumb Code    14  solgui_menu.o(.text)
    SOLGUI_InputKey                          0x08001bb5   Thumb Code    12  solgui_menu.o(.text)
    SOLGUI_GetCurrentKey                     0x08001bc1   Thumb Code     6  solgui_menu.o(.text)
    SOLGUI_Menu_PageStage                    0x08001bc7   Thumb Code    74  solgui_menu.o(.text)
    SOLGUI_GetPixel                          0x08001c31   Thumb Code    38  solgui_picture.o(.text)
    SOLGUI_Pictrue                           0x08001c57   Thumb Code   102  solgui_picture.o(.text)
    SOLGUI_SwitchFont                        0x08001cbd   Thumb Code    38  solgui_printf.o(.text)
    SOLGUI_PutChar                           0x08001ce3   Thumb Code   164  solgui_printf.o(.text)
    SOLGUI_PutString                         0x08001d87   Thumb Code    56  solgui_printf.o(.text)
    __SOLGUI_printf                          0x08001dbf   Thumb Code  1242  solgui_printf.o(.text)
    SOLGUI_printf                            0x08002299   Thumb Code    40  solgui_printf.o(.text)
    _OptionsDisplay_Judge                    0x080022c1   Thumb Code    38  solgui_widget.o(.text)
    _OptionsDisplay_coorY                    0x080022e7   Thumb Code    22  solgui_widget.o(.text)
    SOLGUI_Cursor                            0x080022fd   Thumb Code   590  solgui_widget.o(.text)
    SOLGUI_Widget_GotoPage                   0x0800254b   Thumb Code   152  solgui_widget.o(.text)
    _Pow_10                                  0x080025e3   Thumb Code    84  solgui_widget.o(.text)
    SOLGUI_Widget_Spin                       0x08002637   Thumb Code  1380  solgui_widget.o(.text)
    SOLGUI_Widget_OptionText                 0x08002b9b   Thumb Code    76  solgui_widget.o(.text)
    SOLGUI_Widget_Button                     0x08002be7   Thumb Code   156  solgui_widget.o(.text)
    SOLGUI_Widget_Switch                     0x08002c83   Thumb Code   188  solgui_widget.o(.text)
    _String_LenCtrlCpy                       0x08002d3f   Thumb Code    40  solgui_widget.o(.text)
    SOLGUI_Widget_Edit                       0x08002d67   Thumb Code  1314  solgui_widget.o(.text)
    SOLGUI_Widget_Text                       0x08003289   Thumb Code    54  solgui_widget.o(.text)
    SOLGUI_Widget_Bar                        0x080032bf   Thumb Code   474  solgui_widget.o(.text)
    SOLGUI_Widget_Spectrum                   0x08003499   Thumb Code   344  solgui_widget.o(.text)
    SOLGUI_Widget_Oscillogram                0x080035f1   Thumb Code    60  solgui_widget.o(.text)
    SOLGUI_Oscillogram_Probe                 0x0800362d   Thumb Code    52  solgui_widget.o(.text)
    SOLGUI_Widget_Picture                    0x08003661   Thumb Code   310  solgui_widget.o(.text)
    _FirstPage                               0x0800379d   Thumb Code    30  oled.o(.text)
    _StatusPage                              0x080037bb   Thumb Code    46  oled.o(.text)
    _PIDSettingPage                          0x080037e9   Thumb Code   132  oled.o(.text)
    _AimSetgPage                             0x0800386d   Thumb Code    22  oled.o(.text)
    OLED_WR_Byte                             0x08003883   Thumb Code   116  oled.o(.text)
    OLED_Fill                                0x080038f7   Thumb Code    70  oled.o(.text)
    OLED_Set_Pos                             0x0800393d   Thumb Code    46  oled.o(.text)
    OLED_Display_On                          0x0800396b   Thumb Code    28  oled.o(.text)
    OLED_Display_Off                         0x08003987   Thumb Code    28  oled.o(.text)
    OLED_Clear                               0x080039a3   Thumb Code    64  oled.o(.text)
    OLED_ShowChar                            0x080039e3   Thumb Code   106  oled.o(.text)
    oled_pow                                 0x08003a4d   Thumb Code    22  oled.o(.text)
    OLED_ShowNum                             0x08003a63   Thumb Code   132  oled.o(.text)
    OLED_ShowString                          0x08003ae7   Thumb Code    54  oled.o(.text)
    OLED_ShowCHinese                         0x08003b1d   Thumb Code    68  oled.o(.text)
    OLED_DrawBMP                             0x08003b61   Thumb Code   232  oled.o(.text)
    OLED_Init                                0x08003c49   Thumb Code   326  oled.o(.text)
    __use_no_semihosting                     0x08003d95   Thumb Code     2  use_no_semi_2.o(.text)
    strcpy                                   0x08003d97   Thumb Code    72  strcpy.o(.text)
    strlen                                   0x08003ddf   Thumb Code    62  strlen.o(.text)
    __aeabi_memclr                           0x08003e1d   Thumb Code     0  rt_memclr.o(.text)
    __rt_memclr                              0x08003e1d   Thumb Code    68  rt_memclr.o(.text)
    _memset                                  0x08003e21   Thumb Code     0  rt_memclr.o(.text)
    __aeabi_memclr4                          0x08003e61   Thumb Code     0  rt_memclr_w.o(.text)
    __aeabi_memclr8                          0x08003e61   Thumb Code     0  rt_memclr_w.o(.text)
    __rt_memclr_w                            0x08003e61   Thumb Code    78  rt_memclr_w.o(.text)
    _memset_w                                0x08003e65   Thumb Code     0  rt_memclr_w.o(.text)
    strncpy                                  0x08003eaf   Thumb Code    86  strncpy.o(.text)
    __use_two_region_memory                  0x08003f05   Thumb Code     2  heapauxi.o(.text)
    __rt_heap_escrow$2region                 0x08003f07   Thumb Code     2  heapauxi.o(.text)
    __rt_heap_expand$2region                 0x08003f09   Thumb Code     2  heapauxi.o(.text)
    __I$use$semihosting                      0x08003f0b   Thumb Code     0  use_no_semi.o(.text)
    __use_no_semihosting_swi                 0x08003f0b   Thumb Code     2  use_no_semi.o(.text)
    __user_setup_stackheap                   0x08003f0d   Thumb Code    74  sys_stackheap_outer.o(.text)
    exit                                     0x08003f57   Thumb Code    18  exit.o(.text)
    __user_libspace                          0x08003f69   Thumb Code     8  libspace.o(.text)
    __user_perproc_libspace                  0x08003f69   Thumb Code     0  libspace.o(.text)
    __user_perthread_libspace                0x08003f69   Thumb Code     0  libspace.o(.text)
    __aeabi_d2f                              0x08003f71   Thumb Code     0  d2f.o(x$fpl$d2f)
    _d2f                                     0x08003f71   Thumb Code    98  d2f.o(x$fpl$d2f)
    __aeabi_dadd                             0x08003fd5   Thumb Code     0  daddsub_clz.o(x$fpl$dadd)
    _dadd                                    0x08003fd5   Thumb Code   332  daddsub_clz.o(x$fpl$dadd)
    __fpl_dcmp_Inf                           0x08004125   Thumb Code    24  dcmpi.o(x$fpl$dcmpinf)
    __aeabi_ddiv                             0x0800413d   Thumb Code     0  ddiv.o(x$fpl$ddiv)
    _ddiv                                    0x0800413d   Thumb Code   552  ddiv.o(x$fpl$ddiv)
    __aeabi_d2iz                             0x080043ed   Thumb Code     0  dfix.o(x$fpl$dfix)
    _dfix                                    0x080043ed   Thumb Code    94  dfix.o(x$fpl$dfix)
    __aeabi_d2uiz                            0x0800444d   Thumb Code     0  dfixu.o(x$fpl$dfixu)
    _dfixu                                   0x0800444d   Thumb Code    90  dfixu.o(x$fpl$dfixu)
    __aeabi_i2d                              0x080044a7   Thumb Code     0  dflt_clz.o(x$fpl$dflt)
    _dflt                                    0x080044a7   Thumb Code    46  dflt_clz.o(x$fpl$dflt)
    __aeabi_ui2d                             0x080044d5   Thumb Code     0  dflt_clz.o(x$fpl$dfltu)
    _dfltu                                   0x080044d5   Thumb Code    38  dflt_clz.o(x$fpl$dfltu)
    __aeabi_cdcmple                          0x080044fd   Thumb Code     0  dleqf.o(x$fpl$dleqf)
    _dcmple                                  0x080044fd   Thumb Code   120  dleqf.o(x$fpl$dleqf)
    __fpl_dcmple_InfNaN                      0x0800455f   Thumb Code     0  dleqf.o(x$fpl$dleqf)
    __aeabi_dmul                             0x08004575   Thumb Code     0  dmul.o(x$fpl$dmul)
    _dmul                                    0x08004575   Thumb Code   332  dmul.o(x$fpl$dmul)
    __fpl_dnaninf                            0x080046c9   Thumb Code   156  dnaninf.o(x$fpl$dnaninf)
    __fpl_dretinf                            0x08004765   Thumb Code    12  dretinf.o(x$fpl$dretinf)
    __aeabi_cdrcmple                         0x08004771   Thumb Code     0  drleqf.o(x$fpl$drleqf)
    _drcmple                                 0x08004771   Thumb Code   108  drleqf.o(x$fpl$drleqf)
    __aeabi_drsub                            0x080047dd   Thumb Code     0  daddsub_clz.o(x$fpl$drsb)
    _drsb                                    0x080047dd   Thumb Code    22  daddsub_clz.o(x$fpl$drsb)
    __aeabi_dsub                             0x080047f5   Thumb Code     0  daddsub_clz.o(x$fpl$dsub)
    _dsub                                    0x080047f5   Thumb Code   464  daddsub_clz.o(x$fpl$dsub)
    __aeabi_f2d                              0x080049c9   Thumb Code     0  f2d.o(x$fpl$f2d)
    _f2d                                     0x080049c9   Thumb Code    86  f2d.o(x$fpl$f2d)
    __aeabi_fadd                             0x08004a21   Thumb Code     0  faddsub_clz.o(x$fpl$fadd)
    _fadd                                    0x08004a21   Thumb Code   196  faddsub_clz.o(x$fpl$fadd)
    __aeabi_fdiv                             0x08004ae5   Thumb Code     0  fdiv.o(x$fpl$fdiv)
    _fdiv                                    0x08004ae5   Thumb Code   384  fdiv.o(x$fpl$fdiv)
    __aeabi_f2uiz                            0x08004c69   Thumb Code     0  ffixu.o(x$fpl$ffixu)
    _ffixu                                   0x08004c69   Thumb Code    62  ffixu.o(x$fpl$ffixu)
    __aeabi_ui2f                             0x08004ca9   Thumb Code     0  fflt_clz.o(x$fpl$ffltu)
    _ffltu                                   0x08004ca9   Thumb Code    38  fflt_clz.o(x$fpl$ffltu)
    __aeabi_fmul                             0x08004cd1   Thumb Code     0  fmul.o(x$fpl$fmul)
    _fmul                                    0x08004cd1   Thumb Code   258  fmul.o(x$fpl$fmul)
    __fpl_fnaninf                            0x08004dd3   Thumb Code   140  fnaninf.o(x$fpl$fnaninf)
    __fpl_fretinf                            0x08004e5f   Thumb Code    10  fretinf.o(x$fpl$fretinf)
    __aeabi_frsub                            0x08004e69   Thumb Code     0  faddsub_clz.o(x$fpl$frsb)
    _frsb                                    0x08004e69   Thumb Code    20  faddsub_clz.o(x$fpl$frsb)
    __aeabi_fsub                             0x08004e7d   Thumb Code     0  faddsub_clz.o(x$fpl$fsub)
    _fsub                                    0x08004e7d   Thumb Code   234  faddsub_clz.o(x$fpl$fsub)
    SOL_ASCII_IME_lowerchar                  0x08004f66   Data          27  solgui_widget.o(.constdata)
    __I$use$fp                               0x08004f66   Number         0  usenofp.o(x$fpl$usenofp)
    SOL_ASCII_IME_upperchar                  0x08004f81   Data          27  solgui_widget.o(.constdata)
    SOL_ASCII_IME_Number                     0x08004f9c   Data          29  solgui_widget.o(.constdata)
    SOL_ASCII_IME_symbol                     0x08004fb9   Data          15  solgui_widget.o(.constdata)
    SOL_ASCII_IME_CRLchar                    0x08004fc8   Data           3  solgui_widget.o(.constdata)
    _Font6x8                                 0x08004fcb   Data         848  font6x8_ascii.o(.constdata)
    F6x8                                     0x0800531b   Data         552  oled.o(.constdata)
    F8X16                                    0x08005543   Data        1520  oled.o(.constdata)
    Region$$Table$$Base                      0x08005b98   Number         0  anon$$obj.o(Region$$Table)
    Region$$Table$$Limit                     0x08005bb8   Number         0  anon$$obj.o(Region$$Table)
    SystemCoreClock                          0x20000000   Data           4  system_stm32f10x.o(.data)
    AHBPrescTable                            0x20000004   Data          16  system_stm32f10x.o(.data)
    DMA1_MEM_LEN                             0x20000014   Data           1  dma.o(.data)
    __stdout                                 0x2000001c   Data           4  usart.o(.data)
    USART_RX_STA                             0x20000020   Data           2  usart.o(.data)
    current_page                             0x20000038   Data           4  solgui_menu.o(.data)
    _key_cache                               0x2000003c   Data           7  solgui_menu.o(.data)
    cur_key                                  0x20000043   Data           1  solgui_menu.o(.data)
    SOLGUI_CSR                               0x20000044   Data           1  solgui_menu.o(.data)
    _fontInfo_6x8                            0x20000048   Data           8  solgui_printf.o(.data)
    IME_CLUSTER_LC                           0x20000050   Data          16  solgui_widget.o(.data)
    IME_CLUSTER_UC                           0x20000060   Data          16  solgui_widget.o(.data)
    IME_CLUSTER_NU                           0x20000070   Data          16  solgui_widget.o(.data)
    IME_CLUSTER_SY                           0x20000080   Data          16  solgui_widget.o(.data)
    IME_CLUSTER_CR                           0x20000090   Data          16  solgui_widget.o(.data)
    SOL_ASCII_IME_REG                        0x200000a0   Data          24  solgui_widget.o(.data)
    SOL_ASCII_IME                            0x200000b8   Data           4  solgui_widget.o(.data)
    cursor                                   0x200000bc   Data           4  solgui_widget.o(.data)
    Hzk                                      0x200000c8   Data         448  oled.o(.data)
    zgmhd                                    0x20000288   Data        1216  oled.o(.data)
    zgmhdx                                   0x20000748   Data        1536  oled.o(.data)
    FirstPage                                0x20000d48   Data          12  oled.o(.data)
    Angle                                    0x20000d54   Data           4  oled.o(.data)
    StatusPage                               0x20000d58   Data          12  oled.o(.data)
    speed_set_1                              0x20000d64   Data           4  oled.o(.data)
    speed_set_2                              0x20000d68   Data           4  oled.o(.data)
    speed_set_3                              0x20000d6c   Data           4  oled.o(.data)
    speed_set_4                              0x20000d70   Data           4  oled.o(.data)
    PIDSettingPage                           0x20000d74   Data          12  oled.o(.data)
    AimSetgPage                              0x20000d80   Data          12  oled.o(.data)
    USART_RX_BUF                             0x20000d8c   Data         200  usart.o(.bss)
    SOLGUI_GRAM                              0x20000e54   Data        1024  solgui_common.o(.bss)
    cursor_reg                               0x20001254   Data          12  solgui_widget.o(.bss)
    option_enable_list                       0x20001260   Data          16  solgui_widget.o(.bss)
    __libspace_start                         0x2000129c   Data          96  libspace.o(.bss)
    __temporary_stack_top$libspace           0x200012fc   Data           0  libspace.o(.bss)



==============================================================================

Memory Map of the image

  Image Entry point : 0x08000131

  Load Region LR_IROM1 (Base: 0x08000000, Size: 0x00006944, Max: 0x00080000, ABSOLUTE, COMPRESSED[0x000060a8])

    Execution Region ER_IROM1 (Base: 0x08000000, Size: 0x00005bb8, Max: 0x00080000, ABSOLUTE)

    Base Addr    Size         Type   Attr      Idx    E Section Name        Object

    0x08000000   0x00000130   Data   RO          402    RESET               startup_stm32f10x_hd.o
    0x08000130   0x00000008   Code   RO          688  * !!!main             c_w.l(__main.o)
    0x08000138   0x00000034   Code   RO          912    !!!scatter          c_w.l(__scatter.o)
    0x0800016c   0x0000005a   Code   RO          910    !!dczerorl2         c_w.l(__dczerorl2.o)
    0x080001c6   0x00000002   PAD
    0x080001c8   0x0000001c   Code   RO          914    !!handler_zi        c_w.l(__scatter_zi.o)
    0x080001e4   0x00000002   Code   RO          784    .ARM.Collect$$libinit$$00000000  c_w.l(libinit.o)
    0x080001e6   0x00000000   Code   RO          791    .ARM.Collect$$libinit$$00000002  c_w.l(libinit2.o)
    0x080001e6   0x00000000   Code   RO          793    .ARM.Collect$$libinit$$00000004  c_w.l(libinit2.o)
    0x080001e6   0x00000000   Code   RO          796    .ARM.Collect$$libinit$$0000000A  c_w.l(libinit2.o)
    0x080001e6   0x00000000   Code   RO          798    .ARM.Collect$$libinit$$0000000C  c_w.l(libinit2.o)
    0x080001e6   0x00000000   Code   RO          800    .ARM.Collect$$libinit$$0000000E  c_w.l(libinit2.o)
    0x080001e6   0x00000000   Code   RO          803    .ARM.Collect$$libinit$$00000011  c_w.l(libinit2.o)
    0x080001e6   0x00000000   Code   RO          805    .ARM.Collect$$libinit$$00000013  c_w.l(libinit2.o)
    0x080001e6   0x00000000   Code   RO          807    .ARM.Collect$$libinit$$00000015  c_w.l(libinit2.o)
    0x080001e6   0x00000000   Code   RO          809    .ARM.Collect$$libinit$$00000017  c_w.l(libinit2.o)
    0x080001e6   0x00000000   Code   RO          811    .ARM.Collect$$libinit$$00000019  c_w.l(libinit2.o)
    0x080001e6   0x00000000   Code   RO          813    .ARM.Collect$$libinit$$0000001B  c_w.l(libinit2.o)
    0x080001e6   0x00000000   Code   RO          815    .ARM.Collect$$libinit$$0000001D  c_w.l(libinit2.o)
    0x080001e6   0x00000000   Code   RO          817    .ARM.Collect$$libinit$$0000001F  c_w.l(libinit2.o)
    0x080001e6   0x00000000   Code   RO          819    .ARM.Collect$$libinit$$00000021  c_w.l(libinit2.o)
    0x080001e6   0x00000000   Code   RO          821    .ARM.Collect$$libinit$$00000023  c_w.l(libinit2.o)
    0x080001e6   0x00000000   Code   RO          823    .ARM.Collect$$libinit$$00000025  c_w.l(libinit2.o)
    0x080001e6   0x00000000   Code   RO          827    .ARM.Collect$$libinit$$0000002C  c_w.l(libinit2.o)
    0x080001e6   0x00000000   Code   RO          829    .ARM.Collect$$libinit$$0000002E  c_w.l(libinit2.o)
    0x080001e6   0x00000000   Code   RO          831    .ARM.Collect$$libinit$$00000030  c_w.l(libinit2.o)
    0x080001e6   0x00000000   Code   RO          833    .ARM.Collect$$libinit$$00000032  c_w.l(libinit2.o)
    0x080001e6   0x00000002   Code   RO          834    .ARM.Collect$$libinit$$00000033  c_w.l(libinit2.o)
    0x080001e8   0x00000002   Code   RO          852    .ARM.Collect$$libshutdown$$00000000  c_w.l(libshutdown.o)
    0x080001ea   0x00000000   Code   RO          862    .ARM.Collect$$libshutdown$$00000002  c_w.l(libshutdown2.o)
    0x080001ea   0x00000000   Code   RO          864    .ARM.Collect$$libshutdown$$00000004  c_w.l(libshutdown2.o)
    0x080001ea   0x00000000   Code   RO          867    .ARM.Collect$$libshutdown$$00000007  c_w.l(libshutdown2.o)
    0x080001ea   0x00000000   Code   RO          870    .ARM.Collect$$libshutdown$$0000000A  c_w.l(libshutdown2.o)
    0x080001ea   0x00000000   Code   RO          872    .ARM.Collect$$libshutdown$$0000000C  c_w.l(libshutdown2.o)
    0x080001ea   0x00000000   Code   RO          875    .ARM.Collect$$libshutdown$$0000000F  c_w.l(libshutdown2.o)
    0x080001ea   0x00000002   Code   RO          876    .ARM.Collect$$libshutdown$$00000010  c_w.l(libshutdown2.o)
    0x080001ec   0x00000000   Code   RO          748    .ARM.Collect$$rtentry$$00000000  c_w.l(__rtentry.o)
    0x080001ec   0x00000000   Code   RO          761    .ARM.Collect$$rtentry$$00000002  c_w.l(__rtentry2.o)
    0x080001ec   0x00000006   Code   RO          773    .ARM.Collect$$rtentry$$00000004  c_w.l(__rtentry4.o)
    0x080001f2   0x00000000   Code   RO          763    .ARM.Collect$$rtentry$$00000009  c_w.l(__rtentry2.o)
    0x080001f2   0x00000004   Code   RO          764    .ARM.Collect$$rtentry$$0000000A  c_w.l(__rtentry2.o)
    0x080001f6   0x00000000   Code   RO          766    .ARM.Collect$$rtentry$$0000000C  c_w.l(__rtentry2.o)
    0x080001f6   0x00000008   Code   RO          767    .ARM.Collect$$rtentry$$0000000D  c_w.l(__rtentry2.o)
    0x080001fe   0x00000002   Code   RO          788    .ARM.Collect$$rtexit$$00000000  c_w.l(rtexit.o)
    0x08000200   0x00000000   Code   RO          836    .ARM.Collect$$rtexit$$00000002  c_w.l(rtexit2.o)
    0x08000200   0x00000004   Code   RO          837    .ARM.Collect$$rtexit$$00000003  c_w.l(rtexit2.o)
    0x08000204   0x00000006   Code   RO          838    .ARM.Collect$$rtexit$$00000004  c_w.l(rtexit2.o)
    0x0800020a   0x00000002   PAD
    0x0800020c   0x0000003c   Code   RO            1    .text               main.o
    0x08000248   0x0000001a   Code   RO          169    .text               stm32f10x_it.o
    0x08000262   0x00000002   PAD
    0x08000264   0x000001e0   Code   RO          210    .text               system_stm32f10x.o
    0x08000444   0x00000158   Code   RO          228    .text               led.o
    0x0800059c   0x00000078   Code   RO          306    .text               dma.o
    0x08000614   0x000000d4   Code   RO          336    .text               delay.o
    0x080006e8   0x00000018   Code   RO          351    .text               sys.o
    0x08000700   0x00000140   Code   RO          367    .text               usart.o
    0x08000840   0x00000040   Code   RO          403    .text               startup_stm32f10x_hd.o
    0x08000880   0x0000035c   Code   RO          407    .text               stm32f10x_gpio.o
    0x08000bdc   0x000003a4   Code   RO          419    .text               stm32f10x_rcc.o
    0x08000f80   0x00000408   Code   RO          433    .text               stm32f10x_usart.o
    0x08001388   0x000000dc   Code   RO          445    .text               misc.o
    0x08001464   0x00000254   Code   RO          481    .text               stm32f10x_dma.o
    0x080016b8   0x0000008c   Code   RO          493    .text               solgui_common.o
    0x08001744   0x0000037a   Code   RO          514    .text               solgui_gbasic.o
    0x08001abe   0x0000001c   Code   RO          526    .text               solgui_hardware.o
    0x08001ada   0x00000002   PAD
    0x08001adc   0x00000154   Code   RO          538    .text               solgui_menu.o
    0x08001c30   0x0000008c   Code   RO          554    .text               solgui_picture.o
    0x08001cbc   0x00000604   Code   RO          566    .text               solgui_printf.o
    0x080022c0   0x000014dc   Code   RO          597    .text               solgui_widget.o
    0x0800379c   0x000005f8   Code   RO          649    .text               oled.o
    0x08003d94   0x00000002   Code   RO          674    .text               c_w.l(use_no_semi_2.o)
    0x08003d96   0x00000048   Code   RO          676    .text               c_w.l(strcpy.o)
    0x08003dde   0x0000003e   Code   RO          678    .text               c_w.l(strlen.o)
    0x08003e1c   0x00000044   Code   RO          680    .text               c_w.l(rt_memclr.o)
    0x08003e60   0x0000004e   Code   RO          682    .text               c_w.l(rt_memclr_w.o)
    0x08003eae   0x00000056   Code   RO          684    .text               c_w.l(strncpy.o)
    0x08003f04   0x00000006   Code   RO          686    .text               c_w.l(heapauxi.o)
    0x08003f0a   0x00000002   Code   RO          746    .text               c_w.l(use_no_semi.o)
    0x08003f0c   0x0000004a   Code   RO          775    .text               c_w.l(sys_stackheap_outer.o)
    0x08003f56   0x00000012   Code   RO          777    .text               c_w.l(exit.o)
    0x08003f68   0x00000008   Code   RO          785    .text               c_w.l(libspace.o)
    0x08003f70   0x00000062   Code   RO          690    x$fpl$d2f           fz_ws.l(d2f.o)
    0x08003fd2   0x00000002   PAD
    0x08003fd4   0x00000150   Code   RO          692    x$fpl$dadd          fz_ws.l(daddsub_clz.o)
    0x08004124   0x00000018   Code   RO          749    x$fpl$dcmpinf       fz_ws.l(dcmpi.o)
    0x0800413c   0x000002b0   Code   RO          699    x$fpl$ddiv          fz_ws.l(ddiv.o)
    0x080043ec   0x0000005e   Code   RO          702    x$fpl$dfix          fz_ws.l(dfix.o)
    0x0800444a   0x00000002   PAD
    0x0800444c   0x0000005a   Code   RO          706    x$fpl$dfixu         fz_ws.l(dfixu.o)
    0x080044a6   0x0000002e   Code   RO          711    x$fpl$dflt          fz_ws.l(dflt_clz.o)
    0x080044d4   0x00000026   Code   RO          710    x$fpl$dfltu         fz_ws.l(dflt_clz.o)
    0x080044fa   0x00000002   PAD
    0x080044fc   0x00000078   Code   RO          716    x$fpl$dleqf         fz_ws.l(dleqf.o)
    0x08004574   0x00000154   Code   RO          718    x$fpl$dmul          fz_ws.l(dmul.o)
    0x080046c8   0x0000009c   Code   RO          751    x$fpl$dnaninf       fz_ws.l(dnaninf.o)
    0x08004764   0x0000000c   Code   RO          753    x$fpl$dretinf       fz_ws.l(dretinf.o)
    0x08004770   0x0000006c   Code   RO          720    x$fpl$drleqf        fz_ws.l(drleqf.o)
    0x080047dc   0x00000016   Code   RO          693    x$fpl$drsb          fz_ws.l(daddsub_clz.o)
    0x080047f2   0x00000002   PAD
    0x080047f4   0x000001d4   Code   RO          694    x$fpl$dsub          fz_ws.l(daddsub_clz.o)
    0x080049c8   0x00000056   Code   RO          722    x$fpl$f2d           fz_ws.l(f2d.o)
    0x08004a1e   0x00000002   PAD
    0x08004a20   0x000000c4   Code   RO          724    x$fpl$fadd          fz_ws.l(faddsub_clz.o)
    0x08004ae4   0x00000184   Code   RO          731    x$fpl$fdiv          fz_ws.l(fdiv.o)
    0x08004c68   0x0000003e   Code   RO          734    x$fpl$ffixu         fz_ws.l(ffixu.o)
    0x08004ca6   0x00000002   PAD
    0x08004ca8   0x00000026   Code   RO          738    x$fpl$ffltu         fz_ws.l(fflt_clz.o)
    0x08004cce   0x00000002   PAD
    0x08004cd0   0x00000102   Code   RO          744    x$fpl$fmul          fz_ws.l(fmul.o)
    0x08004dd2   0x0000008c   Code   RO          755    x$fpl$fnaninf       fz_ws.l(fnaninf.o)
    0x08004e5e   0x0000000a   Code   RO          757    x$fpl$fretinf       fz_ws.l(fretinf.o)
    0x08004e68   0x00000014   Code   RO          725    x$fpl$frsb          fz_ws.l(faddsub_clz.o)
    0x08004e7c   0x000000ea   Code   RO          726    x$fpl$fsub          fz_ws.l(faddsub_clz.o)
    0x08004f66   0x00000000   Code   RO          759    x$fpl$usenofp       fz_ws.l(usenofp.o)
    0x08004f66   0x00000065   Data   RO          599    .constdata          solgui_widget.o
    0x08004fcb   0x00000350   Data   RO          625    .constdata          font6x8_ascii.o
    0x0800531b   0x00000818   Data   RO          650    .constdata          oled.o
    0x08005b33   0x00000001   PAD
    0x08005b34   0x00000026   Data   RO          600    .conststring        solgui_widget.o
    0x08005b5a   0x00000002   PAD
    0x08005b5c   0x0000003c   Data   RO          651    .conststring        oled.o
    0x08005b98   0x00000020   Data   RO          908    Region$$Table       anon$$obj.o


    Execution Region RW_IRAM1 (Base: 0x20000000, Size: 0x00001900, Max: 0x00010000, ABSOLUTE, COMPRESSED[0x000004f0])

    Base Addr    Size         Type   Attr      Idx    E Section Name        Object

    0x20000000   0x00000014   Data   RW          211    .data               system_stm32f10x.o
    0x20000014   0x00000001   Data   RW          307    .data               dma.o
    0x20000015   0x00000001   PAD
    0x20000016   0x00000004   Data   RW          337    .data               delay.o
    0x2000001a   0x00000002   PAD
    0x2000001c   0x00000006   Data   RW          369    .data               usart.o
    0x20000022   0x00000014   Data   RW          420    .data               stm32f10x_rcc.o
    0x20000036   0x00000002   PAD
    0x20000038   0x0000000d   Data   RW          539    .data               solgui_menu.o
    0x20000045   0x00000003   PAD
    0x20000048   0x00000008   Data   RW          567    .data               solgui_printf.o
    0x20000050   0x00000076   Data   RW          601    .data               solgui_widget.o
    0x200000c6   0x00000002   PAD
    0x200000c8   0x00000cc4   Data   RW          652    .data               oled.o
    0x20000d8c   0x000000c8   Zero   RW          368    .bss                usart.o
    0x20000e54   0x00000400   Zero   RW          494    .bss                solgui_common.o
    0x20001254   0x00000045   Zero   RW          598    .bss                solgui_widget.o
    0x20001299   0x00000003   PAD
    0x2000129c   0x00000060   Zero   RW          786    .bss                c_w.l(libspace.o)
    0x200012fc   0x00000004   PAD
    0x20001300   0x00000200   Zero   RW          401    HEAP                startup_stm32f10x_hd.o
    0x20001500   0x00000400   Zero   RW          400    STACK               startup_stm32f10x_hd.o


==============================================================================

Image component sizes


      Code (inc. data)   RO Data    RW Data    ZI Data      Debug   Object Name

       212         18          0          4          0       1047   delay.o
       120         10          0          1          0       1423   dma.o
         0          0        848          0          0        715   font6x8_ascii.o
       344         18          0          0          0       1066   led.o
        60          6          0          0          0     245915   main.o
       220         22          0          0          0       1801   misc.o
      1528        118       2132       3268          0       6286   oled.o
       140          4          0          0       1024       1941   solgui_common.o
       890          0          0          0          0       3505   solgui_gbasic.o
        28          0          0          0          0        866   solgui_hardware.o
       340         32          0         13          0       2761   solgui_menu.o
       140          0          0          0          0       1573   solgui_picture.o
      1540          8          0          8          0       4206   solgui_printf.o
      5340        202        139        118         69      12236   solgui_widget.o
        64         26        304          0       1536        788   startup_stm32f10x_hd.o
       596          8          0          0          0       4366   stm32f10x_dma.o
       860         38          0          0          0       5737   stm32f10x_gpio.o
        26          0          0          0          0       1182   stm32f10x_it.o
       932         36          0         20          0       8920   stm32f10x_rcc.o
      1032         22          0          0          0       8460   stm32f10x_usart.o
        24          0          0          0          0        802   sys.o
       480         38          0         20          0       1743   system_stm32f10x.o
       320         16          0          6        200       3174   usart.o

    ----------------------------------------------------------------------
     15240        622       3458       3468       2832     320513   Object Totals
         0          0         32          0          0          0   (incl. Generated)
         4          0          3         10          3          0   (incl. Padding)

    ----------------------------------------------------------------------

      Code (inc. data)   RO Data    RW Data    ZI Data      Debug   Library Member Name

        90          0          0          0          0          0   __dczerorl2.o
         8          0          0          0          0         68   __main.o
         0          0          0          0          0          0   __rtentry.o
        12          0          0          0          0          0   __rtentry2.o
         6          0          0          0          0          0   __rtentry4.o
        52          8          0          0          0          0   __scatter.o
        28          0          0          0          0          0   __scatter_zi.o
        18          0          0          0          0         80   exit.o
         6          0          0          0          0        152   heapauxi.o
         2          0          0          0          0          0   libinit.o
         2          0          0          0          0          0   libinit2.o
         2          0          0          0          0          0   libshutdown.o
         2          0          0          0          0          0   libshutdown2.o
         8          4          0          0         96         68   libspace.o
        68          0          0          0          0         68   rt_memclr.o
        78          0          0          0          0         80   rt_memclr_w.o
         2          0          0          0          0          0   rtexit.o
        10          0          0          0          0          0   rtexit2.o
        72          0          0          0          0         80   strcpy.o
        62          0          0          0          0         76   strlen.o
        86          0          0          0          0         76   strncpy.o
        74          0          0          0          0         80   sys_stackheap_outer.o
         2          0          0          0          0         68   use_no_semi.o
         2          0          0          0          0         68   use_no_semi_2.o
        98          4          0          0          0         92   d2f.o
       826         16          0          0          0        348   daddsub_clz.o
        24          0          0          0          0         68   dcmpi.o
       688        140          0          0          0        208   ddiv.o
        94          4          0          0          0         92   dfix.o
        90          4          0          0          0         92   dfixu.o
        84          0          0          0          0        136   dflt_clz.o
       120          4          0          0          0         92   dleqf.o
       340         12          0          0          0        104   dmul.o
       156          4          0          0          0         92   dnaninf.o
        12          0          0          0          0         68   dretinf.o
       108          0          0          0          0         80   drleqf.o
        86          4          0          0          0         84   f2d.o
       450          8          0          0          0        236   faddsub_clz.o
       388         76          0          0          0         96   fdiv.o
        62          4          0          0          0         84   ffixu.o
        38          0          0          0          0         68   fflt_clz.o
       258          4          0          0          0         84   fmul.o
       140          4          0          0          0         84   fnaninf.o
        10          0          0          0          0         68   fretinf.o
         0          0          0          0          0          0   usenofp.o

    ----------------------------------------------------------------------
      4782        300          0          0        100       3240   Library Totals
        18          0          0          0          4          0   (incl. Padding)

    ----------------------------------------------------------------------

      Code (inc. data)   RO Data    RW Data    ZI Data      Debug   Library Name

       692         12          0          0         96        964   c_w.l
      4072        288          0          0          0       2276   fz_ws.l

    ----------------------------------------------------------------------
      4782        300          0          0        100       3240   Library Totals

    ----------------------------------------------------------------------

==============================================================================


      Code (inc. data)   RO Data    RW Data    ZI Data      Debug   

     20022        922       3458       3468       2932     320369   Grand Totals
     20022        922       3458       1264       2932     320369   ELF Image Totals (compressed)
     20022        922       3458       1264          0          0   ROM Totals

==============================================================================

    Total RO  Size (Code + RO Data)                23480 (  22.93kB)
    Total RW  Size (RW Data + ZI Data)              6400 (   6.25kB)
    Total ROM Size (Code + RO Data + RW Data)      24744 (  24.16kB)

==============================================================================

