Component: ARM Compiler 5.05 update 1 (build 106) Tool: armlink [4d0efa]

==============================================================================

Section Cross References

    main.o(.text) refers to delay.o(.text) for delay_init
    main.o(.text) refers to misc.o(.text) for NVIC_PriorityGroupConfig
    main.o(.text) refers to usart.o(.text) for uart_init
    main.o(.text) refers to oled.o(.text) for OLED_Init
    main.o(.text) refers to adc.o(.text) for Adc_Init
    main.o(.text) refers to driver.o(.text) for Driver_Init
    main.o(.text) refers to mpu6050.o(.text) for MPU_Init
    main.o(.text) refers to mpuiic.o(.text) for MPU_IIC_Init
    main.o(.text) refers to timer.o(.text) for TIM4_Int_Init
    main.o(.text) refers to fflt_clz.o(x$fpl$ffltu) for __aeabi_ui2f
    main.o(.text) refers to frleqf.o(x$fpl$frleqf) for __aeabi_cfrcmple
    main.o(.text) refers to faddsub_clz.o(x$fpl$fadd) for __aeabi_fadd
    main.o(.text) refers to faddsub_clz.o(x$fpl$fsub) for __aeabi_fsub
    main.o(.text) refers to f2d.o(x$fpl$f2d) for __aeabi_f2d
    main.o(.text) refers to ddiv.o(x$fpl$ddiv) for __aeabi_ddiv
    main.o(.text) refers to dfix.o(x$fpl$dfix) for __aeabi_d2iz
    main.o(.text) refers to fleqf.o(x$fpl$fleqf) for __aeabi_cfcmple
    main.o(.text) refers to daddsub_clz.o(x$fpl$dadd) for __aeabi_dadd
    main.o(.text) refers to ffix.o(x$fpl$ffix) for __aeabi_f2iz
    main.o(.text) refers to report.o(.text) for I_send_data
    main.o(.text) refers to adc_filter.o(.bss) for value_buf
    main.o(.text) refers to main.o(.data) for My_Angle
    main.o(.text) refers to timer.o(.data) for aerfa
    system_stm32f10x.o(.text) refers to system_stm32f10x.o(.data) for SystemCoreClock
    startup_stm32f10x_md.o(STACK) refers (Special) to heapauxi.o(.text) for __use_two_region_memory
    startup_stm32f10x_md.o(HEAP) refers (Special) to heapauxi.o(.text) for __use_two_region_memory
    startup_stm32f10x_md.o(RESET) refers (Special) to heapauxi.o(.text) for __use_two_region_memory
    startup_stm32f10x_md.o(RESET) refers to startup_stm32f10x_md.o(STACK) for __initial_sp
    startup_stm32f10x_md.o(RESET) refers to startup_stm32f10x_md.o(.text) for Reset_Handler
    startup_stm32f10x_md.o(RESET) refers to stm32f10x_it.o(.text) for NMI_Handler
    startup_stm32f10x_md.o(RESET) refers to driver.o(.text) for TIM1_UP_IRQHandler
    startup_stm32f10x_md.o(RESET) refers to timer.o(.text) for TIM4_IRQHandler
    startup_stm32f10x_md.o(RESET) refers to usart.o(.text) for USART1_IRQHandler
    startup_stm32f10x_md.o(.text) refers (Special) to heapauxi.o(.text) for __use_two_region_memory
    startup_stm32f10x_md.o(.text) refers to system_stm32f10x.o(.text) for SystemInit
    startup_stm32f10x_md.o(.text) refers to __main.o(!!!main) for __main
    startup_stm32f10x_md.o(.text) refers to startup_stm32f10x_md.o(HEAP) for Heap_Mem
    startup_stm32f10x_md.o(.text) refers to startup_stm32f10x_md.o(STACK) for Stack_Mem
    stm32f10x_adc.o(.text) refers to stm32f10x_rcc.o(.text) for RCC_APB2PeriphResetCmd
    stm32f10x_bkp.o(.text) refers to stm32f10x_rcc.o(.text) for RCC_BackupResetCmd
    stm32f10x_can.o(.text) refers to stm32f10x_rcc.o(.text) for RCC_APB1PeriphResetCmd
    stm32f10x_cec.o(.text) refers to stm32f10x_rcc.o(.text) for RCC_APB1PeriphResetCmd
    stm32f10x_dac.o(.text) refers to stm32f10x_rcc.o(.text) for RCC_APB1PeriphResetCmd
    stm32f10x_gpio.o(.text) refers to stm32f10x_rcc.o(.text) for RCC_APB2PeriphResetCmd
    stm32f10x_i2c.o(.text) refers to stm32f10x_rcc.o(.text) for RCC_APB1PeriphResetCmd
    stm32f10x_pwr.o(.text) refers to stm32f10x_rcc.o(.text) for RCC_APB1PeriphResetCmd
    stm32f10x_rcc.o(.text) refers to stm32f10x_rcc.o(.data) for APBAHBPrescTable
    stm32f10x_spi.o(.text) refers to stm32f10x_rcc.o(.text) for RCC_APB2PeriphResetCmd
    stm32f10x_tim.o(.text) refers to stm32f10x_rcc.o(.text) for RCC_APB2PeriphResetCmd
    stm32f10x_usart.o(.text) refers to stm32f10x_rcc.o(.text) for RCC_APB2PeriphResetCmd
    stm32f10x_wwdg.o(.text) refers to stm32f10x_rcc.o(.text) for RCC_APB1PeriphResetCmd
    delay.o(.text) refers to misc.o(.text) for SysTick_CLKSourceConfig
    delay.o(.text) refers to system_stm32f10x.o(.data) for SystemCoreClock
    delay.o(.text) refers to delay.o(.data) for fac_us
    usart.o(.text) refers (Special) to use_no_semi_2.o(.text) for __use_no_semihosting
    usart.o(.text) refers to stm32f10x_rcc.o(.text) for RCC_APB2PeriphClockCmd
    usart.o(.text) refers to stm32f10x_gpio.o(.text) for GPIO_Init
    usart.o(.text) refers to misc.o(.text) for NVIC_Init
    usart.o(.text) refers to stm32f10x_usart.o(.text) for USART_Init
    usart.o(.text) refers to usart.o(.data) for USART_RX_STA
    usart.o(.text) refers to usart.o(.bss) for USART_RX_BUF
    usart.o(.bss) refers (Special) to use_no_semi_2.o(.text) for __use_no_semihosting
    usart.o(.data) refers (Special) to use_no_semi_2.o(.text) for __use_no_semihosting
[...]
    .text                                    0x08000604   Section       64  startup_stm32f10x_md.o(.text)
    .text                                    0x08000644   Section        0  misc.o(.text)
    .text                                    0x08000720   Section        0  stm32f10x_adc.o(.text)
    .text                                    0x08000b70   Section        0  stm32f10x_gpio.o(.text)
    .text                                    0x08000ecc   Section        0  stm32f10x_rcc.o(.text)
    .text                                    0x08001270   Section        0  stm32f10x_tim.o(.text)
    TI4_Config                               0x08001717   Thumb Code   130  stm32f10x_tim.o(.text)
    TI3_Config                               0x080017ab   Thumb Code   122  stm32f10x_tim.o(.text)
    TI2_Config                               0x0800183f   Thumb Code   130  stm32f10x_tim.o(.text)
    TI1_Config                               0x080018d3   Thumb Code   108  stm32f10x_tim.o(.text)
    .text                                    0x0800208c   Section        0  stm32f10x_usart.o(.text)
    .text                                    0x08002494   Section        0  delay.o(.text)
    .text                                    0x08002568   Section        0  usart.o(.text)
    .text                                    0x080026a8   Section        0  adc.o(.text)
    .text                                    0x08002790   Section        0  timer.o(.text)
    .text                                    0x080029f8   Section        0  oled.o(.text)
    .text                                    0x080031c0   Section        0  adc_filter.o(.text)
    .text                                    0x08003288   Section        0  report.o(.text)
    .text                                    0x08003358   Section        0  balance.o(.text)
    .text                                    0x080037d8   Section        0  filter.o(.text)
    .text                                    0x08003ae0   Section        0  mpuiic.o(.text)
    .text                                    0x08003d4c   Section        0  mpu6050.o(.text)
    .text                                    0x080040b4   Section        0  driver.o(.text)
    .text                                    0x08004448   Section        2  use_no_semi_2.o(.text)
    .text                                    0x0800444a   Section        0  heapauxi.o(.text)
    .text                                    0x08004450   Section        2  use_no_semi.o(.text)
    .text                                    0x08004452   Section        0  _rserrno.o(.text)
    .text                                    0x08004468   Section        8  rt_errno_addr_intlibspace.o(.text)
    .text                                    0x08004470   Section        8  libspace.o(.text)
    .text                                    0x08004478   Section       74  sys_stackheap_outer.o(.text)
    .text                                    0x080044c2   Section        0  exit.o(.text)
    i.__ARM_fpclassify                       0x080044ce   Section        0  fpclassify.o(i.__ARM_fpclassify)
    i.__ieee754_rem_pio2                     0x080044f8   Section        0  rred.o(i.__ieee754_rem_pio2)
    i.__kernel_cos                           0x08004880   Section        0  cos_i.o(i.__kernel_cos)
    i.__kernel_poly                          0x0800497c   Section        0  poly.o(i.__kernel_poly)
    i.__kernel_sin                           0x08004a28   Section        0  sin_i.o(i.__kernel_sin)
    i.__mathlib_dbl_divzero                  0x08004b14   Section        0  dunder.o(i.__mathlib_dbl_divzero)
    i.__mathlib_dbl_infnan                   0x08004b24   Section        0  dunder.o(i.__mathlib_dbl_infnan)
    i.__mathlib_dbl_infnan2                  0x08004b2a   Section        0  dunder.o(i.__mathlib_dbl_infnan2)
    i.__mathlib_dbl_invalid                  0x08004b2e   Section        0  dunder.o(i.__mathlib_dbl_invalid)
    i.__mathlib_dbl_overflow                 0x08004b3a   Section        0  dunder.o(i.__mathlib_dbl_overflow)
    i.__mathlib_dbl_underflow                0x08004b48   Section        0  dunder.o(i.__mathlib_dbl_underflow)
    i.atan                                   0x08004b58   Section        0  atan.o(i.atan)
    i.atan2                                  0x08004d78   Section        0  atan2.o(i.atan2)
    i.cos                                    0x08004ef8   Section        0  cos.o(i.cos)
    i.pow                                    0x08004f94   Section        0  pow.o(i.pow)
    i.sin                                    0x0800594c   Section        0  sin.o(i.sin)
    i.sqrt                                   0x080059ec   Section        0  sqrt.o(i.sqrt)
    x$fpl$d2f                                0x08005a38   Section       98  d2f.o(x$fpl$d2f)
    x$fpl$dadd                               0x08005a9c   Section      336  daddsub_clz.o(x$fpl$dadd)
    _dadd1                                   0x08005aad   Thumb Code     0  daddsub_clz.o(x$fpl$dadd)
    x$fpl$dcheck1                            0x08005bec   Section       16  dcheck1.o(x$fpl$dcheck1)
    x$fpl$dcmpinf                            0x08005bfc   Section       24  dcmpi.o(x$fpl$dcmpinf)
    x$fpl$ddiv                               0x08005c14   Section      688  ddiv.o(x$fpl$ddiv)
    ddiv_entry                               0x08005c1b   Thumb Code     0  ddiv.o(x$fpl$ddiv)
    x$fpl$dfix                               0x08005ec4   Section       94  dfix.o(x$fpl$dfix)
    x$fpl$dflt                               0x08005f22   Section       46  dflt_clz.o(x$fpl$dflt)
    x$fpl$dfltu                              0x08005f50   Section       38  dflt_clz.o(x$fpl$dfltu)
    x$fpl$dleqf                              0x08005f78   Section      120  dleqf.o(x$fpl$dleqf)
    x$fpl$dmul                               0x08005ff0   Section      340  dmul.o(x$fpl$dmul)
    x$fpl$dnaninf                            0x08006144   Section      156  dnaninf.o(x$fpl$dnaninf)
    x$fpl$dretinf                            0x080061e0   Section       12  dretinf.o(x$fpl$dretinf)
    x$fpl$drleqf                             0x080061ec   Section      108  drleqf.o(x$fpl$drleqf)
    x$fpl$drsb                               0x08006258   Section       22  daddsub_clz.o(x$fpl$drsb)
    x$fpl$dsqrt                              0x08006270   Section      460  dsqrt_noumaal.o(x$fpl$dsqrt)
    x$fpl$dsub                               0x0800643c   Section      468  daddsub_clz.o(x$fpl$dsub)
    _dsub1                                   0x0800644d   Thumb Code     0  daddsub_clz.o(x$fpl$dsub)
    x$fpl$f2d                                0x08006610   Section       86  f2d.o(x$fpl$f2d)
    x$fpl$fadd                               0x08006668   Section      196  faddsub_clz.o(x$fpl$fadd)
    _fadd1                                   0x08006677   Thumb Code     0  faddsub_clz.o(x$fpl$fadd)
    x$fpl$fcmpinf                            0x0800672c   Section       24  fcmpi.o(x$fpl$fcmpinf)
    x$fpl$fdiv                               0x08006744   Section      388  fdiv.o(x$fpl$fdiv)
    _fdiv1                                   0x08006745   Thumb Code     0  fdiv.o(x$fpl$fdiv)
    x$fpl$ffix                               0x080068c8   Section       54  ffix.o(x$fpl$ffix)
    x$fpl$fflt                               0x08006900   Section       48  fflt_clz.o(x$fpl$fflt)
    x$fpl$ffltu                              0x08006930   Section       38  fflt_clz.o(x$fpl$ffltu)
    x$fpl$fleqf                              0x08006958   Section      104  fleqf.o(x$fpl$fleqf)
    x$fpl$fmul                               0x080069c0   Section      258  fmul.o(x$fpl$fmul)
    x$fpl$fnaninf                            0x08006ac2   Section      140  fnaninf.o(x$fpl$fnaninf)
    x$fpl$fretinf                            0x08006b4e   Section       10  fretinf.o(x$fpl$fretinf)
    x$fpl$frleqf                             0x08006b58   Section       98  frleqf.o(x$fpl$frleqf)
    x$fpl$frsb                               0x08006bba   Section       20  faddsub_clz.o(x$fpl$frsb)
    x$fpl$fsub                               0x08006bd0   Section      234  faddsub_clz.o(x$fpl$fsub)
    _fsub1                                   0x08006bdf   Thumb Code     0  faddsub_clz.o(x$fpl$fsub)
    x$fpl$retnan                             0x08006cba   Section      100  retnan.o(x$fpl$retnan)
    x$fpl$scalbn                             0x08006d1e   Section       92  scalbn.o(x$fpl$scalbn)
    x$fpl$trapveneer                         0x08006d7a   Section       48  trapv.o(x$fpl$trapveneer)
    .constdata                               0x08006daa   Section     2072  oled.o(.constdata)
    x$fpl$usenofp                            0x08006daa   Section        0  usenofp.o(x$fpl$usenofp)
    .constdata                               0x080075c8   Section      152  atan.o(.constdata)
    atanhi                                   0x080075c8   Data          32  atan.o(.constdata)
    atanlo                                   0x080075e8   Data          32  atan.o(.constdata)
    aTodd                                    0x08007608   Data          40  atan.o(.constdata)
    aTeven                                   0x08007630   Data          48  atan.o(.constdata)
    .constdata                               0x08007660   Section      136  pow.o(.constdata)
    bp                                       0x08007660   Data          16  pow.o(.constdata)
    dp_h                                     0x08007670   Data          16  pow.o(.constdata)
    dp_l                                     0x08007680   Data          16  pow.o(.constdata)
    L                                        0x08007690   Data          48  pow.o(.constdata)
    P                                        0x080076c0   Data          40  pow.o(.constdata)
    .constdata                               0x080076e8   Section       48  cos_i.o(.constdata)
    C                                        0x080076e8   Data          48  cos_i.o(.constdata)
    .constdata                               0x08007718   Section        8  qnan.o(.constdata)
    .constdata                               0x08007720   Section      200  rred.o(.constdata)
    pio2s                                    0x08007720   Data          48  rred.o(.constdata)
    twooverpi                                0x08007750   Data         152  rred.o(.constdata)
    .constdata                               0x080077e8   Section       40  sin_i.o(.constdata)
    S                                        0x080077e8   Data          40  sin_i.o(.constdata)
    .data                                    0x20000000   Section       20  main.o(.data)
    .data                                    0x20000014   Section       20  system_stm32f10x.o(.data)
    .data                                    0x20000028   Section       20  stm32f10x_rcc.o(.data)
    APBAHBPrescTable                         0x20000028   Data          16  stm32f10x_rcc.o(.data)
    ADCPrescTable                            0x20000038   Data           4  stm32f10x_rcc.o(.data)
    .data                                    0x2000003c   Section        4  delay.o(.data)
    fac_us                                   0x2000003c   Data           1  delay.o(.data)
    fac_ms                                   0x2000003e   Data           2  delay.o(.data)
    .data                                    0x20000040   Section        6  usart.o(.data)
    .data                                    0x20000048   Section       48  timer.o(.data)
    .data                                    0x20000078   Section      448  oled.o(.data)
    .data                                    0x20000238   Section       52  balance.o(.data)
    .data                                    0x2000026c   Section       84  filter.o(.data)
    .data                                    0x200002c0   Section       17  driver.o(.data)
    .bss                                     0x200002d4   Section      200  usart.o(.bss)
    .bss                                     0x2000039c   Section       80  adc_filter.o(.bss)
    .bss                                     0x200003f0   Section      160  balance.o(.bss)
    .bss                                     0x20000490   Section       16  filter.o(.bss)
    .bss                                     0x200004a0   Section       96  libspace.o(.bss)
    HEAP                                     0x20000500   Section      512  startup_stm32f10x_md.o(HEAP)
    Heap_Mem                                 0x20000500   Data         512  startup_stm32f10x_md.o(HEAP)
    STACK                                    0x20000700   Section     1024  startup_stm32f10x_md.o(STACK)
    Stack_Mem                                0x20000700   Data        1024  startup_stm32f10x_md.o(STACK)
    __initial_sp                             0x20000b00   Data           0  startup_stm32f10x_md.o(STACK)

    Global Symbols

    Symbol Name                              Value     Ov Type        Size  Object(Section)

    BuildAttributes$$THM_ISAv4$P$D$K$B$S$PE$A:L22UL41UL21$X:L11$S22US41US21$IEEE1$IW$USESV6$~STKCKD$USESV7$~SHL$OTIME$ROPI$IEEEX$EBA8$UX$STANDARDLIB$REQ8$PRES8$EABIv2 0x00000000   Number         0  anon$$obj.o ABSOLUTE
    __ARM_use_no_argv                        0x00000000   Number         0  main.o ABSOLUTE
    _printf_flags                            0x00000000   Number         0  printf_stubs.o ABSOLUTE
    _printf_return_value                     0x00000000   Number         0  printf_stubs.o ABSOLUTE
    _printf_sizespec                         0x00000000   Number         0  printf_stubs.o ABSOLUTE
    _printf_widthprec                        0x00000000   Number         0  printf_stubs.o ABSOLUTE
    __ARM_exceptions_init                     - Undefined Weak Reference
    __alloca_initialize                       - Undefined Weak Reference
    __arm_preinit_                            - Undefined Weak Reference
    __cpp_initialize__aeabi_                  - Undefined Weak Reference
    __cxa_finalize                            - Undefined Weak Reference
    __rt_locale                               - Undefined Weak Reference
    __sigvec_lookup                           - Undefined Weak Reference
    _atexit_init                              - Undefined Weak Reference
    _call_atexit_fns                          - Undefined Weak Reference
    _clock_init                               - Undefined Weak Reference
    _fp_trap_init                             - Undefined Weak Reference
    _fp_trap_shutdown                         - Undefined Weak Reference
    _get_lc_collate                           - Undefined Weak Reference
    _get_lc_ctype                             - Undefined Weak Reference
    _get_lc_monetary                          - Undefined Weak Reference
    _get_lc_numeric                           - Undefined Weak Reference
    _get_lc_time                              - Undefined Weak Reference
    _getenv_init                              - Undefined Weak Reference
    _handle_redirection                       - Undefined Weak Reference
    _init_alloc                               - Undefined Weak Reference
    _init_user_alloc                          - Undefined Weak Reference
    _initio                                   - Undefined Weak Reference
    _mutex_acquire                            - Undefined Weak Reference
    _mutex_release                            - Undefined Weak Reference
    _printf_truncate_signed                   - Undefined Weak Reference
    _printf_truncate_unsigned                 - Undefined Weak Reference
    _rand_init                                - Undefined Weak Reference
    _signal_finish                            - Undefined Weak Reference
    _signal_init                              - Undefined Weak Reference
    _terminate_alloc                          - Undefined Weak Reference
    _terminate_user_alloc                     - Undefined Weak Reference
    _terminateio                              - Undefined Weak Reference
    __Vectors_Size                           0x000000ec   Number         0  startup_stm32f10x_md.o ABSOLUTE
    __Vectors                                0x08000000   Data           4  startup_stm32f10x_md.o(RESET)
    __Vectors_End                            0x080000ec   Data           0  startup_stm32f10x_md.o(RESET)
    __main                                   0x080000ed   Thumb Code     8  __main.o(!!!main)
    __scatterload                            0x080000f5   Thumb Code     0  __scatter.o(!!!scatter)
    __scatterload_rt2                        0x080000f5   Thumb Code    44  __scatter.o(!!!scatter)
    __scatterload_rt2_thumb_only             0x080000f5   Thumb Code     0  __scatter.o(!!!scatter)
    __scatterload_null                       0x08000103   Thumb Code     0  __scatter.o(!!!scatter)
    __decompress                             0x08000129   Thumb Code    90  __dczerorl2.o(!!dczerorl2)
    __decompress1                            0x08000129   Thumb Code     0  __dczerorl2.o(!!dczerorl2)
    __scatterload_zeroinit                   0x08000185   Thumb Code    28  __scatter_zi.o(!!handler_zi)
    __rt_lib_init                            0x080001a1   Thumb Code     0  libinit.o(.ARM.Collect$$libinit$$00000000)
    __rt_lib_init_alloca_1                   0x080001a3   Thumb Code     0  libinit2.o(.ARM.Collect$$libinit$$0000002E)
    __rt_lib_init_argv_1                     0x080001a3   Thumb Code     0  libinit2.o(.ARM.Collect$$libinit$$0000002C)
    __rt_lib_init_atexit_1                   0x080001a3   Thumb Code     0  libinit2.o(.ARM.Collect$$libinit$$0000001B)
    __rt_lib_init_clock_1                    0x080001a3   Thumb Code     0  libinit2.o(.ARM.Collect$$libinit$$00000021)
    __rt_lib_init_cpp_1                      0x080001a3   Thumb Code     0  libinit2.o(.ARM.Collect$$libinit$$00000032)
    __rt_lib_init_exceptions_1               0x080001a3   Thumb Code     0  libinit2.o(.ARM.Collect$$libinit$$00000030)
    __rt_lib_init_fp_1                       0x080001a3   Thumb Code     0  libinit2.o(.ARM.Collect$$libinit$$00000002)
    __rt_lib_init_fp_trap_1                  0x080001a3   Thumb Code     0  libinit2.o(.ARM.Collect$$libinit$$0000001F)
    __rt_lib_init_getenv_1                   0x080001a3   Thumb Code     0  libinit2.o(.ARM.Collect$$libinit$$00000023)
    __rt_lib_init_heap_1                     0x080001a3   Thumb Code     0  libinit2.o(.ARM.Collect$$libinit$$0000000A)
    __rt_lib_init_lc_collate_1               0x080001a3   Thumb Code     0  libinit2.o(.ARM.Collect$$libinit$$00000011)
    __rt_lib_init_lc_ctype_1                 0x080001a3   Thumb Code     0  libinit2.o(.ARM.Collect$$libinit$$00000013)
    __rt_lib_init_lc_monetary_1              0x080001a3   Thumb Code     0  libinit2.o(.ARM.Collect$$libinit$$00000015)
    __rt_lib_init_lc_numeric_1               0x080001a3   Thumb Code     0  libinit2.o(.ARM.Collect$$libinit$$00000017)
    __rt_lib_init_lc_time_1                  0x080001a3   Thumb Code     0  libinit2.o(.ARM.Collect$$libinit$$00000019)
    __rt_lib_init_preinit_1                  0x080001a3   Thumb Code     0  libinit2.o(.ARM.Collect$$libinit$$00000004)
    __rt_lib_init_rand_1                     0x080001a3   Thumb Code     0  libinit2.o(.ARM.Collect$$libinit$$0000000E)
    __rt_lib_init_return                     0x080001a3   Thumb Code     0  libinit2.o(.ARM.Collect$$libinit$$00000033)
    __rt_lib_init_signal_1                   0x080001a3   Thumb Code     0  libinit2.o(.ARM.Collect$$libinit$$0000001D)
    __rt_lib_init_stdio_1                    0x080001a3   Thumb Code     0  libinit2.o(.ARM.Collect$$libinit$$00000025)
    __rt_lib_init_user_alloc_1               0x080001a3   Thumb Code     0  libinit2.o(.ARM.Collect$$libinit$$0000000C)
    __rt_lib_shutdown                        0x080001a5   Thumb Code     0  libshutdown.o(.ARM.Collect$$libshutdown$$00000000)
    __rt_lib_shutdown_fp_trap_1              0x080001a7   Thumb Code     0  libshutdown2.o(.ARM.Collect$$libshutdown$$00000006)
    __rt_lib_shutdown_heap_1                 0x080001a7   Thumb Code     0  libshutdown2.o(.ARM.Collect$$libshutdown$$0000000E)
    __rt_lib_shutdown_return                 0x080001a7   Thumb Code     0  libshutdown2.o(.ARM.Collect$$libshutdown$$0000000F)
    __rt_lib_shutdown_signal_1               0x080001a7   Thumb Code     0  libshutdown2.o(.ARM.Collect$$libshutdown$$00000009)
    __rt_lib_shutdown_stdio_1                0x080001a7   Thumb Code     0  libshutdown2.o(.ARM.Collect$$libshutdown$$00000003)
    __rt_lib_shutdown_user_alloc_1           0x080001a7   Thumb Code     0  libshutdown2.o(.ARM.Collect$$libshutdown$$0000000B)
    __rt_entry                               0x080001a9   Thumb Code     0  __rtentry.o(.ARM.Collect$$rtentry$$00000000)
    __rt_entry_presh_1                       0x080001a9   Thumb Code     0  __rtentry2.o(.ARM.Collect$$rtentry$$00000002)
    __rt_entry_sh                            0x080001a9   Thumb Code     0  __rtentry4.o(.ARM.Collect$$rtentry$$00000004)
    __rt_entry_li                            0x080001af   Thumb Code     0  __rtentry2.o(.ARM.Collect$$rtentry$$0000000A)
    __rt_entry_postsh_1                      0x080001af   Thumb Code     0  __rtentry2.o(.ARM.Collect$$rtentry$$00000009)
    __rt_entry_main                          0x080001b3   Thumb Code     0  __rtentry2.o(.ARM.Collect$$rtentry$$0000000D)
    __rt_entry_postli_1                      0x080001b3   Thumb Code     0  __rtentry2.o(.ARM.Collect$$rtentry$$0000000C)
    __rt_exit                                0x080001bb   Thumb Code     0  rtexit.o(.ARM.Collect$$rtexit$$00000000)
    __rt_exit_ls                             0x080001bd   Thumb Code     0  rtexit2.o(.ARM.Collect$$rtexit$$00000003)
    __rt_exit_prels_1                        0x080001bd   Thumb Code     0  rtexit2.o(.ARM.Collect$$rtexit$$00000002)
    __rt_exit_exit                           0x080001c1   Thumb Code     0  rtexit2.o(.ARM.Collect$$rtexit$$00000004)
    main                                     0x080001c9   Thumb Code   496  main.o(.text)
    My_DelayMs                               0x080003b9   Thumb Code    32  main.o(.text)
    NMI_Handler                              0x08000409   Thumb Code     2  stm32f10x_it.o(.text)
    HardFault_Handler                        0x0800040b   Thumb Code     4  stm32f10x_it.o(.text)
    MemManage_Handler                        0x0800040f   Thumb Code     4  stm32f10x_it.o(.text)
    BusFault_Handler                         0x08000413   Thumb Code     4  stm32f10x_it.o(.text)
    UsageFault_Handler                       0x08000417   Thumb Code     4  stm32f10x_it.o(.text)
    SVC_Handler                              0x0800041b   Thumb Code     2  stm32f10x_it.o(.text)
    DebugMon_Handler                         0x0800041d   Thumb Code     2  stm32f10x_it.o(.text)
    PendSV_Handler                           0x0800041f   Thumb Code     2  stm32f10x_it.o(.text)
    SysTick_Handler                          0x08000421   Thumb Code     2  stm32f10x_it.o(.text)
    SystemInit                               0x08000503   Thumb Code    78  system_stm32f10x.o(.text)
    SystemCoreClockUpdate                    0x08000551   Thumb Code   142  system_stm32f10x.o(.text)
    Reset_Handler                            0x08000605   Thumb Code     8  startup_stm32f10x_md.o(.text)
    ADC1_2_IRQHandler                        0x0800061f   Thumb Code     0  startup_stm32f10x_md.o(.text)
    CAN1_RX1_IRQHandler                      0x0800061f   Thumb Code     0  startup_stm32f10x_md.o(.text)
    CAN1_SCE_IRQHandler                      0x0800061f   Thumb Code     0  startup_stm32f10x_md.o(.text)
    DMA1_Channel1_IRQHandler                 0x0800061f   Thumb Code     0  startup_stm32f10x_md.o(.text)
    DMA1_Channel2_IRQHandler                 0x0800061f   Thumb Code     0  startup_stm32f10x_md.o(.text)
    DMA1_Channel3_IRQHandler                 0x0800061f   Thumb Code     0  startup_stm32f10x_md.o(.text)
    DMA1_Channel4_IRQHandler                 0x0800061f   Thumb Code     0  startup_stm32f10x_md.o(.text)
    DMA1_Channel5_IRQHandler                 0x0800061f   Thumb Code     0  startup_stm32f10x_md.o(.text)
    DMA1_Channel6_IRQHandler                 0x0800061f   Thumb Code     0  startup_stm32f10x_md.o(.text)
    DMA1_Channel7_IRQHandler                 0x0800061f   Thumb Code     0  startup_stm32f10x_md.o(.text)
    EXTI0_IRQHandler                         0x0800061f   Thumb Code     0  startup_stm32f10x_md.o(.text)
    EXTI15_10_IRQHandler                     0x0800061f   Thumb Code     0  startup_stm32f10x_md.o(.text)
    EXTI1_IRQHandler                         0x0800061f   Thumb Code     0  startup_stm32f10x_md.o(.text)
    EXTI2_IRQHandler                         0x0800061f   Thumb Code     0  startup_stm32f10x_md.o(.text)
    EXTI3_IRQHandler                         0x0800061f   Thumb Code     0  startup_stm32f10x_md.o(.text)
    EXTI4_IRQHandler                         0x0800061f   Thumb Code     0  startup_stm32f10x_md.o(.text)
    EXTI9_5_IRQHandler                       0x0800061f   Thumb Code     0  startup_stm32f10x_md.o(.text)
    FLASH_IRQHandler                         0x0800061f   Thumb Code     0  startup_stm32f10x_md.o(.text)
    I2C1_ER_IRQHandler                       0x0800061f   Thumb Code     0  startup_stm32f10x_md.o(.text)
    I2C1_EV_IRQHandler                       0x0800061f   Thumb Code     0  startup_stm32f10x_md.o(.text)
    I2C2_ER_IRQHandler                       0x0800061f   Thumb Code     0  startup_stm32f10x_md.o(.text)
    I2C2_EV_IRQHandler                       0x0800061f   Thumb Code     0  startup_stm32f10x_md.o(.text)
    PVD_IRQHandler                           0x0800061f   Thumb Code     0  startup_stm32f10x_md.o(.text)
    RCC_IRQHandler                           0x0800061f   Thumb Code     0  startup_stm32f10x_md.o(.text)
    RTCAlarm_IRQHandler                      0x0800061f   Thumb Code     0  startup_stm32f10x_md.o(.text)
    RTC_IRQHandler                           0x0800061f   Thumb Code     0  startup_stm32f10x_md.o(.text)
    SPI1_IRQHandler                          0x0800061f   Thumb Code     0  startup_stm32f10x_md.o(.text)
    SPI2_IRQHandler                          0x0800061f   Thumb Code     0  startup_stm32f10x_md.o(.text)
    TAMPER_IRQHandler                        0x0800061f   Thumb Code     0  startup_stm32f10x_md.o(.text)
    TIM1_BRK_IRQHandler                      0x0800061f   Thumb Code     0  startup_stm32f10x_md.o(.text)
    TIM1_CC_IRQHandler                       0x0800061f   Thumb Code     0  startup_stm32f10x_md.o(.text)
    TIM1_TRG_COM_IRQHandler                  0x0800061f   Thumb Code     0  startup_stm32f10x_md.o(.text)
    TIM2_IRQHandler                          0x0800061f   Thumb Code     0  startup_stm32f10x_md.o(.text)
    TIM3_IRQHandler                          0x0800061f   Thumb Code     0  startup_stm32f10x_md.o(.text)
    USART2_IRQHandler                        0x0800061f   Thumb Code     0  startup_stm32f10x_md.o(.text)
    USART3_IRQHandler                        0x0800061f   Thumb Code     0  startup_stm32f10x_md.o(.text)
    USBWakeUp_IRQHandler                     0x0800061f   Thumb Code     0  startup_stm32f10x_md.o(.text)
    USB_HP_CAN1_TX_IRQHandler                0x0800061f   Thumb Code     0  startup_stm32f10x_md.o(.text)
    USB_LP_CAN1_RX0_IRQHandler               0x0800061f   Thumb Code     0  startup_stm32f10x_md.o(.text)
    WWDG_IRQHandler                          0x0800061f   Thumb Code     0  startup_stm32f10x_md.o(.text)
    __user_initial_stackheap                 0x08000621   Thumb Code     0  startup_stm32f10x_md.o(.text)
    NVIC_PriorityGroupConfig                 0x08000645   Thumb Code    10  misc.o(.text)
    NVIC_Init                                0x0800064f   Thumb Code   100  misc.o(.text)
    NVIC_SetVectorTable                      0x080006b3   Thumb Code    14  misc.o(.text)
    NVIC_SystemLPConfig                      0x080006c1   Thumb Code    34  misc.o(.text)
    SysTick_CLKSourceConfig                  0x080006e3   Thumb Code    40  misc.o(.text)
    ADC_DeInit                               0x08000721   Thumb Code    78  stm32f10x_adc.o(.text)
    ADC_Init                                 0x0800076f   Thumb Code    70  stm32f10x_adc.o(.text)
    ADC_StructInit                           0x080007b5   Thumb Code    18  stm32f10x_adc.o(.text)
    ADC_Cmd                                  0x080007c7   Thumb Code    22  stm32f10x_adc.o(.text)
    ADC_DMACmd                               0x080007dd   Thumb Code    22  stm32f10x_adc.o(.text)
    ADC_ITConfig                             0x080007f3   Thumb Code    24  stm32f10x_adc.o(.text)
    ADC_ResetCalibration                     0x0800080b   Thumb Code    10  stm32f10x_adc.o(.text)
    ADC_GetResetCalibrationStatus            0x08000815   Thumb Code    20  stm32f10x_adc.o(.text)
    ADC_StartCalibration                     0x08000829   Thumb Code    10  stm32f10x_adc.o(.text)
    ADC_GetCalibrationStatus                 0x08000833   Thumb Code    20  stm32f10x_adc.o(.text)
    ADC_SoftwareStartConvCmd                 0x08000847   Thumb Code    22  stm32f10x_adc.o(.text)
    ADC_GetSoftwareStartConvStatus           0x0800085d   Thumb Code    20  stm32f10x_adc.o(.text)
    ADC_DiscModeChannelCountConfig           0x08000871   Thumb Code    24  stm32f10x_adc.o(.text)
    ADC_DiscModeCmd                          0x08000889   Thumb Code    22  stm32f10x_adc.o(.text)
    ADC_RegularChannelConfig                 0x0800089f   Thumb Code   184  stm32f10x_adc.o(.text)
    ADC_ExternalTrigConvCmd                  0x08000957   Thumb Code    22  stm32f10x_adc.o(.text)
    ADC_GetConversionValue                   0x0800096d   Thumb Code     8  stm32f10x_adc.o(.text)
    ADC_GetDualModeConversionValue           0x08000975   Thumb Code     8  stm32f10x_adc.o(.text)
    ADC_AutoInjectedConvCmd                  0x0800097d   Thumb Code    22  stm32f10x_adc.o(.text)
    ADC_InjectedDiscModeCmd                  0x08000993   Thumb Code    22  stm32f10x_adc.o(.text)
    ADC_ExternalTrigInjectedConvConfig       0x080009a9   Thumb Code    16  stm32f10x_adc.o(.text)
    ADC_ExternalTrigInjectedConvCmd          0x080009b9   Thumb Code    22  stm32f10x_adc.o(.text)
    ADC_SoftwareStartInjectedConvCmd         0x080009cf   Thumb Code    22  stm32f10x_adc.o(.text)
    ADC_GetSoftwareStartInjectedConvCmdStatus 0x080009e5   Thumb Code    20  stm32f10x_adc.o(.text)
    ADC_InjectedChannelConfig                0x080009f9   Thumb Code   130  stm32f10x_adc.o(.text)
    ADC_InjectedSequencerLengthConfig        0x08000a7b   Thumb Code    24  stm32f10x_adc.o(.text)
    ADC_SetInjectedOffset                    0x08000a93   Thumb Code    20  stm32f10x_adc.o(.text)
    ADC_GetInjectedConversionValue           0x08000aa7   Thumb Code    28  stm32f10x_adc.o(.text)
    ADC_AnalogWatchdogCmd                    0x08000ac3   Thumb Code    16  stm32f10x_adc.o(.text)
    ADC_AnalogWatchdogThresholdsConfig       0x08000ad3   Thumb Code     6  stm32f10x_adc.o(.text)
    ADC_AnalogWatchdogSingleChannelConfig    0x08000ad9   Thumb Code    16  stm32f10x_adc.o(.text)
    ADC_TempSensorVrefintCmd                 0x08000ae9   Thumb Code    64  stm32f10x_adc.o(.text)
    ADC_GetFlagStatus                        0x08000b29   Thumb Code    18  stm32f10x_adc.o(.text)
    ADC_ClearFlag                            0x08000b3b   Thumb Code     6  stm32f10x_adc.o(.text)
    ADC_GetITStatus                          0x08000b41   Thumb Code    36  stm32f10x_adc.o(.text)
    ADC_ClearITPendingBit                    0x08000b65   Thumb Code    10  stm32f10x_adc.o(.text)
    GPIO_DeInit                              0x08000b71   Thumb Code   172  stm32f10x_gpio.o(.text)
    GPIO_AFIODeInit                          0x08000c1d   Thumb Code    20  stm32f10x_gpio.o(.text)
    GPIO_Init                                0x08000c31   Thumb Code   278  stm32f10x_gpio.o(.text)
    GPIO_StructInit                          0x08000d47   Thumb Code    16  stm32f10x_gpio.o(.text)
    GPIO_ReadInputDataBit                    0x08000d57   Thumb Code    18  stm32f10x_gpio.o(.text)
    GPIO_ReadInputData                       0x08000d69   Thumb Code     8  stm32f10x_gpio.o(.text)
    GPIO_ReadOutputDataBit                   0x08000d71   Thumb Code    18  stm32f10x_gpio.o(.text)
    GPIO_ReadOutputData                      0x08000d83   Thumb Code     8  stm32f10x_gpio.o(.text)
    GPIO_SetBits                             0x08000d8b   Thumb Code     4  stm32f10x_gpio.o(.text)
    GPIO_ResetBits                           0x08000d8f   Thumb Code     4  stm32f10x_gpio.o(.text)
    GPIO_WriteBit                            0x08000d93   Thumb Code    10  stm32f10x_gpio.o(.text)
    GPIO_Write                               0x08000d9d   Thumb Code     4  stm32f10x_gpio.o(.text)
    GPIO_PinLockConfig                       0x08000da1   Thumb Code    18  stm32f10x_gpio.o(.text)
    GPIO_EventOutputConfig                   0x08000db3   Thumb Code    26  stm32f10x_gpio.o(.text)
    GPIO_EventOutputCmd                      0x08000dcd   Thumb Code     6  stm32f10x_gpio.o(.text)
    GPIO_PinRemapConfig                      0x08000dd3   Thumb Code   138  stm32f10x_gpio.o(.text)
    GPIO_EXTILineConfig                      0x08000e5d   Thumb Code    66  stm32f10x_gpio.o(.text)
    GPIO_ETH_MediaInterfaceConfig            0x08000e9f   Thumb Code     8  stm32f10x_gpio.o(.text)
    RCC_DeInit                               0x08000ecd   Thumb Code    64  stm32f10x_rcc.o(.text)
    RCC_HSEConfig                            0x08000f0d   Thumb Code    70  stm32f10x_rcc.o(.text)
    RCC_GetFlagStatus                        0x08000f53   Thumb Code    56  stm32f10x_rcc.o(.text)
    RCC_WaitForHSEStartUp                    0x08000f8b   Thumb Code    56  stm32f10x_rcc.o(.text)
    RCC_AdjustHSICalibrationValue            0x08000fc3   Thumb Code    20  stm32f10x_rcc.o(.text)
    RCC_HSICmd                               0x08000fd7   Thumb Code     6  stm32f10x_rcc.o(.text)
    RCC_PLLConfig                            0x08000fdd   Thumb Code    24  stm32f10x_rcc.o(.text)
    RCC_PLLCmd                               0x08000ff5   Thumb Code     6  stm32f10x_rcc.o(.text)
    RCC_SYSCLKConfig                         0x08000ffb   Thumb Code    18  stm32f10x_rcc.o(.text)
    RCC_GetSYSCLKSource                      0x0800100d   Thumb Code    10  stm32f10x_rcc.o(.text)
    RCC_HCLKConfig                           0x08001017   Thumb Code    18  stm32f10x_rcc.o(.text)
    RCC_PCLK1Config                          0x08001029   Thumb Code    18  stm32f10x_rcc.o(.text)
    RCC_PCLK2Config                          0x0800103b   Thumb Code    20  stm32f10x_rcc.o(.text)
    RCC_ITConfig                             0x0800104f   Thumb Code    26  stm32f10x_rcc.o(.text)
    RCC_USBCLKConfig                         0x08001069   Thumb Code     8  stm32f10x_rcc.o(.text)
    RCC_ADCCLKConfig                         0x08001071   Thumb Code    18  stm32f10x_rcc.o(.text)
    RCC_LSEConfig                            0x08001083   Thumb Code    50  stm32f10x_rcc.o(.text)
    RCC_LSICmd                               0x080010b5   Thumb Code     6  stm32f10x_rcc.o(.text)
    RCC_RTCCLKConfig                         0x080010bb   Thumb Code    12  stm32f10x_rcc.o(.text)
    RCC_RTCCLKCmd                            0x080010c7   Thumb Code     8  stm32f10x_rcc.o(.text)
    RCC_GetClocksFreq                        0x080010cf   Thumb Code   192  stm32f10x_rcc.o(.text)
    RCC_AHBPeriphClockCmd                    0x0800118f   Thumb Code    26  stm32f10x_rcc.o(.text)
    RCC_APB2PeriphClockCmd                   0x080011a9   Thumb Code    26  stm32f10x_rcc.o(.text)
    RCC_APB1PeriphClockCmd                   0x080011c3   Thumb Code    26  stm32f10x_rcc.o(.text)
    RCC_APB2PeriphResetCmd                   0x080011dd   Thumb Code    26  stm32f10x_rcc.o(.text)
    RCC_APB1PeriphResetCmd                   0x080011f7   Thumb Code    26  stm32f10x_rcc.o(.text)
    RCC_BackupResetCmd                       0x08001211   Thumb Code     8  stm32f10x_rcc.o(.text)
    RCC_ClockSecuritySystemCmd               0x08001219   Thumb Code     6  stm32f10x_rcc.o(.text)
    RCC_MCOConfig                            0x0800121f   Thumb Code     6  stm32f10x_rcc.o(.text)
    RCC_ClearFlag                            0x08001225   Thumb Code    14  stm32f10x_rcc.o(.text)
    RCC_GetITStatus                          0x08001233   Thumb Code    20  stm32f10x_rcc.o(.text)
    RCC_ClearITPendingBit                    0x08001247   Thumb Code     6  stm32f10x_rcc.o(.text)
    TIM_DeInit                               0x08001271   Thumb Code   424  stm32f10x_tim.o(.text)
    TIM_TimeBaseInit                         0x08001419   Thumb Code   122  stm32f10x_tim.o(.text)
    TIM_OC1Init                              0x08001493   Thumb Code   132  stm32f10x_tim.o(.text)
    TIM_OC2Init                              0x08001517   Thumb Code   154  stm32f10x_tim.o(.text)
    TIM_OC3Init                              0x080015b1   Thumb Code   150  stm32f10x_tim.o(.text)
    TIM_OC4Init                              0x08001647   Thumb Code   182  stm32f10x_tim.o(.text)
    TIM_SetIC4Prescaler                      0x080016fd   Thumb Code    26  stm32f10x_tim.o(.text)
    TIM_SetIC3Prescaler                      0x08001799   Thumb Code    18  stm32f10x_tim.o(.text)
    TIM_SetIC2Prescaler                      0x08001825   Thumb Code    26  stm32f10x_tim.o(.text)
    TIM_SetIC1Prescaler                      0x080018c1   Thumb Code    18  stm32f10x_tim.o(.text)
    TIM_ICInit                               0x0800193f   Thumb Code   150  stm32f10x_tim.o(.text)
    TIM_PWMIConfig                           0x080019d5   Thumb Code   124  stm32f10x_tim.o(.text)
    TIM_BDTRConfig                           0x08001a51   Thumb Code    32  stm32f10x_tim.o(.text)
    TIM_TimeBaseStructInit                   0x08001a71   Thumb Code    18  stm32f10x_tim.o(.text)
    TIM_OCStructInit                         0x08001a83   Thumb Code    20  stm32f10x_tim.o(.text)
    TIM_ICStructInit                         0x08001a97   Thumb Code    18  stm32f10x_tim.o(.text)
    TIM_BDTRStructInit                       0x08001aa9   Thumb Code    40  stm32f10x_tim.o(.text)
    TIM_Cmd                                  0x08001ad1   Thumb Code    24  stm32f10x_tim.o(.text)
    TIM_CtrlPWMOutputs                       0x08001ae9   Thumb Code    30  stm32f10x_tim.o(.text)
    TIM_ITConfig                             0x08001b07   Thumb Code    18  stm32f10x_tim.o(.text)
    TIM_GenerateEvent                        0x08001b19   Thumb Code     4  stm32f10x_tim.o(.text)
    TIM_DMAConfig                            0x08001b1d   Thumb Code    10  stm32f10x_tim.o(.text)
    TIM_DMACmd                               0x08001b27   Thumb Code    18  stm32f10x_tim.o(.text)
    TIM_InternalClockConfig                  0x08001b39   Thumb Code    12  stm32f10x_tim.o(.text)
    TIM_SelectInputTrigger                   0x08001b45   Thumb Code    18  stm32f10x_tim.o(.text)
    TIM_ITRxExternalClockConfig              0x08001b57   Thumb Code    24  stm32f10x_tim.o(.text)
    TIM_TIxExternalClockConfig               0x08001b6f   Thumb Code    62  stm32f10x_tim.o(.text)
    TIM_ETRConfig                            0x08001bad   Thumb Code    28  stm32f10x_tim.o(.text)
    TIM_ETRClockMode1Config                  0x08001bc9   Thumb Code    54  stm32f10x_tim.o(.text)
    TIM_ETRClockMode2Config                  0x08001bff   Thumb Code    32  stm32f10x_tim.o(.text)
    TIM_PrescalerConfig                      0x08001c1f   Thumb Code     6  stm32f10x_tim.o(.text)
    TIM_CounterModeConfig                    0x08001c25   Thumb Code    18  stm32f10x_tim.o(.text)
    TIM_EncoderInterfaceConfig               0x08001c37   Thumb Code    66  stm32f10x_tim.o(.text)
    TIM_ForcedOC1Config                      0x08001c79   Thumb Code    18  stm32f10x_tim.o(.text)
    TIM_ForcedOC2Config                      0x08001c8b   Thumb Code    26  stm32f10x_tim.o(.text)
    TIM_ForcedOC3Config                      0x08001ca5   Thumb Code    18  stm32f10x_tim.o(.text)
    TIM_ForcedOC4Config                      0x08001cb7   Thumb Code    26  stm32f10x_tim.o(.text)
    TIM_ARRPreloadConfig                     0x08001cd1   Thumb Code    24  stm32f10x_tim.o(.text)
    TIM_SelectCOM                            0x08001ce9   Thumb Code    24  stm32f10x_tim.o(.text)
    TIM_SelectCCDMA                          0x08001d01   Thumb Code    24  stm32f10x_tim.o(.text)
    TIM_CCPreloadControl                     0x08001d19   Thumb Code    24  stm32f10x_tim.o(.text)
    TIM_OC1PreloadConfig                     0x08001d31   Thumb Code    18  stm32f10x_tim.o(.text)
    TIM_OC2PreloadConfig                     0x08001d43   Thumb Code    26  stm32f10x_tim.o(.text)
    TIM_OC3PreloadConfig                     0x08001d5d   Thumb Code    18  stm32f10x_tim.o(.text)
    TIM_OC4PreloadConfig                     0x08001d6f   Thumb Code    26  stm32f10x_tim.o(.text)
    TIM_OC1FastConfig                        0x08001d89   Thumb Code    18  stm32f10x_tim.o(.text)
    TIM_OC2FastConfig                        0x08001d9b   Thumb Code    26  stm32f10x_tim.o(.text)
    TIM_OC3FastConfig                        0x08001db5   Thumb Code    18  stm32f10x_tim.o(.text)
    TIM_OC4FastConfig                        0x08001dc7   Thumb Code    26  stm32f10x_tim.o(.text)
    TIM_ClearOC1Ref                          0x08001de1   Thumb Code    18  stm32f10x_tim.o(.text)
    TIM_ClearOC2Ref                          0x08001df3   Thumb Code    24  stm32f10x_tim.o(.text)
    TIM_ClearOC3Ref                          0x08001e0b   Thumb Code    18  stm32f10x_tim.o(.text)
    TIM_ClearOC4Ref                          0x08001e1d   Thumb Code    24  stm32f10x_tim.o(.text)
    TIM_OC1PolarityConfig                    0x08001e35   Thumb Code    18  stm32f10x_tim.o(.text)
    TIM_OC1NPolarityConfig                   0x08001e47   Thumb Code    18  stm32f10x_tim.o(.text)
    TIM_OC2PolarityConfig                    0x08001e59   Thumb Code    26  stm32f10x_tim.o(.text)
    TIM_OC2NPolarityConfig                   0x08001e73   Thumb Code    26  stm32f10x_tim.o(.text)
    TIM_OC3PolarityConfig                    0x08001e8d   Thumb Code    26  stm32f10x_tim.o(.text)
    TIM_OC3NPolarityConfig                   0x08001ea7   Thumb Code    26  stm32f10x_tim.o(.text)
    TIM_OC4PolarityConfig                    0x08001ec1   Thumb Code    26  stm32f10x_tim.o(.text)
    TIM_CCxCmd                               0x08001edb   Thumb Code    30  stm32f10x_tim.o(.text)
    TIM_CCxNCmd                              0x08001ef9   Thumb Code    30  stm32f10x_tim.o(.text)
    TIM_SelectOCxM                           0x08001f17   Thumb Code    82  stm32f10x_tim.o(.text)
    TIM_UpdateDisableConfig                  0x08001f69   Thumb Code    24  stm32f10x_tim.o(.text)
    TIM_UpdateRequestConfig                  0x08001f81   Thumb Code    24  stm32f10x_tim.o(.text)
    TIM_SelectHallSensor                     0x08001f99   Thumb Code    24  stm32f10x_tim.o(.text)
    TIM_SelectOnePulseMode                   0x08001fb1   Thumb Code    18  stm32f10x_tim.o(.text)
    TIM_SelectOutputTrigger                  0x08001fc3   Thumb Code    18  stm32f10x_tim.o(.text)
    TIM_SelectSlaveMode                      0x08001fd5   Thumb Code    18  stm32f10x_tim.o(.text)
    TIM_SelectMasterSlaveMode                0x08001fe7   Thumb Code    18  stm32f10x_tim.o(.text)
    TIM_SetCounter                           0x08001ff9   Thumb Code     4  stm32f10x_tim.o(.text)
    TIM_SetAutoreload                        0x08001ffd   Thumb Code     4  stm32f10x_tim.o(.text)
    TIM_SetCompare1                          0x08002001   Thumb Code     4  stm32f10x_tim.o(.text)
    TIM_SetCompare2                          0x08002005   Thumb Code     4  stm32f10x_tim.o(.text)
    TIM_SetCompare3                          0x08002009   Thumb Code     4  stm32f10x_tim.o(.text)
    TIM_SetCompare4                          0x0800200d   Thumb Code     6  stm32f10x_tim.o(.text)
    TIM_SetClockDivision                     0x08002013   Thumb Code    18  stm32f10x_tim.o(.text)
    TIM_GetCapture1                          0x08002025   Thumb Code     6  stm32f10x_tim.o(.text)
    TIM_GetCapture2                          0x0800202b   Thumb Code     6  stm32f10x_tim.o(.text)
    TIM_GetCapture3                          0x08002031   Thumb Code     6  stm32f10x_tim.o(.text)
    TIM_GetCapture4                          0x08002037   Thumb Code     8  stm32f10x_tim.o(.text)
    TIM_GetCounter                           0x0800203f   Thumb Code     6  stm32f10x_tim.o(.text)
    TIM_GetPrescaler                         0x08002045   Thumb Code     6  stm32f10x_tim.o(.text)
    TIM_GetFlagStatus                        0x0800204b   Thumb Code    18  stm32f10x_tim.o(.text)
    TIM_ClearFlag                            0x0800205d   Thumb Code     6  stm32f10x_tim.o(.text)
    TIM_GetITStatus                          0x08002063   Thumb Code    34  stm32f10x_tim.o(.text)
    TIM_ClearITPendingBit                    0x08002085   Thumb Code     6  stm32f10x_tim.o(.text)
    USART_DeInit                             0x0800208d   Thumb Code   134  stm32f10x_usart.o(.text)
    USART_Init                               0x08002113   Thumb Code   210  stm32f10x_usart.o(.text)
    USART_StructInit                         0x080021e5   Thumb Code    24  stm32f10x_usart.o(.text)
    USART_ClockInit                          0x080021fd   Thumb Code    34  stm32f10x_usart.o(.text)
    USART_ClockStructInit                    0x0800221f   Thumb Code    12  stm32f10x_usart.o(.text)
    USART_Cmd                                0x0800222b   Thumb Code    24  stm32f10x_usart.o(.text)
    USART_ITConfig                           0x08002243   Thumb Code    74  stm32f10x_usart.o(.text)
    USART_DMACmd                             0x0800228d   Thumb Code    18  stm32f10x_usart.o(.text)
    USART_SetAddress                         0x0800229f   Thumb Code    18  stm32f10x_usart.o(.text)
    USART_WakeUpConfig                       0x080022b1   Thumb Code    18  stm32f10x_usart.o(.text)
    USART_ReceiverWakeUpCmd                  0x080022c3   Thumb Code    24  stm32f10x_usart.o(.text)
    USART_LINBreakDetectLengthConfig         0x080022db   Thumb Code    18  stm32f10x_usart.o(.text)
    USART_LINCmd                             0x080022ed   Thumb Code    24  stm32f10x_usart.o(.text)
    USART_SendData                           0x08002305   Thumb Code     8  stm32f10x_usart.o(.text)
    USART_ReceiveData                        0x0800230d   Thumb Code    10  stm32f10x_usart.o(.text)
    USART_SendBreak                          0x08002317   Thumb Code    10  stm32f10x_usart.o(.text)
    USART_SetGuardTime                       0x08002321   Thumb Code    16  stm32f10x_usart.o(.text)
    USART_SetPrescaler                       0x08002331   Thumb Code    16  stm32f10x_usart.o(.text)
    USART_SmartCardCmd                       0x08002341   Thumb Code    24  stm32f10x_usart.o(.text)
    USART_SmartCardNACKCmd                   0x08002359   Thumb Code    24  stm32f10x_usart.o(.text)
    USART_HalfDuplexCmd                      0x08002371   Thumb Code    24  stm32f10x_usart.o(.text)
    USART_OverSampling8Cmd                   0x08002389   Thumb Code    22  stm32f10x_usart.o(.text)
    USART_OneBitMethodCmd                    0x0800239f   Thumb Code    24  stm32f10x_usart.o(.text)
    USART_IrDAConfig                         0x080023b7   Thumb Code    18  stm32f10x_usart.o(.text)
    USART_IrDACmd                            0x080023c9   Thumb Code    24  stm32f10x_usart.o(.text)
    USART_GetFlagStatus                      0x080023e1   Thumb Code    26  stm32f10x_usart.o(.text)
    USART_ClearFlag                          0x080023fb   Thumb Code    18  stm32f10x_usart.o(.text)
    USART_GetITStatus                        0x0800240d   Thumb Code    84  stm32f10x_usart.o(.text)
    USART_ClearITPendingBit                  0x08002461   Thumb Code    52  stm32f10x_usart.o(.text)
    delay_init                               0x08002495   Thumb Code    50  delay.o(.text)
    delay_us                                 0x080024c7   Thumb Code    72  delay.o(.text)
    delay_ms                                 0x0800250f   Thumb Code    72  delay.o(.text)
    _sys_exit                                0x08002569   Thumb Code     6  usart.o(.text)
    fputc                                    0x0800256f   Thumb Code    24  usart.o(.text)
    uart_init                                0x08002587   Thumb Code   152  usart.o(.text)
    USART1_IRQHandler                        0x0800261f   Thumb Code   122  usart.o(.text)
    Adc_Init                                 0x080026a9   Thumb Code   132  adc.o(.text)
    Get_Adc                                  0x0800272d   Thumb Code    46  adc.o(.text)
    Get_Adc_Average                          0x0800275b   Thumb Code    46  adc.o(.text)
    TIM4_Int_Init                            0x08002791   Thumb Code    90  timer.o(.text)
    TIM4_IRQHandler                          0x080027eb   Thumb Code   452  timer.o(.text)
    OLED_WR_Byte                             0x080029f9   Thumb Code   108  oled.o(.text)
    OLED_WR_Byte2                            0x08002a65   Thumb Code   108  oled.o(.text)
    OLED_Set_Pos                             0x08002ad1   Thumb Code    46  oled.o(.text)
    OLED_Display_On                          0x08002aff   Thumb Code    28  oled.o(.text)
    OLED_Display_Off                         0x08002b1b   Thumb Code    28  oled.o(.text)
    OLED_Clear                               0x08002b37   Thumb Code    64  oled.o(.text)
    OLED_ShowChar                            0x08002b77   Thumb Code    78  oled.o(.text)
    OLED_ShowChar2                           0x08002bc5   Thumb Code    78  oled.o(.text)
    oled_pow                                 0x08002c13   Thumb Code    22  oled.o(.text)
    OLED_ShowNum                             0x08002c29   Thumb Code   132  oled.o(.text)
    OLED_ShowString                          0x08002cad   Thumb Code    54  oled.o(.text)
    float_d                                  0x08002ce3   Thumb Code    62  oled.o(.text)
    float_i                                  0x08002d21   Thumb Code    32  oled.o(.text)
    OLED_ShowNum_float                       0x08002d41   Thumb Code   268  oled.o(.text)
    OLED_ShowNum2                            0x08002e4d   Thumb Code   132  oled.o(.text)
    OLED_ShowString2                         0x08002ed1   Thumb Code    54  oled.o(.text)
    OLED_ShowCHinese                         0x08002f07   Thumb Code    98  oled.o(.text)
    OLED_ShowCHinese2                        0x08002f69   Thumb Code    98  oled.o(.text)
    OLED_DrawBMP                             0x08002fcb   Thumb Code   118  oled.o(.text)
    OLED_Init                                0x08003041   Thumb Code   372  oled.o(.text)
    MyADC_filter                             0x080031c1   Thumb Code   190  adc_filter.o(.text)
    usart1_send_char                         0x08003289   Thumb Code    28  report.o(.text)
    usart1_niming_report                     0x080032a5   Thumb Code   118  report.o(.text)
    I_send_data                              0x0800331b   Thumb Code    56  report.o(.text)
    Get_Angle                                0x08003359   Thumb Code  1144  balance.o(.text)
    Kalman_Filter                            0x080037d9   Thumb Code   558  filter.o(.text)
    Yijielvbo                                0x08003a07   Thumb Code   132  filter.o(.text)
    MPU_IIC_Delay                            0x08003ae1   Thumb Code    10  mpuiic.o(.text)
    MPU_IIC_Init                             0x08003aeb   Thumb Code    50  mpuiic.o(.text)
    MPU_IIC_Start                            0x08003b1d   Thumb Code    64  mpuiic.o(.text)
    MPU_IIC_Stop                             0x08003b5d   Thumb Code    66  mpuiic.o(.text)
    MPU_IIC_Wait_Ack                         0x08003b9f   Thumb Code    90  mpuiic.o(.text)
    MPU_IIC_Ack                              0x08003bf9   Thumb Code    70  mpuiic.o(.text)
    MPU_IIC_NAck                             0x08003c3f   Thumb Code    70  mpuiic.o(.text)
    MPU_IIC_Send_Byte                        0x08003c85   Thumb Code    86  mpuiic.o(.text)
    MPU_IIC_Read_Byte                        0x08003cdb   Thumb Code   100  mpuiic.o(.text)
    MPU_Write_Byte                           0x08003d4d   Thumb Code    68  mpu6050.o(.text)
    MPU_Set_LPF                              0x08003d91   Thumb Code    58  mpu6050.o(.text)
    MPU_Set_Rate                             0x08003dcb   Thumb Code    58  mpu6050.o(.text)
    MPU_Read_Byte                            0x08003e05   Thumb Code    58  mpu6050.o(.text)
    MPU_Set_Accel_Fsr                        0x08003e3f   Thumb Code    16  mpu6050.o(.text)
    MPU_Set_Gyro_Fsr                         0x08003e4f   Thumb Code    16  mpu6050.o(.text)
    MPU_Init                                 0x08003e5f   Thumb Code   122  mpu6050.o(.text)
    MPU_Read_Len                             0x08003ed9   Thumb Code   116  mpu6050.o(.text)
    MPU_Get_Temperature                      0x08003f4d   Thumb Code    86  mpu6050.o(.text)
    MPU_Get_Gyroscope                        0x08003fa3   Thumb Code    80  mpu6050.o(.text)
    MPU_Get_Accelerometer                    0x08003ff3   Thumb Code    80  mpu6050.o(.text)
    MPU_Write_Len                            0x08004043   Thumb Code    96  mpu6050.o(.text)
    Driver_Init                              0x080040b5   Thumb Code    54  driver.o(.text)
    TIM1_OPM_RCR_Init                        0x080040eb   Thumb Code   218  driver.o(.text)
    TIM1_UP_IRQHandler                       0x080041c5   Thumb Code   188  driver.o(.text)
    TIM1_Startup                             0x08004281   Thumb Code    48  driver.o(.text)
    Locate_Rle                               0x080042b1   Thumb Code   130  driver.o(.text)
    Locate_Abs                               0x08004333   Thumb Code   226  driver.o(.text)
    __use_no_semihosting                     0x08004449   Thumb Code     2  use_no_semi_2.o(.text)
    __use_two_region_memory                  0x0800444b   Thumb Code     2  heapauxi.o(.text)
    __rt_heap_escrow$2region                 0x0800444d   Thumb Code     2  heapauxi.o(.text)
    __rt_heap_expand$2region                 0x0800444f   Thumb Code     2  heapauxi.o(.text)
    __I$use$semihosting                      0x08004451   Thumb Code     0  use_no_semi.o(.text)
    __use_no_semihosting_swi                 0x08004451   Thumb Code     2  use_no_semi.o(.text)
    __read_errno                             0x08004453   Thumb Code    10  _rserrno.o(.text)
    __set_errno                              0x0800445d   Thumb Code    12  _rserrno.o(.text)
    __aeabi_errno_addr                       0x08004469   Thumb Code     8  rt_errno_addr_intlibspace.o(.text)
    __errno$intlibspace                      0x08004469   Thumb Code     0  rt_errno_addr_intlibspace.o(.text)
    __rt_errno_addr$intlibspace              0x08004469   Thumb Code     0  rt_errno_addr_intlibspace.o(.text)
    __user_libspace                          0x08004471   Thumb Code     8  libspace.o(.text)
    __user_perproc_libspace                  0x08004471   Thumb Code     0  libspace.o(.text)
    __user_perthread_libspace                0x08004471   Thumb Code     0  libspace.o(.text)
    __user_setup_stackheap                   0x08004479   Thumb Code    74  sys_stackheap_outer.o(.text)
    exit                                     0x080044c3   Thumb Code    12  exit.o(.text)
    __ARM_fpclassify                         0x080044cf   Thumb Code    40  fpclassify.o(i.__ARM_fpclassify)
    __ieee754_rem_pio2                       0x080044f9   Thumb Code   828  rred.o(i.__ieee754_rem_pio2)
    __kernel_cos                             0x08004881   Thumb Code   230  cos_i.o(i.__kernel_cos)
    __kernel_poly                            0x0800497d   Thumb Code   170  poly.o(i.__kernel_poly)
    __kernel_sin                             0x08004a29   Thumb Code   224  sin_i.o(i.__kernel_sin)
    __mathlib_dbl_divzero                    0x08004b15   Thumb Code    12  dunder.o(i.__mathlib_dbl_divzero)
    __mathlib_dbl_infnan                     0x08004b25   Thumb Code     6  dunder.o(i.__mathlib_dbl_infnan)
    __mathlib_dbl_infnan2                    0x08004b2b   Thumb Code     4  dunder.o(i.__mathlib_dbl_infnan2)
    __mathlib_dbl_invalid                    0x08004b2f   Thumb Code    12  dunder.o(i.__mathlib_dbl_invalid)
    __mathlib_dbl_overflow                   0x08004b3b   Thumb Code    14  dunder.o(i.__mathlib_dbl_overflow)
    __mathlib_dbl_underflow                  0x08004b49   Thumb Code    10  dunder.o(i.__mathlib_dbl_underflow)
    atan                                     0x08004b59   Thumb Code   474  atan.o(i.atan)
    atan2                                    0x08004d79   Thumb Code   346  atan2.o(i.atan2)
    cos                                      0x08004ef9   Thumb Code   148  cos.o(i.cos)
    pow                                      0x08004f95   Thumb Code  2478  pow.o(i.pow)
    sin                                      0x0800594d   Thumb Code   150  sin.o(i.sin)
    sqrt                                     0x080059ed   Thumb Code    76  sqrt.o(i.sqrt)
    __aeabi_d2f                              0x08005a39   Thumb Code     0  d2f.o(x$fpl$d2f)
    _d2f                                     0x08005a39   Thumb Code    98  d2f.o(x$fpl$d2f)
    __aeabi_dadd                             0x08005a9d   Thumb Code     0  daddsub_clz.o(x$fpl$dadd)
    _dadd                                    0x08005a9d   Thumb Code   332  daddsub_clz.o(x$fpl$dadd)
    __fpl_dcheck_NaN1                        0x08005bed   Thumb Code    10  dcheck1.o(x$fpl$dcheck1)
    __fpl_dcmp_Inf                           0x08005bfd   Thumb Code    24  dcmpi.o(x$fpl$dcmpinf)
    __aeabi_ddiv                             0x08005c15   Thumb Code     0  ddiv.o(x$fpl$ddiv)
    _ddiv                                    0x08005c15   Thumb Code   552  ddiv.o(x$fpl$ddiv)
    __aeabi_d2iz                             0x08005ec5   Thumb Code     0  dfix.o(x$fpl$dfix)
    _dfix                                    0x08005ec5   Thumb Code    94  dfix.o(x$fpl$dfix)
    __aeabi_i2d                              0x08005f23   Thumb Code     0  dflt_clz.o(x$fpl$dflt)
    _dflt                                    0x08005f23   Thumb Code    46  dflt_clz.o(x$fpl$dflt)
    __aeabi_ui2d                             0x08005f51   Thumb Code     0  dflt_clz.o(x$fpl$dfltu)
    _dfltu                                   0x08005f51   Thumb Code    38  dflt_clz.o(x$fpl$dfltu)
    __aeabi_cdcmple                          0x08005f79   Thumb Code     0  dleqf.o(x$fpl$dleqf)
    _dcmple                                  0x08005f79   Thumb Code   120  dleqf.o(x$fpl$dleqf)
    __fpl_dcmple_InfNaN                      0x08005fdb   Thumb Code     0  dleqf.o(x$fpl$dleqf)
    __aeabi_dmul                             0x08005ff1   Thumb Code     0  dmul.o(x$fpl$dmul)
    _dmul                                    0x08005ff1   Thumb Code   332  dmul.o(x$fpl$dmul)
    __fpl_dnaninf                            0x08006145   Thumb Code   156  dnaninf.o(x$fpl$dnaninf)
    __fpl_dretinf                            0x080061e1   Thumb Code    12  dretinf.o(x$fpl$dretinf)
    __aeabi_cdrcmple                         0x080061ed   Thumb Code     0  drleqf.o(x$fpl$drleqf)
    _drcmple                                 0x080061ed   Thumb Code   108  drleqf.o(x$fpl$drleqf)
    __aeabi_drsub                            0x08006259   Thumb Code     0  daddsub_clz.o(x$fpl$drsb)
    _drsb                                    0x08006259   Thumb Code    22  daddsub_clz.o(x$fpl$drsb)
    _dsqrt                                   0x08006271   Thumb Code   456  dsqrt_noumaal.o(x$fpl$dsqrt)
    __aeabi_dsub                             0x0800643d   Thumb Code     0  daddsub_clz.o(x$fpl$dsub)
    _dsub                                    0x0800643d   Thumb Code   464  daddsub_clz.o(x$fpl$dsub)
    __aeabi_f2d                              0x08006611   Thumb Code     0  f2d.o(x$fpl$f2d)
    _f2d                                     0x08006611   Thumb Code    86  f2d.o(x$fpl$f2d)
    __aeabi_fadd                             0x08006669   Thumb Code     0  faddsub_clz.o(x$fpl$fadd)
    _fadd                                    0x08006669   Thumb Code   196  faddsub_clz.o(x$fpl$fadd)
    __fpl_fcmp_Inf                           0x0800672d   Thumb Code    24  fcmpi.o(x$fpl$fcmpinf)
    __aeabi_fdiv                             0x08006745   Thumb Code     0  fdiv.o(x$fpl$fdiv)
    _fdiv                                    0x08006745   Thumb Code   384  fdiv.o(x$fpl$fdiv)
    __aeabi_f2iz                             0x080068c9   Thumb Code     0  ffix.o(x$fpl$ffix)
    _ffix                                    0x080068c9   Thumb Code    54  ffix.o(x$fpl$ffix)
    __aeabi_i2f                              0x08006901   Thumb Code     0  fflt_clz.o(x$fpl$fflt)
    _fflt                                    0x08006901   Thumb Code    48  fflt_clz.o(x$fpl$fflt)
    __aeabi_ui2f                             0x08006931   Thumb Code     0  fflt_clz.o(x$fpl$ffltu)
    _ffltu                                   0x08006931   Thumb Code    38  fflt_clz.o(x$fpl$ffltu)
    __aeabi_cfcmple                          0x08006959   Thumb Code     0  fleqf.o(x$fpl$fleqf)
    _fcmple                                  0x08006959   Thumb Code   104  fleqf.o(x$fpl$fleqf)
    __fpl_fcmple_InfNaN                      0x080069ab   Thumb Code     0  fleqf.o(x$fpl$fleqf)
    __aeabi_fmul                             0x080069c1   Thumb Code     0  fmul.o(x$fpl$fmul)
    _fmul                                    0x080069c1   Thumb Code   258  fmul.o(x$fpl$fmul)
    __fpl_fnaninf                            0x08006ac3   Thumb Code   140  fnaninf.o(x$fpl$fnaninf)
    __fpl_fretinf                            0x08006b4f   Thumb Code    10  fretinf.o(x$fpl$fretinf)
    __aeabi_cfrcmple                         0x08006b59   Thumb Code     0  frleqf.o(x$fpl$frleqf)
    _frcmple                                 0x08006b59   Thumb Code    98  frleqf.o(x$fpl$frleqf)
    __aeabi_frsub                            0x08006bbb   Thumb Code     0  faddsub_clz.o(x$fpl$frsb)
    _frsb                                    0x08006bbb   Thumb Code    20  faddsub_clz.o(x$fpl$frsb)
    __aeabi_fsub                             0x08006bd1   Thumb Code     0  faddsub_clz.o(x$fpl$fsub)
    _fsub                                    0x08006bd1   Thumb Code   234  faddsub_clz.o(x$fpl$fsub)
    __fpl_return_NaN                         0x08006cbb   Thumb Code   100  retnan.o(x$fpl$retnan)
    __ARM_scalbn                             0x08006d1f   Thumb Code    92  scalbn.o(x$fpl$scalbn)
    __fpl_cmpreturn                          0x08006d7b   Thumb Code    48  trapv.o(x$fpl$trapveneer)
    F6x8                                     0x08006daa   Data         552  oled.o(.constdata)
    __I$use$fp                               0x08006daa   Number         0  usenofp.o(x$fpl$usenofp)
    F8X16                                    0x08006fd2   Data        1520  oled.o(.constdata)
    __mathlib_zero                           0x08007718   Data           8  qnan.o(.constdata)
    Region$$Table$$Base                      0x08007810   Number         0  anon$$obj.o(Region$$Table)
    Region$$Table$$Limit                     0x08007830   Number         0  anon$$obj.o(Region$$Table)
    My_Angle                                 0x20000000   Data           4  main.o(.data)
    lvboqian                                 0x20000004   Data           4  main.o(.data)
    lvbohou                                  0x20000008   Data           4  main.o(.data)
    N_Gyro_Y                                 0x2000000c   Data           4  main.o(.data)
    yuzhou                                   0x20000010   Data           4  main.o(.data)
    SystemCoreClock                          0x20000014   Data           4  system_stm32f10x.o(.data)
    AHBPrescTable                            0x20000018   Data          16  system_stm32f10x.o(.data)
    __stdout                                 0x20000040   Data           4  usart.o(.data)
    USART_RX_STA                             0x20000044   Data           2  usart.o(.data)
    L                                        0x20000048   Data           4  timer.o(.data)
    X                                        0x2000004c   Data           4  timer.o(.data)
    aerfa                                    0x20000050   Data           4  timer.o(.data)
    shedingjiao                              0x20000054   Data           4  timer.o(.data)
    shedingjiao_save                         0x20000058   Data           4  timer.o(.data)
    shedingjiao_save1                        0x2000005c   Data           4  timer.o(.data)
    My_Angle_save                            0x20000060   Data           4  timer.o(.data)
    flag                                     0x20000064   Data           2  timer.o(.data)
    Err_My_angle                             0x20000068   Data           4  timer.o(.data)
    flag_way                                 0x2000006c   Data           2  timer.o(.data)
    timer_Err_My_angle                       0x2000006e   Data           2  timer.o(.data)
    sum_Err_My_angle                         0x20000070   Data           4  timer.o(.data)
    Real_sum_Err_My_angle                    0x20000074   Data           4  timer.o(.data)
    Hzk                                      0x20000078   Data         448  oled.o(.data)
    Angle_Balance_X                          0x20000238   Data           4  balance.o(.data)
    Angle_Balance_Y                          0x2000023c   Data           4  balance.o(.data)
    Accel_Y                                  0x20000240   Data           4  balance.o(.data)
    Accel_X                                  0x20000244   Data           4  balance.o(.data)
    Accel_Z                                  0x20000248   Data           4  balance.o(.data)
    Gyro_X                                   0x2000024c   Data           4  balance.o(.data)
    Gyro_Y                                   0x20000250   Data           4  balance.o(.data)
    Gyro_Z                                   0x20000254   Data           4  balance.o(.data)
    laoma1                                   0x20000258   Data           2  balance.o(.data)
    laoma2                                   0x2000025a   Data           2  balance.o(.data)
    laoma3                                   0x2000025c   Data           2  balance.o(.data)
    laoma_sum                                0x20000260   Data           4  balance.o(.data)
    laoma_temp                               0x20000264   Data           4  balance.o(.data)
    averge_laoma                             0x20000268   Data           4  balance.o(.data)
    K1                                       0x2000026c   Data           4  filter.o(.data)
    angle                                    0x20000270   Data           4  filter.o(.data)
    angle_dot                                0x20000274   Data           4  filter.o(.data)
    Q_angle                                  0x20000278   Data           4  filter.o(.data)
    Q_gyro                                   0x2000027c   Data           4  filter.o(.data)
    R_angle                                  0x20000280   Data           4  filter.o(.data)
    dt                                       0x20000284   Data           4  filter.o(.data)
    C_0                                      0x20000288   Data           1  filter.o(.data)
    Q_bias                                   0x2000028c   Data           4  filter.o(.data)
    Angle_err                                0x20000290   Data           4  filter.o(.data)
    PCt_0                                    0x20000294   Data           4  filter.o(.data)
    PCt_1                                    0x20000298   Data           4  filter.o(.data)
    E                                        0x2000029c   Data           4  filter.o(.data)
    K_0                                      0x200002a0   Data           4  filter.o(.data)
    K_1                                      0x200002a4   Data           4  filter.o(.data)
    t_0                                      0x200002a8   Data           4  filter.o(.data)
    t_1                                      0x200002ac   Data           4  filter.o(.data)
    PP                                       0x200002b0   Data          16  filter.o(.data)
    rcr_remainder                            0x200002c0   Data           1  driver.o(.data)
    is_rcr_finish                            0x200002c1   Data           1  driver.o(.data)
    rcr_integer                              0x200002c4   Data           4  driver.o(.data)
    target_pos                               0x200002c8   Data           4  driver.o(.data)
    current_pos                              0x200002cc   Data           4  driver.o(.data)
    motor_dir                                0x200002d0   Data           1  driver.o(.data)
    USART_RX_BUF                             0x200002d4   Data         200  usart.o(.bss)
    value_buf                                0x2000039c   Data          40  adc_filter.o(.bss)
    value_buf2                               0x200003c4   Data          40  adc_filter.o(.bss)
    laomashuzu                               0x200003f0   Data          80  balance.o(.bss)
    laomashuzu2                              0x20000440   Data          80  balance.o(.bss)
    Pdot                                     0x20000490   Data          16  filter.o(.bss)
    __libspace_start                         0x200004a0   Data          96  libspace.o(.bss)
    __temporary_stack_top$libspace           0x20000500   Data           0  libspace.o(.bss)



==============================================================================

Memory Map of the image

  Image Entry point : 0x080000ed

  Load Region LR_IROM1 (Base: 0x08000000, Size: 0x00007b04, Max: 0x00010000, ABSOLUTE, COMPRESSED[0x0000792c])

    Execution Region ER_IROM1 (Base: 0x08000000, Size: 0x00007830, Max: 0x00010000, ABSOLUTE)

    Base Addr    Size         Type   Attr      Idx    E Section Name        Object

    0x08000000   0x000000ec   Data   RO          205    RESET               startup_stm32f10x_md.o
    0x080000ec   0x00000008   Code   RO          874  * !!!main             c_w.l(__main.o)
    0x080000f4   0x00000034   Code   RO         1246    !!!scatter          c_w.l(__scatter.o)
    0x08000128   0x0000005a   Code   RO         1244    !!dczerorl2         c_w.l(__dczerorl2.o)
    0x08000182   0x00000002   PAD
    0x08000184   0x0000001c   Code   RO         1248    !!handler_zi        c_w.l(__scatter_zi.o)
    0x080001a0   0x00000002   Code   RO         1114    .ARM.Collect$$libinit$$00000000  c_w.l(libinit.o)
    0x080001a2   0x00000000   Code   RO         1124    .ARM.Collect$$libinit$$00000002  c_w.l(libinit2.o)
    0x080001a2   0x00000000   Code   RO         1126    .ARM.Collect$$libinit$$00000004  c_w.l(libinit2.o)
    0x080001a2   0x00000000   Code   RO         1129    .ARM.Collect$$libinit$$0000000A  c_w.l(libinit2.o)
    0x080001a2   0x00000000   Code   RO         1131    .ARM.Collect$$libinit$$0000000C  c_w.l(libinit2.o)
    0x080001a2   0x00000000   Code   RO         1133    .ARM.Collect$$libinit$$0000000E  c_w.l(libinit2.o)
    0x080001a2   0x00000000   Code   RO         1136    .ARM.Collect$$libinit$$00000011  c_w.l(libinit2.o)
    0x080001a2   0x00000000   Code   RO         1138    .ARM.Collect$$libinit$$00000013  c_w.l(libinit2.o)
    0x080001a2   0x00000000   Code   RO         1140    .ARM.Collect$$libinit$$00000015  c_w.l(libinit2.o)
    0x080001a2   0x00000000   Code   RO         1142    .ARM.Collect$$libinit$$00000017  c_w.l(libinit2.o)
    0x080001a2   0x00000000   Code   RO         1144    .ARM.Collect$$libinit$$00000019  c_w.l(libinit2.o)
    0x080001a2   0x00000000   Code   RO         1146    .ARM.Collect$$libinit$$0000001B  c_w.l(libinit2.o)
    0x080001a2   0x00000000   Code   RO         1148    .ARM.Collect$$libinit$$0000001D  c_w.l(libinit2.o)
    0x080001a2   0x00000000   Code   RO         1150    .ARM.Collect$$libinit$$0000001F  c_w.l(libinit2.o)
    0x080001a2   0x00000000   Code   RO         1152    .ARM.Collect$$libinit$$00000021  c_w.l(libinit2.o)
    0x080001a2   0x00000000   Code   RO         1154    .ARM.Collect$$libinit$$00000023  c_w.l(libinit2.o)
    0x080001a2   0x00000000   Code   RO         1156    .ARM.Collect$$libinit$$00000025  c_w.l(libinit2.o)
    0x080001a2   0x00000000   Code   RO         1160    .ARM.Collect$$libinit$$0000002C  c_w.l(libinit2.o)
    0x080001a2   0x00000000   Code   RO         1162    .ARM.Collect$$libinit$$0000002E  c_w.l(libinit2.o)
    0x080001a2   0x00000000   Code   RO         1164    .ARM.Collect$$libinit$$00000030  c_w.l(libinit2.o)
    0x080001a2   0x00000000   Code   RO         1166    .ARM.Collect$$libinit$$00000032  c_w.l(libinit2.o)
    0x080001a2   0x00000002   Code   RO         1167    .ARM.Collect$$libinit$$00000033  c_w.l(libinit2.o)
    0x080001a4   0x00000002   Code   RO         1197    .ARM.Collect$$libshutdown$$00000000  c_w.l(libshutdown.o)
    0x080001a6   0x00000000   Code   RO         1212    .ARM.Collect$$libshutdown$$00000003  c_w.l(libshutdown2.o)
    0x080001a6   0x00000000   Code   RO         1215    .ARM.Collect$$libshutdown$$00000006  c_w.l(libshutdown2.o)
    0x080001a6   0x00000000   Code   RO         1218    .ARM.Collect$$libshutdown$$00000009  c_w.l(libshutdown2.o)
    0x080001a6   0x00000000   Code   RO         1220    .ARM.Collect$$libshutdown$$0000000B  c_w.l(libshutdown2.o)
    0x080001a6   0x00000000   Code   RO         1223    .ARM.Collect$$libshutdown$$0000000E  c_w.l(libshutdown2.o)
    0x080001a6   0x00000002   Code   RO         1224    .ARM.Collect$$libshutdown$$0000000F  c_w.l(libshutdown2.o)
    0x080001a8   0x00000000   Code   RO          992    .ARM.Collect$$rtentry$$00000000  c_w.l(__rtentry.o)
    0x080001a8   0x00000000   Code   RO         1061    .ARM.Collect$$rtentry$$00000002  c_w.l(__rtentry2.o)
    0x080001a8   0x00000006   Code   RO         1073    .ARM.Collect$$rtentry$$00000004  c_w.l(__rtentry4.o)
    0x080001ae   0x00000000   Code   RO         1063    .ARM.Collect$$rtentry$$00000009  c_w.l(__rtentry2.o)
    0x080001ae   0x00000004   Code   RO         1064    .ARM.Collect$$rtentry$$0000000A  c_w.l(__rtentry2.o)
    0x080001b2   0x00000000   Code   RO         1066    .ARM.Collect$$rtentry$$0000000C  c_w.l(__rtentry2.o)
    0x080001b2   0x00000008   Code   RO         1067    .ARM.Collect$$rtentry$$0000000D  c_w.l(__rtentry2.o)
    0x080001ba   0x00000002   Code   RO         1117    .ARM.Collect$$rtexit$$00000000  c_w.l(rtexit.o)
    0x080001bc   0x00000000   Code   RO         1171    .ARM.Collect$$rtexit$$00000002  c_w.l(rtexit2.o)
    0x080001bc   0x00000004   Code   RO         1172    .ARM.Collect$$rtexit$$00000003  c_w.l(rtexit2.o)
    0x080001c0   0x00000006   Code   RO         1173    .ARM.Collect$$rtexit$$00000004  c_w.l(rtexit2.o)
    0x080001c6   0x00000002   PAD
    0x080001c8   0x00000240   Code   RO            1    .text               main.o
    0x08000408   0x0000001a   Code   RO          159    .text               stm32f10x_it.o
    0x08000422   0x00000002   PAD
    0x08000424   0x000001e0   Code   RO          174    .text               system_stm32f10x.o
    0x08000604   0x00000040   Code   RO          206    .text               startup_stm32f10x_md.o
    0x08000644   0x000000dc   Code   RO          210    .text               misc.o
    0x08000720   0x0000044e   Code   RO          248    .text               stm32f10x_adc.o
    0x08000b6e   0x00000002   PAD
    0x08000b70   0x0000035c   Code   RO          380    .text               stm32f10x_gpio.o
    0x08000ecc   0x000003a4   Code   RO          428    .text               stm32f10x_rcc.o
    0x08001270   0x00000e1a   Code   RO          478    .text               stm32f10x_tim.o
    0x0800208a   0x00000002   PAD
    0x0800208c   0x00000408   Code   RO          490    .text               stm32f10x_usart.o
    0x08002494   0x000000d4   Code   RO          514    .text               delay.o
    0x08002568   0x00000140   Code   RO          544    .text               usart.o
    0x080026a8   0x000000e8   Code   RO          567    .text               adc.o
    0x08002790   0x00000268   Code   RO          579    .text               timer.o
    0x080029f8   0x000007c8   Code   RO          603    .text               oled.o
    0x080031c0   0x000000c8   Code   RO          622    .text               adc_filter.o
    0x08003288   0x000000d0   Code   RO          638    .text               report.o
    0x08003358   0x00000480   Code   RO          670    .text               balance.o
    0x080037d8   0x00000308   Code   RO          690    .text               filter.o
    0x08003ae0   0x0000026c   Code   RO          709    .text               mpuiic.o
    0x08003d4c   0x00000368   Code   RO          778    .text               mpu6050.o
    0x080040b4   0x00000394   Code   RO          790    .text               driver.o
    0x08004448   0x00000002   Code   RO          810    .text               c_w.l(use_no_semi_2.o)
    0x0800444a   0x00000006   Code   RO          872    .text               c_w.l(heapauxi.o)
    0x08004450   0x00000002   Code   RO          990    .text               c_w.l(use_no_semi.o)
    0x08004452   0x00000016   Code   RO          995    .text               c_w.l(_rserrno.o)
    0x08004468   0x00000008   Code   RO         1082    .text               c_w.l(rt_errno_addr_intlibspace.o)
    0x08004470   0x00000008   Code   RO         1098    .text               c_w.l(libspace.o)
    0x08004478   0x0000004a   Code   RO         1101    .text               c_w.l(sys_stackheap_outer.o)
    0x080044c2   0x0000000c   Code   RO         1107    .text               c_w.l(exit.o)
    0x080044ce   0x00000028   Code   RO         1036    i.__ARM_fpclassify  m_ws.l(fpclassify.o)
    0x080044f6   0x00000002   PAD
    0x080044f8   0x00000388   Code   RO         1041    i.__ieee754_rem_pio2  m_ws.l(rred.o)
    0x08004880   0x000000fc   Code   RO         1019    i.__kernel_cos      m_ws.l(cos_i.o)
    0x0800497c   0x000000aa   Code   RO         1038    i.__kernel_poly     m_ws.l(poly.o)
    0x08004a26   0x00000002   PAD
    0x08004a28   0x000000ec   Code   RO         1046    i.__kernel_sin      m_ws.l(sin_i.o)
    0x08004b14   0x00000010   Code   RO         1022    i.__mathlib_dbl_divzero  m_ws.l(dunder.o)
    0x08004b24   0x00000006   Code   RO         1023    i.__mathlib_dbl_infnan  m_ws.l(dunder.o)
    0x08004b2a   0x00000004   Code   RO         1024    i.__mathlib_dbl_infnan2  m_ws.l(dunder.o)
    0x08004b2e   0x0000000c   Code   RO         1025    i.__mathlib_dbl_invalid  m_ws.l(dunder.o)
    0x08004b3a   0x0000000e   Code   RO         1026    i.__mathlib_dbl_overflow  m_ws.l(dunder.o)
    0x08004b48   0x00000010   Code   RO         1028    i.__mathlib_dbl_underflow  m_ws.l(dunder.o)
    0x08004b58   0x00000220   Code   RO          947    i.atan              m_ws.l(atan.o)
    0x08004d78   0x00000180   Code   RO          957    i.atan2             m_ws.l(atan2.o)
    0x08004ef8   0x0000009c   Code   RO          965    i.cos               m_ws.l(cos.o)
    0x08004f94   0x000009b8   Code   RO          973    i.pow               m_ws.l(pow.o)
    0x0800594c   0x000000a0   Code   RO          983    i.sin               m_ws.l(sin.o)
    0x080059ec   0x0000004c   Code   RO         1053    i.sqrt              m_ws.l(sqrt.o)
    0x08005a38   0x00000062   Code   RO          876    x$fpl$d2f           fz_ws.l(d2f.o)
    0x08005a9a   0x00000002   PAD
    0x08005a9c   0x00000150   Code   RO          878    x$fpl$dadd          fz_ws.l(daddsub_clz.o)
    0x08005bec   0x00000010   Code   RO         1092    x$fpl$dcheck1       fz_ws.l(dcheck1.o)
    0x08005bfc   0x00000018   Code   RO         1094    x$fpl$dcmpinf       fz_ws.l(dcmpi.o)
    0x08005c14   0x000002b0   Code   RO          885    x$fpl$ddiv          fz_ws.l(ddiv.o)
    0x08005ec4   0x0000005e   Code   RO          888    x$fpl$dfix          fz_ws.l(dfix.o)
    0x08005f22   0x0000002e   Code   RO          893    x$fpl$dflt          fz_ws.l(dflt_clz.o)
    0x08005f50   0x00000026   Code   RO          892    x$fpl$dfltu         fz_ws.l(dflt_clz.o)
    0x08005f76   0x00000002   PAD
    0x08005f78   0x00000078   Code   RO         1004    x$fpl$dleqf         fz_ws.l(dleqf.o)
    0x08005ff0   0x00000154   Code   RO          898    x$fpl$dmul          fz_ws.l(dmul.o)
    0x08006144   0x0000009c   Code   RO         1006    x$fpl$dnaninf       fz_ws.l(dnaninf.o)
    0x080061e0   0x0000000c   Code   RO         1008    x$fpl$dretinf       fz_ws.l(dretinf.o)
    0x080061ec   0x0000006c   Code   RO          900    x$fpl$drleqf        fz_ws.l(drleqf.o)
    0x08006258   0x00000016   Code   RO          879    x$fpl$drsb          fz_ws.l(daddsub_clz.o)
    0x0800626e   0x00000002   PAD
    0x08006270   0x000001cc   Code   RO         1096    x$fpl$dsqrt         fz_ws.l(dsqrt_noumaal.o)
    0x0800643c   0x000001d4   Code   RO          880    x$fpl$dsub          fz_ws.l(daddsub_clz.o)
    0x08006610   0x00000056   Code   RO          902    x$fpl$f2d           fz_ws.l(f2d.o)
    0x08006666   0x00000002   PAD
    0x08006668   0x000000c4   Code   RO          904    x$fpl$fadd          fz_ws.l(faddsub_clz.o)
    0x0800672c   0x00000018   Code   RO         1010    x$fpl$fcmpinf       fz_ws.l(fcmpi.o)
    0x08006744   0x00000184   Code   RO          911    x$fpl$fdiv          fz_ws.l(fdiv.o)
    0x080068c8   0x00000036   Code   RO          916    x$fpl$ffix          fz_ws.l(ffix.o)
    0x080068fe   0x00000002   PAD
    0x08006900   0x00000030   Code   RO          925    x$fpl$fflt          fz_ws.l(fflt_clz.o)
    0x08006930   0x00000026   Code   RO          924    x$fpl$ffltu         fz_ws.l(fflt_clz.o)
    0x08006956   0x00000002   PAD
    0x08006958   0x00000068   Code   RO          930    x$fpl$fleqf         fz_ws.l(fleqf.o)
    0x080069c0   0x00000102   Code   RO          932    x$fpl$fmul          fz_ws.l(fmul.o)
    0x08006ac2   0x0000008c   Code   RO         1012    x$fpl$fnaninf       fz_ws.l(fnaninf.o)
    0x08006b4e   0x0000000a   Code   RO         1014    x$fpl$fretinf       fz_ws.l(fretinf.o)
    0x08006b58   0x00000062   Code   RO          934    x$fpl$frleqf        fz_ws.l(frleqf.o)
    0x08006bba   0x00000014   Code   RO          905    x$fpl$frsb          fz_ws.l(faddsub_clz.o)
    0x08006bce   0x00000002   PAD
    0x08006bd0   0x000000ea   Code   RO          906    x$fpl$fsub          fz_ws.l(faddsub_clz.o)
    0x08006cba   0x00000064   Code   RO         1115    x$fpl$retnan        fz_ws.l(retnan.o)
    0x08006d1e   0x0000005c   Code   RO         1016    x$fpl$scalbn        fz_ws.l(scalbn.o)
    0x08006d7a   0x00000030   Code   RO         1168    x$fpl$trapveneer    fz_ws.l(trapv.o)
    0x08006daa   0x00000000   Code   RO         1018    x$fpl$usenofp       fz_ws.l(usenofp.o)
    0x08006daa   0x00000818   Data   RO          604    .constdata          oled.o
    0x080075c2   0x00000006   PAD
    0x080075c8   0x00000098   Data   RO          948    .constdata          m_ws.l(atan.o)
    0x08007660   0x00000088   Data   RO          974    .constdata          m_ws.l(pow.o)
    0x080076e8   0x00000030   Data   RO         1020    .constdata          m_ws.l(cos_i.o)
    0x08007718   0x00000008   Data   RO         1040    .constdata          m_ws.l(qnan.o)
    0x08007720   0x000000c8   Data   RO         1043    .constdata          m_ws.l(rred.o)
    0x080077e8   0x00000028   Data   RO         1047    .constdata          m_ws.l(sin_i.o)
    0x08007810   0x00000020   Data   RO         1242    Region$$Table       anon$$obj.o


    Execution Region RW_IRAM1 (Base: 0x20000000, Size: 0x00000b00, Max: 0x00005000, ABSOLUTE, COMPRESSED[0x000000fc])

    Base Addr    Size         Type   Attr      Idx    E Section Name        Object

    0x20000000   0x00000014   Data   RW            2    .data               main.o
    0x20000014   0x00000014   Data   RW          175    .data               system_stm32f10x.o
    0x20000028   0x00000014   Data   RW          429    .data               stm32f10x_rcc.o
    0x2000003c   0x00000004   Data   RW          515    .data               delay.o
    0x20000040   0x00000006   Data   RW          546    .data               usart.o
    0x20000046   0x00000002   PAD
    0x20000048   0x00000030   Data   RW          580    .data               timer.o
    0x20000078   0x000001c0   Data   RW          605    .data               oled.o
    0x20000238   0x00000034   Data   RW          672    .data               balance.o
    0x2000026c   0x00000054   Data   RW          692    .data               filter.o
    0x200002c0   0x00000011   Data   RW          791    .data               driver.o
    0x200002d1   0x00000003   PAD
    0x200002d4   0x000000c8   Zero   RW          545    .bss                usart.o
    0x2000039c   0x00000050   Zero   RW          623    .bss                adc_filter.o
    0x200003ec   0x00000004   PAD
    0x200003f0   0x000000a0   Zero   RW          671    .bss                balance.o
    0x20000490   0x00000010   Zero   RW          691    .bss                filter.o
    0x200004a0   0x00000060   Zero   RW         1099    .bss                c_w.l(libspace.o)
    0x20000500   0x00000200   Zero   RW          204    HEAP                startup_stm32f10x_md.o
    0x20000700   0x00000400   Zero   RW          203    STACK               startup_stm32f10x_md.o


==============================================================================

Image component sizes


      Code (inc. data)   RO Data    RW Data    ZI Data      Debug   Object Name

       232          8          0          0          0       1087   adc.o
       200         10          0          0         80       1597   adc_filter.o
      1152         92          0         52        160       2344   balance.o
         0          0          0          0          0         32   core_cm3.o
       212         18          0          4          0       1059   delay.o
       916         52          0         17          0       2933   driver.o
       776         86          0         84         16       2000   filter.o
       576         48          0         20          0     250946   main.o
       220         22          0          0          0     214305   misc.o
       872         18          0          0          0       4239   mpu6050.o
       620         14          0          0          0       2074   mpuiic.o
      1992         44       2072        448          0       7394   oled.o
       208          6          0          0          0       1680   report.o
        64         26        236          0       1536        796   startup_stm32f10x_md.o
      1102         26          0          0          0      10869   stm32f10x_adc.o
       860         38          0          0          0       5681   stm32f10x_gpio.o
        26          0          0          0          0       1198   stm32f10x_it.o
       932         36          0         20          0       8872   stm32f10x_rcc.o
      3610         88          0          0          0      22164   stm32f10x_tim.o
      1032         22          0          0          0       8404   stm32f10x_usart.o
       480         38          0         20          0       1791   system_stm32f10x.o
       616         74          0         48          0       1638   timer.o
       320         16          0          6        200       3198   usart.o

    ----------------------------------------------------------------------
     17024        782       2346        724       1996     556301   Object Totals
         0          0         32          0          0          0   (incl. Generated)
         6          0          6          5          4          0   (incl. Padding)

    ----------------------------------------------------------------------

      Code (inc. data)   RO Data    RW Data    ZI Data      Debug   Library Member Name

        90          0          0          0          0          0   __dczerorl2.o
         8          0          0          0          0         68   __main.o
         0          0          0          0          0          0   __rtentry.o
        12          0          0          0          0          0   __rtentry2.o
         6          0          0          0          0          0   __rtentry4.o
        52          8          0          0          0          0   __scatter.o
        28          0          0          0          0          0   __scatter_zi.o
        22          0          0          0          0        100   _rserrno.o
        12          0          0          0          0         72   exit.o
         6          0          0          0          0        152   heapauxi.o
         2          0          0          0          0          0   libinit.o
         2          0          0          0          0          0   libinit2.o
         2          0          0          0          0          0   libshutdown.o
         2          0          0          0          0          0   libshutdown2.o
         8          4          0          0         96         68   libspace.o
         8          4          0          0          0         68   rt_errno_addr_intlibspace.o
         2          0          0          0          0          0   rtexit.o
        10          0          0          0          0          0   rtexit2.o
        74          0          0          0          0         80   sys_stackheap_outer.o
         2          0          0          0          0         68   use_no_semi.o
         2          0          0          0          0         68   use_no_semi_2.o
        98          4          0          0          0         92   d2f.o
       826         16          0          0          0        348   daddsub_clz.o
        16          4          0          0          0         68   dcheck1.o
        24          0          0          0          0         68   dcmpi.o
       688        140          0          0          0        208   ddiv.o
        94          4          0          0          0         92   dfix.o
        84          0          0          0          0        136   dflt_clz.o
       120          4          0          0          0         92   dleqf.o
       340         12          0          0          0        104   dmul.o
       156          4          0          0          0         92   dnaninf.o
        12          0          0          0          0         68   dretinf.o
       108          0          0          0          0         80   drleqf.o
       460         56          0          0          0        120   dsqrt_noumaal.o
        86          4          0          0          0         84   f2d.o
       450          8          0          0          0        236   faddsub_clz.o
        24          0          0          0          0         68   fcmpi.o
       388         76          0          0          0         96   fdiv.o
        54          4          0          0          0         84   ffix.o
        86          0          0          0          0        136   fflt_clz.o
       104          4          0          0          0         84   fleqf.o
       258          4          0          0          0         84   fmul.o
       140          4          0          0          0         84   fnaninf.o
        10          0          0          0          0         68   fretinf.o
        98          0          0          0          0         68   frleqf.o
       100          0          0          0          0         68   retnan.o
        92          0          0          0          0         68   scalbn.o
        48          0          0          0          0         68   trapv.o
         0          0          0          0          0          0   usenofp.o
       544         70        152          0          0        124   atan.o
       384         38          0          0          0        144   atan2.o
       156          8          0          0          0        104   cos.o
       252         22         48          0          0        124   cos_i.o
        68         10          0          0          0        408   dunder.o
        40          0          0          0          0         68   fpclassify.o
       170          0          0          0          0         96   poly.o
      2488        190        136          0          0        300   pow.o
         0          0          8          0          0          0   qnan.o
       904         76        200          0          0        140   rred.o
       160         10          0          0          0        108   sin.o
       236         12         40          0          0        128   sin_i.o
        76          0          0          0          0         84   sqrt.o

    ----------------------------------------------------------------------
     10814        800        584          0         96       5436   Library Totals
        22          0          0          0          0          0   (incl. Padding)

    ----------------------------------------------------------------------

      Code (inc. data)   RO Data    RW Data    ZI Data      Debug   Library Name

       350         16          0          0         96        744   c_w.l
      4964        348          0          0          0       2864   fz_ws.l
      5478        436        584          0          0       1828   m_ws.l

    ----------------------------------------------------------------------
     10814        800        584          0         96       5436   Library Totals

    ----------------------------------------------------------------------

==============================================================================


      Code (inc. data)   RO Data    RW Data    ZI Data      Debug   

     27838       1582       2930        724       2092     557313   Grand Totals
     27838       1582       2930        252       2092     557313   ELF Image Totals (compressed)
     27838       1582       2930        252          0          0   ROM Totals

==============================================================================

    Total RO  Size (Code + RO Data)                30768 (  30.05kB)
    Total RW  Size (RW Data + ZI Data)              2816 (   2.75kB)
    Total ROM Size (Code + RO Data + RW Data)      31020 (  30.29kB)

==============================================================================

