<html>
<body>
<pre>
<h1>µVision Build Log</h1>
<h2>Tool Versions:</h2>
IDE-Version: ¦ÌVision V5.21.1.0
Copyright (C) 2016 ARM Ltd and ARM Germany GmbH. All rights reserved.
License Information: Èø·¨É³·¢ ccchenji, agseag, LIC=MGXEV-P7TTS-PG57L-0BH2H-96MJB-L6QE8
 
Tool Versions:
Toolchain:       MDK-ARM Professional  Version: 5.21a
Toolchain Path:  F:\keil5\ARM\ARMCC\Bin
C Compiler:      Armcc.exe V5.06 update 3 (build 300)
Assembler:       Armasm.exe V5.06 update 3 (build 300)
Linker/Locator:  ArmLink.exe V5.06 update 3 (build 300)
Library Manager: ArmAr.exe V5.06 update 3 (build 300)
Hex Converter:   FromElf.exe V5.06 update 3 (build 300)
CPU DLL:         SARMCM3.DLL V5.21a
Dialog DLL:      DCM.DLL V1.13.8.0
Target DLL:      Segger\JL2CM3.dll V2.99.23.0
Dialog DLL:      TCM.DLL V1.14.14.0
 
<h2>Project:</h2>
C:\Users\ccchenji\Desktop\FDC2214_STM32\Project\FDC2214_STM32.uvprojx
Project File Date:  07/20/2018

<h2>Output:</h2>
*** Using Compiler 'V5.06 update 3 (build 300)', folder: 'F:\keil5\ARM\ARMCC\Bin'
Build target 'Target 1'
compiling main.c...
..\USER\main.c(14): warning:  #550-D: variable "fre2" was set but never used
      uint32_t fre0, fre1, fre2, fre3;
..\USER\main.c(14): warning:  #550-D: variable "fre3" was set but never used
      uint32_t fre0, fre1, fre2, fre3;
..\USER\main.c: 2 warnings, 0 errors
linking...
Program Size: Code=4728 RO-data=336 RW-data=112 ZI-data=1056  
".\Objects\FDC2214_STM32.axf" - 0 Error(s), 2 Warning(s).

<h2>Collection of Component include folders:</h2>
  C:\Users\ccchenji\Desktop\FDC2214_STM32\Project\RTE
  F:\keil5\ARM\PACK\Keil\STM32F1xx_DFP\1.0.5\Device\Include

<h2>Collection of Component Files used:</h2>
Build Time Elapsed:  00:00:01
</pre>
</body>
</html>
