<html>
<body>
<pre>
<h1>µVision Build Log</h1>
<h2>Project:</h2>
F:\stm32\project\Ðý×ª°Ú2\Ðý×ª°Ú\USER\oled mpu6050.uvproj
Project File Date:  07/20/2016

<h2>Output:</h2>
Build target 'Target 1'
compiling stm32f10x_it.c...
compiling system_stm32f10x.c...
compiling oled.c...
compiling beep.c...
compiling key.c...
compiling DataScope_DP.C...
compiling inv_mpu.c...
compiling inv_mpu_dmp_motion_driver.c...
compiling filter.c...
compiling IOI2C.c...
compiling MPU6050.c...
compiling timer.c...
compiling led.c...
compiling delay.c...
compiling sys.c...
compiling main.c...
compiling usart.c...
compiling core_cm3.c...
assembling startup_stm32f10x_hd.s...
compiling misc.c...
compiling stm32f10x_gpio.c...
compiling stm32f10x_rcc.c...
compiling stm32f10x_usart.c...
compiling stm32f10x_tim.c...
linking...
Program Size: Code=46454 RO-data=6338 RW-data=3800 ZI-data=2048  
FromELF: creating hex file...
"..\OBJ\ziyoubai.axf" - 0 Error(s), 0 Warning(s).
Load "..\\OBJ\\ziyoubai.axf" 
Internal DLL Error
Error: Flash Download failed  -  Target DLL has been cancelled
Load "..\\OBJ\\ziyoubai.axf" 
Error: Flash Download failed  -  Target DLL has been cancelled
Load "..\\OBJ\\ziyoubai.axf" 
Erase Done.
Programming Done.
Verify OK.
Application running ...
</pre>
</body>
</html>
